<html>
<body>
<pre>
<h1>µVision Build Log</h1>
<h2>Project:</h2>
D:\MCU_Project\MCU_STM32\´®¿ÚÊä³öMPU-3050\´®¿Ú\lunzhou.uvproj
Project File Date:  10/09/2011

<h2>Output:</h2>
Build target 'Target 1'
compiling main.c...
linking...
Program Size: Code=6632 RO-data=336 RW-data=48 ZI-data=1632  
FromELF: creating hex file...
"lunzhou.axf" - 0 Error(s), 0 Warning(s).
Build target 'Target 1'
compiling main.c...
SRC\main.c(600): error:  #165: too few arguments in function call
SRC\main.c(601): error:  #165: too few arguments in function call
SRC\main.c(602): error:  #165: too few arguments in function call
SRC\main.c(603): error:  #165: too few arguments in function call
SRC\main.c(604): error:  #165: too few arguments in function call
SRC\main.c(655): warning:  #223-D: function "Init_MPU3050" declared implicitly
Target not created
Build target 'Target 1'
compiling main.c...
SRC\main.c(655): warning:  #223-D: function "Init_MPU3050" declared implicitly
linking...
lunzhou.axf: Error: L6218E: Undefined symbol Init_MPU3050 (referred from main.o).
Target not created
Build target 'Target 1'
compiling main.c...
SRC\main.c(650): warning:  #223-D: function "Init_MPU3050" declared implicitly
linking...
lunzhou.axf: Error: L6218E: Undefined symbol Init_MPU3050 (referred from main.o).
Target not created
Build target 'Target 1'
compiling main.c...
linking...
Program Size: Code=9512 RO-data=336 RW-data=40 ZI-data=1648  
FromELF: creating hex file...
"lunzhou.axf" - 0 Error(s), 0 Warning(s).
Build target 'Target 1'
compiling main.c...
linking...
Program Size: Code=9512 RO-data=336 RW-data=40 ZI-data=1648  
FromELF: creating hex file...
"lunzhou.axf" - 0 Error(s), 0 Warning(s).
Build target 'Target 1'
compiling main.c...
linking...
Program Size: Code=9512 RO-data=336 RW-data=40 ZI-data=1648  
FromELF: creating hex file...
"lunzhou.axf" - 0 Error(s), 0 Warning(s).
Build target 'Target 1'
compiling main.c...
linking...
Program Size: Code=9512 RO-data=336 RW-data=40 ZI-data=1648  
FromELF: creating hex file...
"lunzhou.axf" - 0 Error(s), 0 Warning(s).
Build target 'Target 1'
compiling main.c...
linking...
Program Size: Code=9512 RO-data=336 RW-data=40 ZI-data=1648  
FromELF: creating hex file...
"lunzhou.axf" - 0 Error(s), 0 Warning(s).
Build target 'Target 1'
compiling main.c...
linking...
Program Size: Code=9512 RO-data=336 RW-data=40 ZI-data=1648  
FromELF: creating hex file...
"lunzhou.axf" - 0 Error(s), 0 Warning(s).
Build target 'Target 1'
compiling main.c...
linking...
Program Size: Code=9512 RO-data=336 RW-data=40 ZI-data=1648  
FromELF: creating hex file...
"lunzhou.axf" - 0 Error(s), 0 Warning(s).
Build target 'Target 1'
compiling main.c...
linking...
Program Size: Code=9316 RO-data=336 RW-data=40 ZI-data=1648  
FromELF: creating hex file...
"lunzhou.axf" - 0 Error(s), 0 Warning(s).
Build target 'Target 1'
compiling main.c...
linking...
Program Size: Code=9316 RO-data=336 RW-data=40 ZI-data=1648  
FromELF: creating hex file...
"lunzhou.axf" - 0 Error(s), 0 Warning(s).
Build target 'Target 1'
compiling main.c...
linking...
Program Size: Code=9316 RO-data=336 RW-data=40 ZI-data=1648  
FromELF: creating hex file...
"lunzhou.axf" - 0 Error(s), 0 Warning(s).
