Component: ARM Compiler 5.05 update 1 (build 106) Tool: armlink [4d0efa]

==============================================================================

Section Cross References

    startup_stm32f10x_hd.o(RESET) refers to startup_stm32f10x_hd.o(STACK) for __initial_sp
    startup_stm32f10x_hd.o(RESET) refers to startup_stm32f10x_hd.o(.text) for Reset_Handler
    startup_stm32f10x_hd.o(RESET) refers to stm32f10x_it.o(.text) for NMI_Handler
    startup_stm32f10x_hd.o(.text) refers to system_stm32f10x.o(.text) for SystemInit
    startup_stm32f10x_hd.o(.text) refers to entry.o(.ARM.Collect$$$$00000000) for __main
    system_stm32f10x.o(.text) refers to system_stm32f10x.o(.data) for SystemCoreClock
    stm32f10x_adc.o(.text) refers to stm32f10x_rcc.o(.text) for RCC_APB2PeriphResetCmd
    stm32f10x_bkp.o(.text) refers to stm32f10x_rcc.o(.text) for RCC_BackupResetCmd
    stm32f10x_can.o(.text) refers to stm32f10x_rcc.o(.text) for RCC_APB1PeriphResetCmd
    stm32f10x_cec.o(.text) refers to stm32f10x_rcc.o(.text) for RCC_APB1PeriphResetCmd
    stm32f10x_dac.o(.text) refers to stm32f10x_rcc.o(.text) for RCC_APB1PeriphResetCmd
    stm32f10x_gpio.o(.text) refers to stm32f10x_rcc.o(.text) for RCC_APB2PeriphResetCmd
    stm32f10x_i2c.o(.text) refers to stm32f10x_rcc.o(.text) for RCC_APB1PeriphResetCmd
    stm32f10x_pwr.o(.text) refers to stm32f10x_rcc.o(.text) for RCC_APB1PeriphResetCmd
    stm32f10x_rcc.o(.text) refers to stm32f10x_rcc.o(.data) for APBAHBPrescTable
    stm32f10x_spi.o(.text) refers to stm32f10x_rcc.o(.text) for RCC_APB2PeriphResetCmd
    stm32f10x_tim.o(.text) refers to stm32f10x_rcc.o(.text) for RCC_APB2PeriphResetCmd
    stm32f10x_usart.o(.text) refers to stm32f10x_rcc.o(.text) for RCC_APB2PeriphResetCmd
    stm32f10x_wwdg.o(.text) refers to stm32f10x_rcc.o(.text) for RCC_APB1PeriphResetCmd
    main.o(.text) refers to stm32f10x_usart.o(.text) for USART_GetFlagStatus
    main.o(.text) refers to fmul.o(.text) for __aeabi_fmul
    main.o(.text) refers to ffixi.o(.text) for __aeabi_f2iz
    main.o(.text) refers to empl_outputs.o(.text) for inv_get_sensor_type_quat
    main.o(.text) refers to log_stm32.o(.text) for eMPL_send_quat
    main.o(.text) refers to dflti.o(.text) for __aeabi_i2d
    main.o(.text) refers to dmul.o(.text) for __aeabi_dmul
    main.o(.text) refers to ddiv.o(.text) for __aeabi_ddiv
    main.o(.text) refers to d2f.o(.text) for __aeabi_d2f
    main.o(.text) refers to f2d.o(.text) for __aeabi_f2d
    main.o(.text) refers to printfa.o(i.__0sprintf) for __2sprintf
    main.o(.text) refers to bsp_ili9341_lcd.o(.text) for ILI9341_DispString_EN
    main.o(.text) refers to main.o(.bss) for hal
    main.o(.text) refers to data_builder.o(.bss) for sensors
    main.o(.text) refers to inv_mpu.o(.text) for mpu_get_temperature
    main.o(.text) refers to bsp_systick.o(.text) for get_tick_count
    main.o(.text) refers to inv_mpu_dmp_motion_driver.o(.text) for dmp_get_pedometer_step_count
    main.o(.text) refers to hal_outputs.o(.text) for inv_get_sensor_type_linear_acceleration
    main.o(.text) refers to message_layer.o(.text) for inv_get_message_level_0
    main.o(.text) refers to data_builder.o(.text) for inv_set_accel_sample_rate
    main.o(.text) refers to fflti.o(.text) for __aeabi_i2f
    main.o(.text) refers to fdiv.o(.text) for __aeabi_fdiv
    main.o(.text) refers to bsp_led.o(.text) for LED_GPIO_Config
    main.o(.text) refers to bsp_usart.o(.text) for USART_Config
    main.o(.text) refers to bsp_exti.o(.text) for EXTI_Pxy_Config
    main.o(.text) refers to fonts.o(.data) for Font8x16
    main.o(.text) refers to bsp_i2c.o(.text) for I2C_Bus_Init
    main.o(.text) refers to printfa.o(i.__0printf) for __2printf
    main.o(.text) refers to mpl.o(.text) for inv_init_mpl
    main.o(.text) refers to quaternion_supervisor.o(.text) for inv_enable_quaternion
    main.o(.text) refers to fusion_9axis.o(.text) for inv_enable_9x_sensor_fusion
    main.o(.text) refers to fast_no_motion.o(.text) for inv_enable_fast_nomot
    main.o(.text) refers to gyro_tc.o(.text) for inv_enable_gyro_tc
    main.o(.text) refers to ml_math_func.o(.text) for inv_orientation_matrix_to_scalar
    main.o(.text) refers to main.o(.data) for gyro_pdata
    main.o(.data) refers to main.o(.conststring) for .conststring
    stm32f10x_it.o(.text) refers to bsp_systick.o(.text) for TimingDelay_Decrement
    stm32f10x_it.o(.text) refers to stm32f10x_exti.o(.text) for EXTI_GetITStatus
    stm32f10x_it.o(.text) refers to main.o(.text) for gyro_data_ready_cb
    stm32f10x_it.o(.text) refers to stm32f10x_it.o(.data) for Task_Delay
    bsp_led.o(.text) refers to stm32f10x_rcc.o(.text) for RCC_APB2PeriphClockCmd
    bsp_led.o(.text) refers to stm32f10x_gpio.o(.text) for GPIO_Init
    bsp_systick.o(.text) refers to system_stm32f10x.o(.data) for SystemCoreClock
    bsp_systick.o(.text) refers to bsp_systick.o(.data) for TimingDelay
    bsp_exti.o(.text) refers to misc.o(.text) for NVIC_PriorityGroupConfig
[...]
    __main_after_scatterload                 0x08000139   Thumb Code     0  entry5.o(.ARM.Collect$$$$00000004)
    _main_clock                              0x08000139   Thumb Code     0  entry7b.o(.ARM.Collect$$$$00000008)
    _main_cpp_init                           0x08000139   Thumb Code     0  entry8b.o(.ARM.Collect$$$$0000000A)
    _main_init                               0x08000139   Thumb Code     0  entry9a.o(.ARM.Collect$$$$0000000B)
    __rt_final_cpp                           0x08000141   Thumb Code     0  entry10a.o(.ARM.Collect$$$$0000000D)
    __rt_final_exit                          0x08000141   Thumb Code     0  entry11a.o(.ARM.Collect$$$$0000000F)
    Reset_Handler                            0x08000145   Thumb Code     8  startup_stm32f10x_hd.o(.text)
    ADC1_2_IRQHandler                        0x0800015f   Thumb Code     0  startup_stm32f10x_hd.o(.text)
    ADC3_IRQHandler                          0x0800015f   Thumb Code     0  startup_stm32f10x_hd.o(.text)
    CAN1_RX1_IRQHandler                      0x0800015f   Thumb Code     0  startup_stm32f10x_hd.o(.text)
    CAN1_SCE_IRQHandler                      0x0800015f   Thumb Code     0  startup_stm32f10x_hd.o(.text)
    DMA1_Channel1_IRQHandler                 0x0800015f   Thumb Code     0  startup_stm32f10x_hd.o(.text)
    DMA1_Channel2_IRQHandler                 0x0800015f   Thumb Code     0  startup_stm32f10x_hd.o(.text)
    DMA1_Channel3_IRQHandler                 0x0800015f   Thumb Code     0  startup_stm32f10x_hd.o(.text)
    DMA1_Channel4_IRQHandler                 0x0800015f   Thumb Code     0  startup_stm32f10x_hd.o(.text)
    DMA1_Channel5_IRQHandler                 0x0800015f   Thumb Code     0  startup_stm32f10x_hd.o(.text)
    DMA1_Channel6_IRQHandler                 0x0800015f   Thumb Code     0  startup_stm32f10x_hd.o(.text)
    DMA1_Channel7_IRQHandler                 0x0800015f   Thumb Code     0  startup_stm32f10x_hd.o(.text)
    DMA2_Channel1_IRQHandler                 0x0800015f   Thumb Code     0  startup_stm32f10x_hd.o(.text)
    DMA2_Channel2_IRQHandler                 0x0800015f   Thumb Code     0  startup_stm32f10x_hd.o(.text)
    DMA2_Channel3_IRQHandler                 0x0800015f   Thumb Code     0  startup_stm32f10x_hd.o(.text)
    DMA2_Channel4_5_IRQHandler               0x0800015f   Thumb Code     0  startup_stm32f10x_hd.o(.text)
    EXTI0_IRQHandler                         0x0800015f   Thumb Code     0  startup_stm32f10x_hd.o(.text)
    EXTI15_10_IRQHandler                     0x0800015f   Thumb Code     0  startup_stm32f10x_hd.o(.text)
    EXTI1_IRQHandler                         0x0800015f   Thumb Code     0  startup_stm32f10x_hd.o(.text)
    EXTI2_IRQHandler                         0x0800015f   Thumb Code     0  startup_stm32f10x_hd.o(.text)
    EXTI3_IRQHandler                         0x0800015f   Thumb Code     0  startup_stm32f10x_hd.o(.text)
    EXTI4_IRQHandler                         0x0800015f   Thumb Code     0  startup_stm32f10x_hd.o(.text)
    FLASH_IRQHandler                         0x0800015f   Thumb Code     0  startup_stm32f10x_hd.o(.text)
    FSMC_IRQHandler                          0x0800015f   Thumb Code     0  startup_stm32f10x_hd.o(.text)
    I2C1_ER_IRQHandler                       0x0800015f   Thumb Code     0  startup_stm32f10x_hd.o(.text)
    I2C1_EV_IRQHandler                       0x0800015f   Thumb Code     0  startup_stm32f10x_hd.o(.text)
    I2C2_ER_IRQHandler                       0x0800015f   Thumb Code     0  startup_stm32f10x_hd.o(.text)
    I2C2_EV_IRQHandler                       0x0800015f   Thumb Code     0  startup_stm32f10x_hd.o(.text)
    PVD_IRQHandler                           0x0800015f   Thumb Code     0  startup_stm32f10x_hd.o(.text)
    RCC_IRQHandler                           0x0800015f   Thumb Code     0  startup_stm32f10x_hd.o(.text)
    RTCAlarm_IRQHandler                      0x0800015f   Thumb Code     0  startup_stm32f10x_hd.o(.text)
    RTC_IRQHandler                           0x0800015f   Thumb Code     0  startup_stm32f10x_hd.o(.text)
    SDIO_IRQHandler                          0x0800015f   Thumb Code     0  startup_stm32f10x_hd.o(.text)
    SPI1_IRQHandler                          0x0800015f   Thumb Code     0  startup_stm32f10x_hd.o(.text)
    SPI2_IRQHandler                          0x0800015f   Thumb Code     0  startup_stm32f10x_hd.o(.text)
    SPI3_IRQHandler                          0x0800015f   Thumb Code     0  startup_stm32f10x_hd.o(.text)
    TAMPER_IRQHandler                        0x0800015f   Thumb Code     0  startup_stm32f10x_hd.o(.text)
    TIM1_BRK_IRQHandler                      0x0800015f   Thumb Code     0  startup_stm32f10x_hd.o(.text)
    TIM1_CC_IRQHandler                       0x0800015f   Thumb Code     0  startup_stm32f10x_hd.o(.text)
    TIM1_TRG_COM_IRQHandler                  0x0800015f   Thumb Code     0  startup_stm32f10x_hd.o(.text)
    TIM1_UP_IRQHandler                       0x0800015f   Thumb Code     0  startup_stm32f10x_hd.o(.text)
    TIM2_IRQHandler                          0x0800015f   Thumb Code     0  startup_stm32f10x_hd.o(.text)
    TIM3_IRQHandler                          0x0800015f   Thumb Code     0  startup_stm32f10x_hd.o(.text)
    TIM4_IRQHandler                          0x0800015f   Thumb Code     0  startup_stm32f10x_hd.o(.text)
    TIM5_IRQHandler                          0x0800015f   Thumb Code     0  startup_stm32f10x_hd.o(.text)
    TIM6_IRQHandler                          0x0800015f   Thumb Code     0  startup_stm32f10x_hd.o(.text)
    TIM7_IRQHandler                          0x0800015f   Thumb Code     0  startup_stm32f10x_hd.o(.text)
    TIM8_BRK_IRQHandler                      0x0800015f   Thumb Code     0  startup_stm32f10x_hd.o(.text)
    TIM8_CC_IRQHandler                       0x0800015f   Thumb Code     0  startup_stm32f10x_hd.o(.text)
    TIM8_TRG_COM_IRQHandler                  0x0800015f   Thumb Code     0  startup_stm32f10x_hd.o(.text)
    TIM8_UP_IRQHandler                       0x0800015f   Thumb Code     0  startup_stm32f10x_hd.o(.text)
    UART4_IRQHandler                         0x0800015f   Thumb Code     0  startup_stm32f10x_hd.o(.text)
    UART5_IRQHandler                         0x0800015f   Thumb Code     0  startup_stm32f10x_hd.o(.text)
    USART1_IRQHandler                        0x0800015f   Thumb Code     0  startup_stm32f10x_hd.o(.text)
    USART2_IRQHandler                        0x0800015f   Thumb Code     0  startup_stm32f10x_hd.o(.text)
    USART3_IRQHandler                        0x0800015f   Thumb Code     0  startup_stm32f10x_hd.o(.text)
    USBWakeUp_IRQHandler                     0x0800015f   Thumb Code     0  startup_stm32f10x_hd.o(.text)
    USB_HP_CAN1_TX_IRQHandler                0x0800015f   Thumb Code     0  startup_stm32f10x_hd.o(.text)
    USB_LP_CAN1_RX0_IRQHandler               0x0800015f   Thumb Code     0  startup_stm32f10x_hd.o(.text)
    WWDG_IRQHandler                          0x0800015f   Thumb Code     0  startup_stm32f10x_hd.o(.text)
    SystemInit                               0x08000247   Thumb Code    78  system_stm32f10x.o(.text)
    SystemCoreClockUpdate                    0x08000295   Thumb Code   142  system_stm32f10x.o(.text)
    NVIC_PriorityGroupConfig                 0x08000349   Thumb Code    10  misc.o(.text)
    NVIC_Init                                0x08000353   Thumb Code   100  misc.o(.text)
    NVIC_SetVectorTable                      0x080003b7   Thumb Code    14  misc.o(.text)
    NVIC_SystemLPConfig                      0x080003c5   Thumb Code    34  misc.o(.text)
    SysTick_CLKSourceConfig                  0x080003e7   Thumb Code    40  misc.o(.text)
    EXTI_DeInit                              0x08000425   Thumb Code    28  stm32f10x_exti.o(.text)
    EXTI_Init                                0x08000441   Thumb Code   142  stm32f10x_exti.o(.text)
    EXTI_StructInit                          0x080004cf   Thumb Code    16  stm32f10x_exti.o(.text)
    EXTI_GenerateSWInterrupt                 0x080004df   Thumb Code    16  stm32f10x_exti.o(.text)
    EXTI_GetFlagStatus                       0x080004ef   Thumb Code    22  stm32f10x_exti.o(.text)
    EXTI_ClearFlag                           0x08000505   Thumb Code     8  stm32f10x_exti.o(.text)
    EXTI_GetITStatus                         0x0800050d   Thumb Code    34  stm32f10x_exti.o(.text)
    EXTI_ClearITPendingBit                   0x0800052f   Thumb Code     8  stm32f10x_exti.o(.text)
    FSMC_NORSRAMDeInit                       0x08000541   Thumb Code    54  stm32f10x_fsmc.o(.text)
    FSMC_NANDDeInit                          0x08000577   Thumb Code    62  stm32f10x_fsmc.o(.text)
    FSMC_PCCARDDeInit                        0x080005b5   Thumb Code    36  stm32f10x_fsmc.o(.text)
    FSMC_NORSRAMInit                         0x080005d9   Thumb Code   230  stm32f10x_fsmc.o(.text)
    FSMC_NANDInit                            0x080006bf   Thumb Code   132  stm32f10x_fsmc.o(.text)
    FSMC_PCCARDInit                          0x08000743   Thumb Code   130  stm32f10x_fsmc.o(.text)
    FSMC_NORSRAMStructInit                   0x080007c5   Thumb Code   114  stm32f10x_fsmc.o(.text)
    FSMC_NANDStructInit                      0x08000837   Thumb Code    54  stm32f10x_fsmc.o(.text)
    FSMC_PCCARDStructInit                    0x0800086d   Thumb Code    60  stm32f10x_fsmc.o(.text)
    FSMC_NORSRAMCmd                          0x080008a9   Thumb Code    46  stm32f10x_fsmc.o(.text)
    FSMC_NANDCmd                             0x080008d7   Thumb Code    86  stm32f10x_fsmc.o(.text)
    FSMC_PCCARDCmd                           0x0800092d   Thumb Code    44  stm32f10x_fsmc.o(.text)
    FSMC_NANDECCCmd                          0x08000959   Thumb Code    90  stm32f10x_fsmc.o(.text)
    FSMC_GetECC                              0x080009b3   Thumb Code    24  stm32f10x_fsmc.o(.text)
    FSMC_ITConfig                            0x080009cb   Thumb Code   128  stm32f10x_fsmc.o(.text)
    FSMC_GetFlagStatus                       0x08000a4b   Thumb Code    54  stm32f10x_fsmc.o(.text)
    FSMC_ClearFlag                           0x08000a81   Thumb Code    62  stm32f10x_fsmc.o(.text)
    FSMC_GetITStatus                         0x08000abf   Thumb Code    64  stm32f10x_fsmc.o(.text)
    FSMC_ClearITPendingBit                   0x08000aff   Thumb Code    68  stm32f10x_fsmc.o(.text)
    GPIO_DeInit                              0x08000b4d   Thumb Code   172  stm32f10x_gpio.o(.text)
    GPIO_AFIODeInit                          0x08000bf9   Thumb Code    20  stm32f10x_gpio.o(.text)
    GPIO_Init                                0x08000c0d   Thumb Code   278  stm32f10x_gpio.o(.text)
    GPIO_StructInit                          0x08000d23   Thumb Code    16  stm32f10x_gpio.o(.text)
    GPIO_ReadInputDataBit                    0x08000d33   Thumb Code    18  stm32f10x_gpio.o(.text)
    GPIO_ReadInputData                       0x08000d45   Thumb Code     8  stm32f10x_gpio.o(.text)
    GPIO_ReadOutputDataBit                   0x08000d4d   Thumb Code    18  stm32f10x_gpio.o(.text)
    GPIO_ReadOutputData                      0x08000d5f   Thumb Code     8  stm32f10x_gpio.o(.text)
    GPIO_SetBits                             0x08000d67   Thumb Code     4  stm32f10x_gpio.o(.text)
    GPIO_ResetBits                           0x08000d6b   Thumb Code     4  stm32f10x_gpio.o(.text)
    GPIO_WriteBit                            0x08000d6f   Thumb Code    10  stm32f10x_gpio.o(.text)
    GPIO_Write                               0x08000d79   Thumb Code     4  stm32f10x_gpio.o(.text)
    GPIO_PinLockConfig                       0x08000d7d   Thumb Code    18  stm32f10x_gpio.o(.text)
    GPIO_EventOutputConfig                   0x08000d8f   Thumb Code    26  stm32f10x_gpio.o(.text)
    GPIO_EventOutputCmd                      0x08000da9   Thumb Code     6  stm32f10x_gpio.o(.text)
    GPIO_PinRemapConfig                      0x08000daf   Thumb Code   138  stm32f10x_gpio.o(.text)
    GPIO_EXTILineConfig                      0x08000e39   Thumb Code    66  stm32f10x_gpio.o(.text)
    GPIO_ETH_MediaInterfaceConfig            0x08000e7b   Thumb Code     8  stm32f10x_gpio.o(.text)
    RCC_DeInit                               0x08000ea9   Thumb Code    64  stm32f10x_rcc.o(.text)
    RCC_HSEConfig                            0x08000ee9   Thumb Code    70  stm32f10x_rcc.o(.text)
    RCC_GetFlagStatus                        0x08000f2f   Thumb Code    56  stm32f10x_rcc.o(.text)
    RCC_WaitForHSEStartUp                    0x08000f67   Thumb Code    56  stm32f10x_rcc.o(.text)
    RCC_AdjustHSICalibrationValue            0x08000f9f   Thumb Code    20  stm32f10x_rcc.o(.text)
    RCC_HSICmd                               0x08000fb3   Thumb Code     6  stm32f10x_rcc.o(.text)
    RCC_PLLConfig                            0x08000fb9   Thumb Code    24  stm32f10x_rcc.o(.text)
    RCC_PLLCmd                               0x08000fd1   Thumb Code     6  stm32f10x_rcc.o(.text)
    RCC_SYSCLKConfig                         0x08000fd7   Thumb Code    18  stm32f10x_rcc.o(.text)
    RCC_GetSYSCLKSource                      0x08000fe9   Thumb Code    10  stm32f10x_rcc.o(.text)
    RCC_HCLKConfig                           0x08000ff3   Thumb Code    18  stm32f10x_rcc.o(.text)
    RCC_PCLK1Config                          0x08001005   Thumb Code    18  stm32f10x_rcc.o(.text)
    RCC_PCLK2Config                          0x08001017   Thumb Code    20  stm32f10x_rcc.o(.text)
    RCC_ITConfig                             0x0800102b   Thumb Code    26  stm32f10x_rcc.o(.text)
    RCC_USBCLKConfig                         0x08001045   Thumb Code     8  stm32f10x_rcc.o(.text)
    RCC_ADCCLKConfig                         0x0800104d   Thumb Code    18  stm32f10x_rcc.o(.text)
    RCC_LSEConfig                            0x0800105f   Thumb Code    50  stm32f10x_rcc.o(.text)
    RCC_LSICmd                               0x08001091   Thumb Code     6  stm32f10x_rcc.o(.text)
    RCC_RTCCLKConfig                         0x08001097   Thumb Code    12  stm32f10x_rcc.o(.text)
    RCC_RTCCLKCmd                            0x080010a3   Thumb Code     8  stm32f10x_rcc.o(.text)
    RCC_GetClocksFreq                        0x080010ab   Thumb Code   192  stm32f10x_rcc.o(.text)
    RCC_AHBPeriphClockCmd                    0x0800116b   Thumb Code    26  stm32f10x_rcc.o(.text)
    RCC_APB2PeriphClockCmd                   0x08001185   Thumb Code    26  stm32f10x_rcc.o(.text)
    RCC_APB1PeriphClockCmd                   0x0800119f   Thumb Code    26  stm32f10x_rcc.o(.text)
    RCC_APB2PeriphResetCmd                   0x080011b9   Thumb Code    26  stm32f10x_rcc.o(.text)
    RCC_APB1PeriphResetCmd                   0x080011d3   Thumb Code    26  stm32f10x_rcc.o(.text)
    RCC_BackupResetCmd                       0x080011ed   Thumb Code     8  stm32f10x_rcc.o(.text)
    RCC_ClockSecuritySystemCmd               0x080011f5   Thumb Code     6  stm32f10x_rcc.o(.text)
    RCC_MCOConfig                            0x080011fb   Thumb Code     6  stm32f10x_rcc.o(.text)
    RCC_ClearFlag                            0x08001201   Thumb Code    14  stm32f10x_rcc.o(.text)
    RCC_GetITStatus                          0x0800120f   Thumb Code    20  stm32f10x_rcc.o(.text)
    RCC_ClearITPendingBit                    0x08001223   Thumb Code     6  stm32f10x_rcc.o(.text)
    USART_DeInit                             0x0800124d   Thumb Code   134  stm32f10x_usart.o(.text)
    USART_Init                               0x080012d3   Thumb Code   210  stm32f10x_usart.o(.text)
    USART_StructInit                         0x080013a5   Thumb Code    24  stm32f10x_usart.o(.text)
    USART_ClockInit                          0x080013bd   Thumb Code    34  stm32f10x_usart.o(.text)
    USART_ClockStructInit                    0x080013df   Thumb Code    12  stm32f10x_usart.o(.text)
    USART_Cmd                                0x080013eb   Thumb Code    24  stm32f10x_usart.o(.text)
    USART_ITConfig                           0x08001403   Thumb Code    74  stm32f10x_usart.o(.text)
    USART_DMACmd                             0x0800144d   Thumb Code    18  stm32f10x_usart.o(.text)
    USART_SetAddress                         0x0800145f   Thumb Code    18  stm32f10x_usart.o(.text)
    USART_WakeUpConfig                       0x08001471   Thumb Code    18  stm32f10x_usart.o(.text)
    USART_ReceiverWakeUpCmd                  0x08001483   Thumb Code    24  stm32f10x_usart.o(.text)
    USART_LINBreakDetectLengthConfig         0x0800149b   Thumb Code    18  stm32f10x_usart.o(.text)
    USART_LINCmd                             0x080014ad   Thumb Code    24  stm32f10x_usart.o(.text)
    USART_SendData                           0x080014c5   Thumb Code     8  stm32f10x_usart.o(.text)
    USART_ReceiveData                        0x080014cd   Thumb Code    10  stm32f10x_usart.o(.text)
    USART_SendBreak                          0x080014d7   Thumb Code    10  stm32f10x_usart.o(.text)
    USART_SetGuardTime                       0x080014e1   Thumb Code    16  stm32f10x_usart.o(.text)
    USART_SetPrescaler                       0x080014f1   Thumb Code    16  stm32f10x_usart.o(.text)
    USART_SmartCardCmd                       0x08001501   Thumb Code    24  stm32f10x_usart.o(.text)
    USART_SmartCardNACKCmd                   0x08001519   Thumb Code    24  stm32f10x_usart.o(.text)
    USART_HalfDuplexCmd                      0x08001531   Thumb Code    24  stm32f10x_usart.o(.text)
    USART_OverSampling8Cmd                   0x08001549   Thumb Code    22  stm32f10x_usart.o(.text)
    USART_OneBitMethodCmd                    0x0800155f   Thumb Code    24  stm32f10x_usart.o(.text)
    USART_IrDAConfig                         0x08001577   Thumb Code    18  stm32f10x_usart.o(.text)
    USART_IrDACmd                            0x08001589   Thumb Code    24  stm32f10x_usart.o(.text)
    USART_GetFlagStatus                      0x080015a1   Thumb Code    26  stm32f10x_usart.o(.text)
    USART_ClearFlag                          0x080015bb   Thumb Code    18  stm32f10x_usart.o(.text)
    USART_GetITStatus                        0x080015cd   Thumb Code    84  stm32f10x_usart.o(.text)
    USART_ClearITPendingBit                  0x08001621   Thumb Code    52  stm32f10x_usart.o(.text)
    usart_send_char                          0x08001655   Thumb Code    28  main.o(.text)
    Data_Send_Status                         0x08001671   Thumb Code   322  main.o(.text)
    Send_Data                                0x080017b3   Thumb Code   310  main.o(.text)
    gyro_data_ready_cb                       0x0800242d   Thumb Code     8  main.o(.text)
    main                                     0x08002435   Thumb Code  1116  main.o(.text)
    NMI_Handler                              0x0800299d   Thumb Code     2  stm32f10x_it.o(.text)
    HardFault_Handler                        0x0800299f   Thumb Code     4  stm32f10x_it.o(.text)
    MemManage_Handler                        0x080029a3   Thumb Code     4  stm32f10x_it.o(.text)
    BusFault_Handler                         0x080029a7   Thumb Code     4  stm32f10x_it.o(.text)
    UsageFault_Handler                       0x080029ab   Thumb Code     4  stm32f10x_it.o(.text)
    SVC_Handler                              0x080029af   Thumb Code     2  stm32f10x_it.o(.text)
    DebugMon_Handler                         0x080029b1   Thumb Code     2  stm32f10x_it.o(.text)
    PendSV_Handler                           0x080029b3   Thumb Code     2  stm32f10x_it.o(.text)
    SysTick_Handler                          0x080029b5   Thumb Code    46  stm32f10x_it.o(.text)
    EXTI9_5_IRQHandler                       0x080029e3   Thumb Code    22  stm32f10x_it.o(.text)
    LED_GPIO_Config                          0x080029fd   Thumb Code    90  bsp_led.o(.text)
    SysTick_Init                             0x08002a5d   Thumb Code   108  bsp_systick.o(.text)
    mdelay                                   0x08002ac9   Thumb Code    16  bsp_systick.o(.text)
    get_tick_count                           0x08002ad9   Thumb Code    12  bsp_systick.o(.text)
    TimingDelay_Decrement                    0x08002ae5   Thumb Code    18  bsp_systick.o(.text)
    TimeStamp_Increment                      0x08002af7   Thumb Code    12  bsp_systick.o(.text)
    EXTI_Pxy_Config                          0x08002b41   Thumb Code    72  bsp_exti.o(.text)
    EnableInvInterrupt                       0x08002b89   Thumb Code    32  bsp_exti.o(.text)
    DisableInvInterrupt                      0x08002ba9   Thumb Code    38  bsp_exti.o(.text)
    ILI9341_ReadID                           0x08002de9   Thumb Code   116  bsp_ili9341_lcd.o(.text)
    ILI9341_GramScan                         0x080032ad   Thumb Code   208  bsp_ili9341_lcd.o(.text)
    ILI9341_Rst                              0x0800337d   Thumb Code    40  bsp_ili9341_lcd.o(.text)
    ILI9341_BackLed_Control                  0x080033a5   Thumb Code    26  bsp_ili9341_lcd.o(.text)
    ILI9341_Init                             0x080033bf   Thumb Code    34  bsp_ili9341_lcd.o(.text)
    ILI9341_OpenWindow                       0x080033e1   Thumb Code    96  bsp_ili9341_lcd.o(.text)
    ILI9341_Clear                            0x08003475   Thumb Code    68  bsp_ili9341_lcd.o(.text)
    ILI9341_SetPointPixel                    0x080034b9   Thumb Code    42  bsp_ili9341_lcd.o(.text)
    ILI9341_GetPointPixel                    0x08003517   Thumb Code    24  bsp_ili9341_lcd.o(.text)
    ILI9341_DrawLine                         0x0800352f   Thumb Code   160  bsp_ili9341_lcd.o(.text)
    ILI9341_DrawRectangle                    0x080035cf   Thumb Code   132  bsp_ili9341_lcd.o(.text)
    ILI9341_DrawCircle                       0x08003653   Thumb Code   312  bsp_ili9341_lcd.o(.text)
    ILI9341_DispChar_EN                      0x0800378b   Thumb Code   138  bsp_ili9341_lcd.o(.text)
    ILI9341_DispStringLine_EN                0x08003815   Thumb Code    92  bsp_ili9341_lcd.o(.text)
    ILI9341_DispString_EN                    0x08003871   Thumb Code   116  bsp_ili9341_lcd.o(.text)
    ILI9341_DispString_EN_YDir               0x080038e5   Thumb Code    92  bsp_ili9341_lcd.o(.text)
    LCD_SetFont                              0x08003941   Thumb Code     6  bsp_ili9341_lcd.o(.text)
    LCD_GetFont                              0x08003947   Thumb Code     6  bsp_ili9341_lcd.o(.text)
    LCD_SetColors                            0x0800394d   Thumb Code    10  bsp_ili9341_lcd.o(.text)
    LCD_GetColors                            0x08003957   Thumb Code    14  bsp_ili9341_lcd.o(.text)
    LCD_SetTextColor                         0x08003965   Thumb Code     6  bsp_ili9341_lcd.o(.text)
    LCD_SetBackColor                         0x0800396b   Thumb Code     6  bsp_ili9341_lcd.o(.text)
    LCD_ClearLine                            0x08003971   Thumb Code    26  bsp_ili9341_lcd.o(.text)
    USART_Config                             0x080039b9   Thumb Code   120  bsp_usart.o(.text)
    fputc                                    0x08003a31   Thumb Code    32  bsp_usart.o(.text)
    fgetc                                    0x08003a51   Thumb Code    26  bsp_usart.o(.text)
    Set_I2C_Retry                            0x08003abb   Thumb Code     6  bsp_i2c.o(.text)
    I2C_Bus_Init                             0x08003ac1   Thumb Code    18  bsp_i2c.o(.text)
    Soft_I2C_Wait_Ack                        0x08003b01   Thumb Code    74  bsp_i2c.o(.text)
    Get_I2C_Retry                            0x08003c5b   Thumb Code     6  bsp_i2c.o(.text)
    Sensors_I2C_WriteRegister                0x08003c61   Thumb Code    76  bsp_i2c.o(.text)
    Sensors_I2C_ReadRegister                 0x08003e27   Thumb Code    76  bsp_i2c.o(.text)
    mpu_reg_dump                             0x08003f0b   Thumb Code    90  inv_mpu.o(.text)
    mpu_read_reg                             0x08003f65   Thumb Code    66  inv_mpu.o(.text)
    mpu_set_int_latched                      0x08003fa7   Thumb Code   102  inv_mpu.o(.text)
    mpu_set_sensors                          0x0800400d   Thumb Code   202  inv_mpu.o(.text)
    mpu_set_bypass                           0x080040d7   Thumb Code   328  inv_mpu.o(.text)
    mpu_reset_fifo                           0x0800421f   Thumb Code   470  inv_mpu.o(.text)
    mpu_configure_fifo                       0x080043f5   Thumb Code   106  inv_mpu.o(.text)
    mpu_set_lpf                              0x0800445f   Thumb Code   126  inv_mpu.o(.text)
    mpu_lp_accel_mode                        0x080044dd   Thumb Code   218  inv_mpu.o(.text)
    mpu_set_sample_rate                      0x080045b7   Thumb Code   152  inv_mpu.o(.text)
    mpu_set_accel_fsr                        0x0800464f   Thumb Code   132  inv_mpu.o(.text)
    mpu_set_gyro_fsr                         0x080046d3   Thumb Code   132  inv_mpu.o(.text)
    mpu_init                                 0x08004757   Thumb Code   248  inv_mpu.o(.text)
    mpu_get_gyro_reg                         0x0800484f   Thumb Code   110  inv_mpu.o(.text)
    mpu_get_accel_reg                        0x080048bd   Thumb Code   110  inv_mpu.o(.text)
    mpu_get_temperature                      0x0800492b   Thumb Code   150  inv_mpu.o(.text)
    mpu_read_6500_accel_bias                 0x080049c1   Thumb Code   124  inv_mpu.o(.text)
    mpu_read_6050_accel_bias                 0x08004a3d   Thumb Code   134  inv_mpu.o(.text)
    mpu_read_6500_gyro_bias                  0x08004ac3   Thumb Code   124  inv_mpu.o(.text)
    mpu_set_gyro_bias_reg                    0x08004b3f   Thumb Code   152  inv_mpu.o(.text)
    mpu_set_accel_bias_6050_reg              0x08004bd7   Thumb Code   196  inv_mpu.o(.text)
    mpu_set_accel_bias_6500_reg              0x08004c9b   Thumb Code   196  inv_mpu.o(.text)
    mpu_get_gyro_fsr                         0x08004d5f   Thumb Code    64  inv_mpu.o(.text)
    mpu_get_accel_fsr                        0x08004d9f   Thumb Code    72  inv_mpu.o(.text)
    mpu_get_lpf                              0x08004de7   Thumb Code    74  inv_mpu.o(.text)
    mpu_get_sample_rate                      0x08004e31   Thumb Code    26  inv_mpu.o(.text)
    mpu_get_compass_sample_rate              0x08004e4b   Thumb Code    10  inv_mpu.o(.text)
    mpu_set_compass_sample_rate              0x08004e55   Thumb Code    12  inv_mpu.o(.text)
    mpu_get_gyro_sens                        0x08004e61   Thumb Code    58  inv_mpu.o(.text)
    mpu_get_accel_sens                       0x08004e9b   Thumb Code    78  inv_mpu.o(.text)
    mpu_get_fifo_config                      0x08004ee9   Thumb Code    12  inv_mpu.o(.text)
    mpu_get_power_state                      0x08004ef5   Thumb Code    22  inv_mpu.o(.text)
    mpu_get_int_status                       0x08004f0b   Thumb Code    64  inv_mpu.o(.text)
    mpu_read_fifo                            0x08004f4b   Thumb Code   500  inv_mpu.o(.text)
    mpu_read_fifo_stream                     0x0800513f   Thumb Code   186  inv_mpu.o(.text)
    mpu_set_int_level                        0x080051f9   Thumb Code    12  inv_mpu.o(.text)
    mpu_set_dmp_state                        0x08005911   Thumb Code   138  inv_mpu.o(.text)
    mpu_run_self_test                        0x0800599b   Thumb Code   292  inv_mpu.o(.text)
    mpu_write_mem                            0x08005abf   Thumb Code   122  inv_mpu.o(.text)
    mpu_read_mem                             0x08005b39   Thumb Code   122  inv_mpu.o(.text)
    mpu_load_firmware                        0x08005bb3   Thumb Code   180  inv_mpu.o(.text)
    mpu_get_dmp_state                        0x08005c67   Thumb Code    14  inv_mpu.o(.text)
    mpu_get_compass_reg                      0x08005c75   Thumb Code     8  inv_mpu.o(.text)
    mpu_get_compass_fsr                      0x08005c7d   Thumb Code     8  inv_mpu.o(.text)
    mpu_lp_motion_interrupt                  0x08005c85   Thumb Code   230  inv_mpu.o(.text)
    dmp_load_motion_driver_firmware          0x08005d71   Thumb Code    20  inv_mpu_dmp_motion_driver.o(.text)
    dmp_set_orientation                      0x08005d85   Thumb Code   290  inv_mpu_dmp_motion_driver.o(.text)
    dmp_set_gyro_bias                        0x08005ea7   Thumb Code   294  inv_mpu_dmp_motion_driver.o(.text)
    dmp_set_accel_bias                       0x08005fcd   Thumb Code   302  inv_mpu_dmp_motion_driver.o(.text)
    dmp_set_fifo_rate                        0x080060fb   Thumb Code   138  inv_mpu_dmp_motion_driver.o(.text)
    dmp_get_fifo_rate                        0x08006185   Thumb Code    12  inv_mpu_dmp_motion_driver.o(.text)
    dmp_set_tap_thresh                       0x08006191   Thumb Code   396  inv_mpu_dmp_motion_driver.o(.text)
    dmp_set_tap_axes                         0x0800631d   Thumb Code    70  inv_mpu_dmp_motion_driver.o(.text)
    dmp_set_tap_count                        0x08006363   Thumb Code    38  inv_mpu_dmp_motion_driver.o(.text)
    dmp_set_tap_time                         0x08006389   Thumb Code    38  inv_mpu_dmp_motion_driver.o(.text)
    dmp_set_tap_time_multi                   0x080063af   Thumb Code    38  inv_mpu_dmp_motion_driver.o(.text)
    dmp_set_shake_reject_thresh              0x080063d5   Thumb Code    56  inv_mpu_dmp_motion_driver.o(.text)
    dmp_set_shake_reject_time                0x0800640d   Thumb Code    38  inv_mpu_dmp_motion_driver.o(.text)
    dmp_set_shake_reject_timeout             0x08006433   Thumb Code    38  inv_mpu_dmp_motion_driver.o(.text)
    dmp_get_pedometer_step_count             0x08006459   Thumb Code    66  inv_mpu_dmp_motion_driver.o(.text)
    dmp_set_pedometer_step_count             0x0800649b   Thumb Code    42  inv_mpu_dmp_motion_driver.o(.text)
    dmp_get_pedometer_walk_time              0x080064c5   Thumb Code    72  inv_mpu_dmp_motion_driver.o(.text)
    dmp_set_pedometer_walk_time              0x0800650d   Thumb Code    48  inv_mpu_dmp_motion_driver.o(.text)
    dmp_enable_6x_lp_quat                    0x0800653d   Thumb Code    84  inv_mpu_dmp_motion_driver.o(.text)
    dmp_enable_lp_quat                       0x08006591   Thumb Code    60  inv_mpu_dmp_motion_driver.o(.text)
    dmp_enable_gyro_cal                      0x080065cd   Thumb Code    62  inv_mpu_dmp_motion_driver.o(.text)
    dmp_enable_feature                       0x0800660b   Thumb Code   530  inv_mpu_dmp_motion_driver.o(.text)
    dmp_get_enabled_features                 0x0800681d   Thumb Code    12  inv_mpu_dmp_motion_driver.o(.text)
    dmp_set_interrupt_mode                   0x08006887   Thumb Code    66  inv_mpu_dmp_motion_driver.o(.text)
    dmp_read_fifo                            0x080068c9   Thumb Code   514  inv_mpu_dmp_motion_driver.o(.text)
    dmp_register_tap_cb                      0x08006acb   Thumb Code    10  inv_mpu_dmp_motion_driver.o(.text)
    dmp_register_android_orient_cb           0x08006ad5   Thumb Code    10  inv_mpu_dmp_motion_driver.o(.text)
    fputcc                                   0x08006ae5   Thumb Code    30  log_stm32.o(.text)
    _MLPrintLog                              0x08006b03   Thumb Code   200  log_stm32.o(.text)
    eMPL_send_quat                           0x08006bcb   Thumb Code   186  log_stm32.o(.text)
    eMPL_send_data                           0x08006c85   Thumb Code   404  log_stm32.o(.text)
    inv_get_sensor_type_accel                0x08006e1d   Thumb Code    36  empl_outputs.o(.text)
    inv_get_sensor_type_gyro                 0x08006e41   Thumb Code    36  empl_outputs.o(.text)
    inv_get_sensor_type_compass              0x08006e65   Thumb Code    36  empl_outputs.o(.text)
    inv_get_sensor_type_quat                 0x08006e89   Thumb Code    32  empl_outputs.o(.text)
    inv_get_sensor_type_heading              0x08006ea9   Thumb Code   176  empl_outputs.o(.text)
    inv_get_sensor_type_euler                0x08006f59   Thumb Code   536  empl_outputs.o(.text)
    inv_get_sensor_type_rot_mat              0x08007171   Thumb Code    36  empl_outputs.o(.text)
    inv_enable_eMPL_outputs                  0x080072bf   Thumb Code    22  empl_outputs.o(.text)
    inv_disable_eMPL_outputs                 0x080072d5   Thumb Code    14  empl_outputs.o(.text)
    inv_disable_compass_soft_iron_matrix     0x08007349   Thumb Code    10  data_builder.o(.text)
    inv_reset_compass_soft_iron_matrix       0x08007353   Thumb Code    70  data_builder.o(.text)
    inv_init_data_builder                    0x08007399   Thumb Code    44  data_builder.o(.text)
    inv_get_gyro_sensitivity                 0x080073c5   Thumb Code     6  data_builder.o(.text)
    inv_get_accel_sensitivity                0x080073cb   Thumb Code     6  data_builder.o(.text)
    inv_get_compass_sensitivity              0x080073d1   Thumb Code     8  data_builder.o(.text)
    set_sensor_orientation_and_scale         0x080073d9   Thumb Code     6  data_builder.o(.text)
    inv_set_gyro_orientation_and_scale       0x080073df   Thumb Code    18  data_builder.o(.text)
    inv_set_gyro_sample_rate                 0x080073f1   Thumb Code    32  data_builder.o(.text)
    inv_set_accel_sample_rate                0x08007411   Thumb Code    36  data_builder.o(.text)
    inv_set_compass_sample_rate              0x08007435   Thumb Code    40  data_builder.o(.text)
    inv_get_gyro_sample_rate_ms              0x0800745d   Thumb Code     8  data_builder.o(.text)
    inv_get_accel_sample_rate_ms             0x08007465   Thumb Code     8  data_builder.o(.text)
    inv_get_compass_sample_rate_ms           0x0800746d   Thumb Code    10  data_builder.o(.text)
    inv_set_quat_sample_rate                 0x08007477   Thumb Code    22  data_builder.o(.text)
    inv_set_gyro_bandwidth                   0x0800748d   Thumb Code     6  data_builder.o(.text)
    inv_set_accel_bandwidth                  0x08007493   Thumb Code     8  data_builder.o(.text)
    inv_set_compass_bandwidth                0x0800749b   Thumb Code     8  data_builder.o(.text)
    inv_get_compass_on                       0x080074a3   Thumb Code    12  data_builder.o(.text)
    inv_get_gyro_on                          0x080074af   Thumb Code    10  data_builder.o(.text)
    inv_get_accel_on                         0x080074b9   Thumb Code    12  data_builder.o(.text)
    inv_get_last_timestamp                   0x080074c5   Thumb Code    98  data_builder.o(.text)
    inv_set_accel_orientation_and_scale      0x08007527   Thumb Code    20  data_builder.o(.text)
    inv_set_compass_orientation_and_scale    0x0800753b   Thumb Code    20  data_builder.o(.text)
    inv_matrix_vector_mult                   0x0800754f   Thumb Code   110  data_builder.o(.text)
    inv_apply_calibration                    0x080075bd   Thumb Code   106  data_builder.o(.text)
    inv_get_compass_bias                     0x08007627   Thumb Code    20  data_builder.o(.text)
    inv_set_compass_bias                     0x0800763b   Thumb Code    66  data_builder.o(.text)
    inv_set_compass_disturbance              0x0800767d   Thumb Code    10  data_builder.o(.text)
    inv_get_compass_disturbance              0x08007687   Thumb Code    10  data_builder.o(.text)
    inv_set_accel_bias                       0x08007691   Thumb Code    92  data_builder.o(.text)
    inv_set_accel_accuracy                   0x080076ed   Thumb Code    26  data_builder.o(.text)
    inv_set_accel_bias_mask                  0x08007707   Thumb Code    84  data_builder.o(.text)
    inv_set_gyro_bias                        0x0800775b   Thumb Code   106  data_builder.o(.text)
    inv_get_gyro_bias_tc_set                 0x080077c5   Thumb Code    26  data_builder.o(.text)
    inv_get_gyro_bias                        0x080077df   Thumb Code    32  data_builder.o(.text)
    inv_get_accel_bias                       0x080077ff   Thumb Code    32  data_builder.o(.text)
    inv_build_accel                          0x0800781f   Thumb Code   128  data_builder.o(.text)
    inv_build_gyro                           0x0800789f   Thumb Code    48  data_builder.o(.text)
    inv_get_compass_soft_iron_output_data    0x080078cf   Thumb Code    24  data_builder.o(.text)
    inv_set_compass_soft_iron_input_data     0x080078e7   Thumb Code    72  data_builder.o(.text)
    inv_build_compass                        0x0800792f   Thumb Code   168  data_builder.o(.text)
    inv_build_temp                           0x080079d7   Thumb Code    38  data_builder.o(.text)
    inv_build_quat                           0x080079fd   Thumb Code    56  data_builder.o(.text)
    inv_accel_was_turned_off                 0x08007a35   Thumb Code     8  data_builder.o(.text)
    inv_compass_was_turned_off               0x08007a3d   Thumb Code    10  data_builder.o(.text)
    inv_quaternion_sensor_was_turned_off     0x08007a47   Thumb Code    10  data_builder.o(.text)
    inv_gyro_was_turned_off                  0x08007a51   Thumb Code     8  data_builder.o(.text)
    inv_temperature_was_turned_off           0x08007a59   Thumb Code    10  data_builder.o(.text)
    inv_register_data_cb                     0x08007a63   Thumb Code   246  data_builder.o(.text)
    inv_unregister_data_cb                   0x08007b59   Thumb Code    96  data_builder.o(.text)
    inv_execute_on_data                      0x08007cd3   Thumb Code   152  data_builder.o(.text)
    inv_get_accel_set                        0x08007d6b   Thumb Code    40  data_builder.o(.text)
    inv_get_gyro_set                         0x08007d93   Thumb Code    34  data_builder.o(.text)
    inv_get_gyro_set_raw                     0x08007db5   Thumb Code    34  data_builder.o(.text)
    inv_get_gyro                             0x08007dd7   Thumb Code    12  data_builder.o(.text)
    inv_get_compass_set                      0x08007de3   Thumb Code    58  data_builder.o(.text)
    inv_get_temp_set                         0x08007e1d   Thumb Code    30  data_builder.o(.text)
    inv_get_gyro_accuracy                    0x08007e3b   Thumb Code     6  data_builder.o(.text)
    inv_get_mag_accuracy                     0x08007e41   Thumb Code    22  data_builder.o(.text)
    inv_get_accel_accuracy                   0x08007e57   Thumb Code     6  data_builder.o(.text)
    inv_get_gyro_orient                      0x08007e5d   Thumb Code    12  data_builder.o(.text)
    inv_get_accel_orient                     0x08007e69   Thumb Code    12  data_builder.o(.text)
    inv_get_compass_soft_iron_matrix_d       0x08007e75   Thumb Code    24  data_builder.o(.text)
    inv_set_compass_soft_iron_matrix_d       0x08007e8d   Thumb Code    58  data_builder.o(.text)
    inv_get_compass_soft_iron_matrix_f       0x08007ec7   Thumb Code    46  data_builder.o(.text)
    inv_set_compass_soft_iron_matrix_f       0x08007ef5   Thumb Code    54  data_builder.o(.text)
    inv_get_compass_soft_iron_input_data     0x08007f2b   Thumb Code    26  data_builder.o(.text)
    inv_enable_compass_soft_iron_matrix      0x08007f45   Thumb Code    10  data_builder.o(.text)
    inv_get_sensor_type_accelerometer        0x08007f59   Thumb Code    92  hal_outputs.o(.text)
    inv_get_sensor_type_linear_acceleration  0x08007fb5   Thumb Code   110  hal_outputs.o(.text)
    inv_get_sensor_type_gravity              0x08008023   Thumb Code    86  hal_outputs.o(.text)
    inv_get_sensor_type_gyroscope            0x08008079   Thumb Code    92  hal_outputs.o(.text)
    inv_get_sensor_type_gyroscope_raw        0x080080d5   Thumb Code    92  hal_outputs.o(.text)
    inv_get_sensor_type_rotation_vector      0x08008131   Thumb Code   216  hal_outputs.o(.text)
    inv_get_sensor_type_magnetic_field       0x08008209   Thumb Code    68  hal_outputs.o(.text)
    inv_get_sensor_type_orientation          0x08008371   Thumb Code    34  hal_outputs.o(.text)
    inv_generate_hal_outputs                 0x08008393   Thumb Code   482  hal_outputs.o(.text)
    inv_stop_hal_outputs                     0x08008575   Thumb Code    16  hal_outputs.o(.text)
    inv_start_hal_outputs                    0x08008585   Thumb Code    22  hal_outputs.o(.text)
    inv_init_hal_outputs                     0x0800859b   Thumb Code    46  hal_outputs.o(.text)
    inv_enable_hal_outputs                   0x080085c9   Thumb Code    20  hal_outputs.o(.text)
    inv_disable_hal_outputs                  0x080085dd   Thumb Code    20  hal_outputs.o(.text)
    inv_set_message                          0x080085f9   Thumb Code    24  message_layer.o(.text)
    inv_get_message_level_0                  0x08008611   Thumb Code    16  message_layer.o(.text)
    inv_sinf                                 0x08008625   Thumb Code    42  ml_math_func.o(.text)
    inv_cosf                                 0x0800864f   Thumb Code    44  ml_math_func.o(.text)
    inv_q30_mult                             0x0800867b   Thumb Code    18  ml_math_func.o(.text)
    inv_q_mult                               0x0800868d   Thumb Code   178  ml_math_func.o(.text)
    inv_q_invert                             0x0800873f   Thumb Code    24  ml_math_func.o(.text)
    inv_compass_angle                        0x08008757   Thumb Code   162  ml_math_func.o(.text)
    inv_get_gyro_sum_of_sqr                  0x080087f9   Thumb Code    28  ml_math_func.o(.text)
    inv_q29_mult                             0x08008815   Thumb Code    18  ml_math_func.o(.text)
    inv_q30_div                              0x08008827   Thumb Code    40  ml_math_func.o(.text)
    inv_q_shift_mult                         0x0800884f   Thumb Code    32  ml_math_func.o(.text)
    inv_q_add                                0x0800886f   Thumb Code    36  ml_math_func.o(.text)
    inv_vector_normalize                     0x08008893   Thumb Code   182  ml_math_func.o(.text)
    inv_q_normalize                          0x08008949   Thumb Code    14  ml_math_func.o(.text)
    quaternion_to_rotation_angle             0x08008957   Thumb Code   112  ml_math_func.o(.text)
    inv_q_rotate                             0x080089c7   Thumb Code    66  ml_math_func.o(.text)
    inv_q_multf                              0x08008a09   Thumb Code   304  ml_math_func.o(.text)
    inv_q_addf                               0x08008b39   Thumb Code    50  ml_math_func.o(.text)
    inv_q_normalizef                         0x08008b6b   Thumb Code   366  ml_math_func.o(.text)
    inv_q_norm4                              0x08008cd9   Thumb Code   146  ml_math_func.o(.text)
    inv_q_invertf                            0x08008d6b   Thumb Code    30  ml_math_func.o(.text)
    inv_quaternion_to_rotation               0x08008d89   Thumb Code   218  ml_math_func.o(.text)
    inv_quaternion_to_rotation_vector        0x08008e63   Thumb Code    60  ml_math_func.o(.text)
    inv_int32_to_big8                        0x08008e9f   Thumb Code    20  ml_math_func.o(.text)
    inv_big8_to_int32                        0x08008eb3   Thumb Code    26  ml_math_func.o(.text)
    inv_big8_to_int16                        0x08008ecd   Thumb Code    14  ml_math_func.o(.text)
    inv_little8_to_int16                     0x08008edb   Thumb Code    14  ml_math_func.o(.text)
    inv_int16_to_big8                        0x08008ee9   Thumb Code    12  ml_math_func.o(.text)
    inv_matrix_det_inc                       0x08008ef5   Thumb Code   100  ml_math_func.o(.text)
    inv_matrix_det_incd                      0x08008f59   Thumb Code   108  ml_math_func.o(.text)
    inv_matrix_det                           0x08008fc5   Thumb Code   160  ml_math_func.o(.text)
    inv_matrix_detd                          0x08009065   Thumb Code   220  ml_math_func.o(.text)
    inv_wrap_angle                           0x08009141   Thumb Code    56  ml_math_func.o(.text)
    inv_angle_diff                           0x08009179   Thumb Code    90  ml_math_func.o(.text)
    inv_checksum                             0x080091d3   Thumb Code    30  ml_math_func.o(.text)
    inv_orientation_matrix_to_scalar         0x0800923f   Thumb Code    40  ml_math_func.o(.text)
    inv_convert_to_body                      0x08009267   Thumb Code    82  ml_math_func.o(.text)
    inv_convert_to_chip                      0x080092b9   Thumb Code    82  ml_math_func.o(.text)
    inv_convert_to_body_with_scale           0x0800930b   Thumb Code   114  ml_math_func.o(.text)
    inv_vector_norm                          0x0800937d   Thumb Code    66  ml_math_func.o(.text)
    inv_init_biquad_filter                   0x080093bf   Thumb Code    34  ml_math_func.o(.text)
    inv_calc_state_to_match_output           0x080093e1   Thumb Code    50  ml_math_func.o(.text)
    inv_biquad_filter_process                0x08009413   Thumb Code   104  ml_math_func.o(.text)
    inv_get_cross_product_vec                0x0800947b   Thumb Code    98  ml_math_func.o(.text)
    mlMatrixVectorMult                       0x080094dd   Thumb Code    62  ml_math_func.o(.text)
    inv_init_mpl                             0x08009579   Thumb Code   106  mpl.o(.text)
    inv_get_version                          0x080095e3   Thumb Code    10  mpl.o(.text)
    inv_start_mpl                            0x080095ed   Thumb Code    38  mpl.o(.text)
    inv_store_gaming_quaternion              0x08009659   Thumb Code    30  results_holder.o(.text)
    inv_set_compass_correction               0x08009677   Thumb Code    30  results_holder.o(.text)
    inv_get_compass_correction               0x08009695   Thumb Code    20  results_holder.o(.text)
    inv_get_large_mag_field                  0x080096a9   Thumb Code     6  results_holder.o(.text)
    inv_set_large_mag_field                  0x080096af   Thumb Code     6  results_holder.o(.text)
    inv_get_acc_state                        0x080096b5   Thumb Code     6  results_holder.o(.text)
    inv_set_acc_state                        0x080096bb   Thumb Code     6  results_holder.o(.text)
    inv_get_motion_state                     0x080096c1   Thumb Code    16  results_holder.o(.text)
    inv_set_motion_state                     0x080096d1   Thumb Code    74  results_holder.o(.text)
    inv_set_local_field                      0x0800971b   Thumb Code    14  results_holder.o(.text)
    inv_get_local_field                      0x08009729   Thumb Code    12  results_holder.o(.text)
    inv_set_mag_scale                        0x08009735   Thumb Code    14  results_holder.o(.text)
    inv_get_mag_scale                        0x08009743   Thumb Code    12  results_holder.o(.text)
    inv_get_gravity                          0x0800974f   Thumb Code    90  results_holder.o(.text)
    inv_get_6axis_quaternion                 0x080097a9   Thumb Code    18  results_holder.o(.text)
    inv_get_quaternion                       0x080097bb   Thumb Code    54  results_holder.o(.text)
    inv_get_quaternion_float                 0x080097f1   Thumb Code    50  results_holder.o(.text)
    inv_get_quaternion_set                   0x08009823   Thumb Code    68  results_holder.o(.text)
    inv_generate_results                     0x08009867   Thumb Code    12  results_holder.o(.text)
    inv_start_results_holder                 0x08009873   Thumb Code    20  results_holder.o(.text)
    inv_init_results_holder                  0x08009887   Thumb Code    46  results_holder.o(.text)
    inv_enable_results_holder                0x080098b5   Thumb Code    28  results_holder.o(.text)
    inv_got_accel_bias                       0x080098d1   Thumb Code     6  results_holder.o(.text)
    inv_set_accel_bias_found                 0x080098d7   Thumb Code     6  results_holder.o(.text)
    inv_got_compass_bias                     0x080098dd   Thumb Code     6  results_holder.o(.text)
    inv_set_compass_bias_found               0x080098e3   Thumb Code     6  results_holder.o(.text)
    inv_set_compass_state                    0x080098e9   Thumb Code     6  results_holder.o(.text)
    inv_get_compass_state                    0x080098ef   Thumb Code     6  results_holder.o(.text)
    inv_set_compass_bias_error               0x080098f5   Thumb Code    14  results_holder.o(.text)
    inv_get_compass_bias_error               0x08009903   Thumb Code    12  results_holder.o(.text)
    inv_get_linear_accel                     0x0800990f   Thumb Code    60  results_holder.o(.text)
    inv_get_accel                            0x0800994b   Thumb Code    24  results_holder.o(.text)
    inv_get_accel_float                      0x08009963   Thumb Code    56  results_holder.o(.text)
    inv_get_gyro_float                       0x0800999b   Thumb Code    58  results_holder.o(.text)
    inv_set_heading_confidence_interval      0x080099d5   Thumb Code     8  results_holder.o(.text)
    inv_get_heading_confidence_interval      0x080099dd   Thumb Code     8  results_holder.o(.text)
    inv_get_linear_accel_float               0x080099e5   Thumb Code    56  results_holder.o(.text)
    inv_init_start_manager                   0x08009a3d   Thumb Code    14  start_manager.o(.text)
    inv_unregister_mpl_start_notification    0x08009a4b   Thumb Code    86  start_manager.o(.text)
    inv_register_mpl_start_notification      0x08009aa1   Thumb Code    38  start_manager.o(.text)
    inv_execute_mpl_start_notification       0x08009ac7   Thumb Code    40  start_manager.o(.text)
    inv_init_storage_manager                 0x08009af5   Thumb Code    20  storage_manager.o(.text)
    inv_register_load_store                  0x08009b09   Thumb Code   134  storage_manager.o(.text)
    inv_get_mpl_state_size                   0x08009b8f   Thumb Code    12  storage_manager.o(.text)
    inv_load_mpl_states                      0x08009bc7   Thumb Code   174  storage_manager.o(.text)
    inv_save_mpl_states                      0x08009c75   Thumb Code   158  storage_manager.o(.text)
    inv_init_maxmin                          0x08009d19   Thumb Code    78  fast_no_motion.o(.text)
    inv_fast_nomot_parameter                 0x08009d67   Thumb Code   318  fast_no_motion.o(.text)
    inv_fast_nomot_parameter_3rd             0x08009ea5   Thumb Code   180  fast_no_motion.o(.text)
    inv_fast_nomot_set_gyro_bias             0x08009f59   Thumb Code   232  fast_no_motion.o(.text)
    inv_set_fast_nomot_compass_threshold     0x0800a041   Thumb Code     8  fast_no_motion.o(.text)
    int_set_fast_nomot_gyro_threshold        0x0800a049   Thumb Code     8  fast_no_motion.o(.text)
    inv_set_fast_nomot_accel_threshold       0x0800a051   Thumb Code     8  fast_no_motion.o(.text)
    inv_get_fast_nomot_compass_param         0x0800a059   Thumb Code    18  fast_no_motion.o(.text)
    inv_get_fast_nomot_accel_param           0x0800a06b   Thumb Code    18  fast_no_motion.o(.text)
    inv_fast_nomot_store_data                0x0800a07d   Thumb Code   140  fast_no_motion.o(.text)
    inv_fast_nomot_store_data_compass        0x0800a109   Thumb Code    74  fast_no_motion.o(.text)
    inv_fast_nomot_reset_data_compass        0x0800a153   Thumb Code    36  fast_no_motion.o(.text)
    inv_fast_nomot_get_time_elaps            0x0800a177   Thumb Code     8  fast_no_motion.o(.text)
    inv_fast_nomot_parameter_compass         0x0800a17f   Thumb Code    22  fast_no_motion.o(.text)
    inv_get_right_shift_by_rounding          0x0800a195   Thumb Code    76  fast_no_motion.o(.text)
    inv_reset_min_max_gyro_accel_statistics  0x0800a1e1   Thumb Code    38  fast_no_motion.o(.text)
    inv_record_max_moment_in_no_motion_gyro  0x0800a207   Thumb Code    32  fast_no_motion.o(.text)
    inv_record_max_moment_in_no_motion_accel 0x0800a227   Thumb Code    32  fast_no_motion.o(.text)
    inv_record_min_moment_in_motion_gyro     0x0800a247   Thumb Code    34  fast_no_motion.o(.text)
    inv_record_min_moment_in_motion_accel    0x0800a269   Thumb Code    34  fast_no_motion.o(.text)
    inv_detect_motion_by_gyro_accel          0x0800a28b   Thumb Code   214  fast_no_motion.o(.text)
    inv_sensor_data_preprocess               0x0800a361   Thumb Code   132  fast_no_motion.o(.text)
    inv_generate_fast_nomot                  0x0800a3e5   Thumb Code   498  fast_no_motion.o(.text)
    inv_set_default_number_of_samples        0x0800a5d7   Thumb Code    56  fast_no_motion.o(.text)
    inv_init_fast_nomot                      0x0800a60f   Thumb Code    78  fast_no_motion.o(.text)
    inv_start_fast_nomot                     0x0800a65d   Thumb Code    56  fast_no_motion.o(.text)
    inv_stop_fast_nomot                      0x0800a695   Thumb Code    20  fast_no_motion.o(.text)
    inv_enable_fast_nomot                    0x0800a6a9   Thumb Code    24  fast_no_motion.o(.text)
    inv_disable_fast_nomot                   0x0800a6c1   Thumb Code    18  fast_no_motion.o(.text)
    inv_get_fnm_gyro_no_motion_param         0x0800a6d3   Thumb Code     8  fast_no_motion.o(.text)
    inv_fnm_debug_print                      0x0800a6db   Thumb Code     2  fast_no_motion.o(.text)
    inv_filter_correction_angle              0x0800a70d   Thumb Code   364  fusion_9axis.o(.text)
    inv_perform_9x_fusion                    0x0800a879   Thumb Code   840  fusion_9axis.o(.text)
    inv_process_9x_sensor_fusion_cb          0x0800abc1   Thumb Code   120  fusion_9axis.o(.text)
    inv_init_9x_fusion                       0x0800ac39   Thumb Code    50  fusion_9axis.o(.text)
    inv_9x_fusion_set_mag_fb                 0x0800ac6b   Thumb Code    10  fusion_9axis.o(.text)
    inv_9x_fusion_enable_jitter_reduction    0x0800ac75   Thumb Code    10  fusion_9axis.o(.text)
    inv_9x_fusion_use_timestamps             0x0800ac7f   Thumb Code    10  fusion_9axis.o(.text)
    inv_start_9x_sensor_fusion               0x0800ac89   Thumb Code    14  fusion_9axis.o(.text)
    inv_stop_9x_sensor_fusion                0x0800ac97   Thumb Code     8  fusion_9axis.o(.text)
    inv_enable_9x_sensor_fusion              0x0800ac9f   Thumb Code    30  fusion_9axis.o(.text)
    inv_disable_9x_sensor_fusion             0x0800acbd   Thumb Code     8  fusion_9axis.o(.text)
    inv_init_gyro_ts                         0x0800b0e3   Thumb Code    46  gyro_tc.o(.text)
    inv_set_gtc_max_temp                     0x0800b111   Thumb Code    10  gyro_tc.o(.text)
    inv_set_gtc_min_temp                     0x0800b11b   Thumb Code    10  gyro_tc.o(.text)
    inv_set_gtc_min_diff                     0x0800b125   Thumb Code    10  gyro_tc.o(.text)
    inv_get_gyro_ts                          0x0800b12f   Thumb Code    30  gyro_tc.o(.text)
    inv_set_gyro_ts                          0x0800b14d   Thumb Code    16  gyro_tc.o(.text)
    inv_set_gtc_order                        0x0800b15d   Thumb Code    16  gyro_tc.o(.text)
    inv_print_gtc_data                       0x0800b16d   Thumb Code    62  gyro_tc.o(.text)
    inv_start_gyro_tc                        0x0800b1ab   Thumb Code    10  gyro_tc.o(.text)
    inv_stop_gyro_tc                         0x0800b1b5   Thumb Code     6  gyro_tc.o(.text)
    inv_enable_gyro_tc                       0x0800b1bb   Thumb Code    48  gyro_tc.o(.text)
    inv_disable_gyro_tc                      0x0800b1eb   Thumb Code    40  gyro_tc.o(.text)
    inv_generate_gyro_quaternion             0x0800b5b5   Thumb Code   260  quaternion_supervisor.o(.text)
    inv_set_quaternion                       0x0800b8a7   Thumb Code    38  quaternion_supervisor.o(.text)
    inv_generate_accel_gyro_quaternion       0x0800b8cd   Thumb Code   428  quaternion_supervisor.o(.text)
    inv_stop_quaternion                      0x0800bac1   Thumb Code     6  quaternion_supervisor.o(.text)
    inv_init_quaternion                      0x0800bac7   Thumb Code    34  quaternion_supervisor.o(.text)
    inv_start_quaternion                     0x0800bae9   Thumb Code    34  quaternion_supervisor.o(.text)
    inv_enable_quaternion                    0x0800bb0b   Thumb Code    24  quaternion_supervisor.o(.text)
    inv_disable_quaternion                   0x0800bb23   Thumb Code    20  quaternion_supervisor.o(.text)
    inv_set_magnetic_disturbance             0x0800bb65   Thumb Code    16  mag_disturb.o(.text)
    inv_init_magnetic_disturbance            0x0800bb75   Thumb Code    50  mag_disturb.o(.text)
    MagDisturbSetDisturbance                 0x0800bba7   Thumb Code    98  mag_disturb.o(.text)
    MagDisturbCheckSettling                  0x0800bc09   Thumb Code    54  mag_disturb.o(.text)
    ComputeAngleVelocity                     0x0800bc3f   Thumb Code    94  mag_disturb.o(.text)
    inv_disable_dip_tracking                 0x0800bc9d   Thumb Code    10  mag_disturb.o(.text)
    Mag3ofNormalizedLong                     0x0800bca7   Thumb Code    72  mag_disturb.o(.text)
    inv_track_dip_angle                      0x0800bcef   Thumb Code   114  mag_disturb.o(.text)
    inv_check_magnetic_disturbance           0x0800bd61   Thumb Code   690  mag_disturb.o(.text)
    inv_magnetic_disturbance_process         0x0800c013   Thumb Code    50  mag_disturb.o(.text)
    inv_start_magnetic_disturbance           0x0800c045   Thumb Code    14  mag_disturb.o(.text)
    inv_stop_magnetic_disturbance            0x0800c053   Thumb Code     8  mag_disturb.o(.text)
    inv_enable_magnetic_disturbance          0x0800c05b   Thumb Code    40  mag_disturb.o(.text)
    inv_disable_magnetic_disturbance         0x0800c083   Thumb Code    22  mag_disturb.o(.text)
    inv_enable_dip_tracking                  0x0800c099   Thumb Code    14  mag_disturb.o(.text)
    inv_get_magnetic_disturbance_state       0x0800c0a7   Thumb Code     8  mag_disturb.o(.text)
    __aeabi_ldivmod                          0x0800c0b5   Thumb Code    98  ldiv.o(.text)
    __aeabi_llsl                             0x0800c117   Thumb Code    30  llshl.o(.text)
    _ll_shift_l                              0x0800c117   Thumb Code     0  llshl.o(.text)
    __aeabi_lasr                             0x0800c135   Thumb Code    36  llsshr.o(.text)
    _ll_sshift_r                             0x0800c135   Thumb Code     0  llsshr.o(.text)
    ___aeabi_memcpy4$move                    0x0800c159   Thumb Code     0  memmovea.o(.text)
    ___aeabi_memcpy8$move                    0x0800c159   Thumb Code     0  memmovea.o(.text)
    __aeabi_memcpy                           0x0800c159   Thumb Code    64  memmovea.o(.text)
    __aeabi_memmove                          0x0800c159   Thumb Code     0  memmovea.o(.text)
    __aeabi_memmove4                         0x0800c159   Thumb Code     0  memmovea.o(.text)
    __aeabi_memmove8                         0x0800c159   Thumb Code     0  memmovea.o(.text)
    __aeabi_memset                           0x0800c199   Thumb Code    14  memseta.o(.text)
    __aeabi_memset4                          0x0800c199   Thumb Code     0  memseta.o(.text)
    __aeabi_memset8                          0x0800c199   Thumb Code     0  memseta.o(.text)
    __aeabi_memclr                           0x0800c1a7   Thumb Code     4  memseta.o(.text)
    __aeabi_memclr4                          0x0800c1a7   Thumb Code     0  memseta.o(.text)
    __aeabi_memclr8                          0x0800c1a7   Thumb Code     0  memseta.o(.text)
    _memset$wrapper                          0x0800c1ab   Thumb Code    18  memseta.o(.text)
    memcmp                                   0x0800c1bd   Thumb Code    26  memcmp.o(.text)
    __aeabi_fadd                             0x0800c1d7   Thumb Code   164  fadd.o(.text)
    __aeabi_fsub                             0x0800c27b   Thumb Code     6  fadd.o(.text)
    __aeabi_frsub                            0x0800c281   Thumb Code     6  fadd.o(.text)
    __aeabi_fmul                             0x0800c287   Thumb Code   100  fmul.o(.text)
    __aeabi_fdiv                             0x0800c2eb   Thumb Code   124  fdiv.o(.text)
    __ARM_scalbnf                            0x0800c367   Thumb Code    24  fscalb.o(.text)
    scalbnf                                  0x0800c367   Thumb Code     0  fscalb.o(.text)
    __aeabi_dadd                             0x0800c37f   Thumb Code   322  dadd.o(.text)
    __aeabi_dsub                             0x0800c4c1   Thumb Code     6  dadd.o(.text)
    __aeabi_drsub                            0x0800c4c7   Thumb Code     6  dadd.o(.text)
    __aeabi_dmul                             0x0800c4cd   Thumb Code   228  dmul.o(.text)
    __aeabi_ddiv                             0x0800c5b1   Thumb Code   222  ddiv.o(.text)
    __ARM_scalbn                             0x0800c68f   Thumb Code    46  dscalb.o(.text)
    scalbn                                   0x0800c68f   Thumb Code     0  dscalb.o(.text)
    __aeabi_i2f                              0x0800c6bd   Thumb Code    18  fflti.o(.text)
    __aeabi_ui2f                             0x0800c6cf   Thumb Code    10  ffltui.o(.text)
    __aeabi_l2f                              0x0800c6d9   Thumb Code    44  ffltl.o(.text)
    __aeabi_i2d                              0x0800c705   Thumb Code    34  dflti.o(.text)
    __aeabi_f2iz                             0x0800c727   Thumb Code    50  ffixi.o(.text)
    __aeabi_f2uiz                            0x0800c759   Thumb Code    40  ffixui.o(.text)
    __aeabi_f2lz                             0x0800c781   Thumb Code    66  ffixl.o(.text)
    __aeabi_d2iz                             0x0800c7c3   Thumb Code    62  dfixi.o(.text)
    __aeabi_f2d                              0x0800c801   Thumb Code    38  f2d.o(.text)
    __aeabi_cdcmpeq                          0x0800c829   Thumb Code     0  cdcmple.o(.text)
    __aeabi_cdcmple                          0x0800c829   Thumb Code    48  cdcmple.o(.text)
    __aeabi_cdrcmple                         0x0800c859   Thumb Code    48  cdrcmple.o(.text)
    __aeabi_d2f                              0x0800c889   Thumb Code    56  d2f.o(.text)
    __aeabi_cfcmpeq                          0x0800c8c1   Thumb Code     0  cfcmple.o(.text)
    __aeabi_cfcmple                          0x0800c8c1   Thumb Code    20  cfcmple.o(.text)
    __aeabi_cfrcmple                         0x0800c8d5   Thumb Code    20  cfrcmple.o(.text)
    __aeabi_uidiv                            0x0800c8e9   Thumb Code     0  uidiv.o(.text)
    __aeabi_uidivmod                         0x0800c8e9   Thumb Code    44  uidiv.o(.text)
    __aeabi_uldivmod                         0x0800c915   Thumb Code    98  uldiv.o(.text)
    __aeabi_llsr                             0x0800c977   Thumb Code    32  llushr.o(.text)
    _ll_ushift_r                             0x0800c977   Thumb Code     0  llushr.o(.text)
    __I$use$fp                               0x0800c997   Thumb Code     0  iusefp.o(.text)
    _float_round                             0x0800c997   Thumb Code    18  fepilogue.o(.text)
    _float_epilogue                          0x0800c9a9   Thumb Code    92  fepilogue.o(.text)
    _fsqrt                                   0x0800ca05   Thumb Code    94  fsqrt.o(.text)
    _frnd                                    0x0800ca63   Thumb Code    60  frnd.o(.text)
    _double_round                            0x0800ca9f   Thumb Code    30  depilogue.o(.text)
    _double_epilogue                         0x0800cabd   Thumb Code   156  depilogue.o(.text)
    _dsqrt                                   0x0800cb59   Thumb Code   162  dsqrt.o(.text)
    __aeabi_d2ulz                            0x0800cbfb   Thumb Code    48  dfixul.o(.text)
    __scatterload                            0x0800cc2d   Thumb Code    28  init.o(.text)
    __scatterload_rt2                        0x0800cc2d   Thumb Code     0  init.o(.text)
    __0printf                                0x0800cc51   Thumb Code    22  printfa.o(i.__0printf)
    __1printf                                0x0800cc51   Thumb Code     0  printfa.o(i.__0printf)
    __2printf                                0x0800cc51   Thumb Code     0  printfa.o(i.__0printf)
    __c89printf                              0x0800cc51   Thumb Code     0  printfa.o(i.__0printf)
    printf                                   0x0800cc51   Thumb Code     0  printfa.o(i.__0printf)
    __0sprintf                               0x0800cc71   Thumb Code    34  printfa.o(i.__0sprintf)
    __1sprintf                               0x0800cc71   Thumb Code     0  printfa.o(i.__0sprintf)
    __2sprintf                               0x0800cc71   Thumb Code     0  printfa.o(i.__0sprintf)
    __c89sprintf                             0x0800cc71   Thumb Code     0  printfa.o(i.__0sprintf)
    sprintf                                  0x0800cc71   Thumb Code     0  printfa.o(i.__0sprintf)
    __0vsprintf                              0x0800cc99   Thumb Code    30  printfa.o(i.__0vsprintf)
    __1vsprintf                              0x0800cc99   Thumb Code     0  printfa.o(i.__0vsprintf)
    __2vsprintf                              0x0800cc99   Thumb Code     0  printfa.o(i.__0vsprintf)
    __c89vsprintf                            0x0800cc99   Thumb Code     0  printfa.o(i.__0vsprintf)
    vsprintf                                 0x0800cc99   Thumb Code     0  printfa.o(i.__0vsprintf)
    __ARM_fpclassifyf                        0x0800ccbd   Thumb Code    38  fpclassifyf.o(i.__ARM_fpclassifyf)
    __kernel_poly                            0x0800cce3   Thumb Code   170  poly.o(i.__kernel_poly)
    __mathlib_dbl_infnan                     0x0800cd8d   Thumb Code     6  dunder.o(i.__mathlib_dbl_infnan)
    __mathlib_dbl_invalid                    0x0800cd93   Thumb Code    12  dunder.o(i.__mathlib_dbl_invalid)
    __mathlib_flt_infnan                     0x0800cd9f   Thumb Code     6  funder.o(i.__mathlib_flt_infnan)
    __mathlib_flt_infnan2                    0x0800cda5   Thumb Code     4  funder.o(i.__mathlib_flt_infnan2)
    __mathlib_flt_invalid                    0x0800cda9   Thumb Code     8  funder.o(i.__mathlib_flt_invalid)
    __mathlib_flt_underflow                  0x0800cdb1   Thumb Code    10  funder.o(i.__mathlib_flt_underflow)
    __mathlib_rredf2                         0x0800cdbd   Thumb Code   344  rredf.o(i.__mathlib_rredf2)
    __scatterload_copy                       0x0800cf25   Thumb Code    14  handlers.o(i.__scatterload_copy)
    __scatterload_null                       0x0800cf33   Thumb Code     2  handlers.o(i.__scatterload_null)
    __scatterload_zeroinit                   0x0800cf35   Thumb Code    14  handlers.o(i.__scatterload_zeroinit)
    __set_errno                              0x0800cf45   Thumb Code     6  errno.o(i.__set_errno)
    acos                                     0x0800d7ed   Thumb Code   574  acos.o(i.acos)
    acosf                                    0x0800da69   Thumb Code   242  acosf.o(i.acosf)
    asinf                                    0x0800db85   Thumb Code   254  asinf.o(i.asinf)
    atan2f                                   0x0800dca9   Thumb Code   528  atan2f.o(i.atan2f)
    cosf                                     0x0800df05   Thumb Code   328  cosf.o(i.cosf)
    sinf                                     0x0800e081   Thumb Code   338  sinf.o(i.sinf)
    sqrt                                     0x0800e209   Thumb Code    76  sqrt.o(i.sqrt)
    sqrtf                                    0x0800e255   Thumb Code    44  sqrtf.o(i.sqrtf)
    ASCII8x16_Table                          0x0800e280   Data        1520  fonts.o(.constdata)
    ASCII16x24_Table                         0x0800e870   Data        4560  fonts.o(.constdata)
    ASCII24x32_Table                         0x0800fa40   Data        9120  fonts.o(.constdata)
    reg                                      0x08011de0   Data          30  inv_mpu.o(.constdata)
    hw                                       0x08011dfe   Data          12  inv_mpu.o(.constdata)
    test                                     0x08011e0c   Data          40  inv_mpu.o(.constdata)
    sin_lookup                               0x08012a2c   Data        1024  ml_math_func.o(.constdata)
    ml_ver                                   0x08012e2c   Data          20  mpl.o(.constdata)
    Region$$Table$$Base                      0x08012f20   Number         0  anon$$obj.o(Region$$Table)
    Region$$Table$$Limit                     0x08012f40   Number         0  anon$$obj.o(Region$$Table)
    SystemCoreClock                          0x20000000   Data           4  system_stm32f10x.o(.data)
    AHBPrescTable                            0x20000004   Data          16  system_stm32f10x.o(.data)
    hal_timestamp                            0x20000028   Data           4  main.o(.data)
    rx_new                                   0x2000002c   Data           1  main.o(.data)
    mpl_key                                  0x20000030   Data           4  main.o(.data)
    Task_Delay                               0x20000040   Data           8  stm32f10x_it.o(.data)
    g_ul_ms_ticks                            0x20000048   Data           4  bsp_systick.o(.data)
    LCD_X_LENGTH                             0x20000050   Data           2  bsp_ili9341_lcd.o(.data)
    LCD_Y_LENGTH                             0x20000052   Data           2  bsp_ili9341_lcd.o(.data)
    LCD_SCAN_MODE                            0x20000054   Data           1  bsp_ili9341_lcd.o(.data)
    lcdid                                    0x20000056   Data           2  bsp_ili9341_lcd.o(.data)
    Font8x16                                 0x20000060   Data           8  fonts.o(.data)
    Font16x24                                0x20000068   Data           8  fonts.o(.data)
    Font24x32                                0x20000070   Data           8  fonts.o(.data)
    compass_low_pass_filter_coeff            0x200000ac   Data          20  hal_outputs.o(.data)
    __stdout                                 0x200000c4   Data           4  stdout.o(.data)
    sensors                                  0x20000268   Data         408  data_builder.o(.bss)
    fnm                                      0x20000738   Data         608  fast_no_motion.o(.bss)
    s9axis                                   0x200009d8   Data         312  fusion_9axis.o(.bss)
    mag_disturb                              0x20000d40   Data         184  mag_disturb.o(.bss)
    __initial_sp                             0x200011f8   Data           0  startup_stm32f10x_hd.o(STACK)



==============================================================================

Memory Map of the image

  Image Entry point : 0x08000131

  Load Region LR_IROM1 (Base: 0x08000000, Size: 0x0001300c, Max: 0x00080000, ABSOLUTE)

    Execution Region ER_IROM1 (Base: 0x08000000, Size: 0x00012f40, Max: 0x00080000, ABSOLUTE)

    Base Addr    Size         Type   Attr      Idx    E Section Name        Object

    0x08000000   0x00000130   Data   RO            3    RESET               startup_stm32f10x_hd.o
    0x08000130   0x00000000   Code   RO         1218  * .ARM.Collect$$$$00000000  mc_w.l(entry.o)
    0x08000130   0x00000004   Code   RO         1596    .ARM.Collect$$$$00000001  mc_w.l(entry2.o)
    0x08000134   0x00000004   Code   RO         1599    .ARM.Collect$$$$00000004  mc_w.l(entry5.o)
    0x08000138   0x00000000   Code   RO         1601    .ARM.Collect$$$$00000008  mc_w.l(entry7b.o)
    0x08000138   0x00000000   Code   RO         1603    .ARM.Collect$$$$0000000A  mc_w.l(entry8b.o)
    0x08000138   0x00000008   Code   RO         1604    .ARM.Collect$$$$0000000B  mc_w.l(entry9a.o)
    0x08000140   0x00000000   Code   RO         1606    .ARM.Collect$$$$0000000D  mc_w.l(entry10a.o)
    0x08000140   0x00000000   Code   RO         1608    .ARM.Collect$$$$0000000F  mc_w.l(entry11a.o)
    0x08000140   0x00000004   Code   RO         1597    .ARM.Collect$$$$00002712  mc_w.l(entry2.o)
    0x08000144   0x00000024   Code   RO            4    .text               startup_stm32f10x_hd.o
    0x08000168   0x000001e0   Code   RO           24    .text               system_stm32f10x.o
    0x08000348   0x000000dc   Code   RO          121    .text               misc.o
    0x08000424   0x0000011c   Code   RO          233    .text               stm32f10x_exti.o
    0x08000540   0x0000060c   Code   RO          257    .text               stm32f10x_fsmc.o
    0x08000b4c   0x0000035c   Code   RO          269    .text               stm32f10x_gpio.o
    0x08000ea8   0x000003a4   Code   RO          317    .text               stm32f10x_rcc.o
    0x0800124c   0x00000408   Code   RO          379    .text               stm32f10x_usart.o
    0x08001654   0x00001348   Code   RO          403    .text               main.o
    0x0800299c   0x00000060   Code   RO          561    .text               stm32f10x_it.o
    0x080029fc   0x00000060   Code   RO          580    .text               bsp_led.o
    0x08002a5c   0x000000bc   Code   RO          595    .text               bsp_systick.o
    0x08002b18   0x000000bc   Code   RO          614    .text               bsp_exti.o
    0x08002bd4   0x00000de4   Code   RO          626    .text               bsp_ili9341_lcd.o
    0x080039b8   0x000000bc   Code   RO          657    .text               bsp_usart.o
    0x08003a74   0x0000040c   Code   RO          669    .text               bsp_i2c.o
    0x08003e80   0x00001ef0   Code   RO          683    .text               inv_mpu.o
    0x08005d70   0x00000d74   Code   RO          699    .text               inv_mpu_dmp_motion_driver.o
    0x08006ae4   0x00000338   Code   RO          720    .text               log_stm32.o
    0x08006e1c   0x000004d4   Code   RO          741    .text               empl_outputs.o
    0x080072f0   0x00000c68   Code   RO          758    .text               data_builder.o
    0x08007f58   0x000006a0   Code   RO          783    .text               hal_outputs.o
    0x080085f8   0x0000002c   Code   RO          799    .text               message_layer.o
    0x08008624   0x00000f38   Code   RO          813    .text               ml_math_func.o
    0x0800955c   0x000000fc   Code   RO          843    .text               mpl.o
    0x08009658   0x000003e4   Code   RO          861    .text               results_holder.o
    0x08009a3c   0x000000b8   Code   RO          875    .text               start_manager.o
    0x08009af4   0x00000224   Code   RO          889    .text               storage_manager.o
    0x08009d18   0x000009f4   Code   RO          903    .text               libmpllib.lib(fast_no_motion.o)
    0x0800a70c   0x0000065c   Code   RO          994    .text               libmpllib.lib(fusion_9axis.o)
    0x0800ad68   0x000004bc   Code   RO         1019    .text               libmpllib.lib(gyro_tc.o)
    0x0800b224   0x00000940   Code   RO         1040    .text               libmpllib.lib(quaternion_supervisor.o)
    0x0800bb64   0x00000550   Code   RO         1058    .text               libmpllib.lib(mag_disturb.o)
    0x0800c0b4   0x00000062   Code   RO         1221    .text               mc_w.l(ldiv.o)
    0x0800c116   0x0000001e   Code   RO         1223    .text               mc_w.l(llshl.o)
    0x0800c134   0x00000024   Code   RO         1225    .text               mc_w.l(llsshr.o)
    0x0800c158   0x00000040   Code   RO         1229    .text               mc_w.l(memmovea.o)
    0x0800c198   0x00000024   Code   RO         1231    .text               mc_w.l(memseta.o)
    0x0800c1bc   0x0000001a   Code   RO         1233    .text               mc_w.l(memcmp.o)
    0x0800c1d6   0x000000b0   Code   RO         1500    .text               mf_w.l(fadd.o)
    0x0800c286   0x00000064   Code   RO         1502    .text               mf_w.l(fmul.o)
    0x0800c2ea   0x0000007c   Code   RO         1504    .text               mf_w.l(fdiv.o)
    0x0800c366   0x00000018   Code   RO         1506    .text               mf_w.l(fscalb.o)
    0x0800c37e   0x0000014e   Code   RO         1508    .text               mf_w.l(dadd.o)
    0x0800c4cc   0x000000e4   Code   RO         1510    .text               mf_w.l(dmul.o)
    0x0800c5b0   0x000000de   Code   RO         1512    .text               mf_w.l(ddiv.o)
    0x0800c68e   0x0000002e   Code   RO         1514    .text               mf_w.l(dscalb.o)
    0x0800c6bc   0x00000012   Code   RO         1516    .text               mf_w.l(fflti.o)
    0x0800c6ce   0x0000000a   Code   RO         1518    .text               mf_w.l(ffltui.o)
    0x0800c6d8   0x0000002c   Code   RO         1520    .text               mf_w.l(ffltl.o)
    0x0800c704   0x00000022   Code   RO         1522    .text               mf_w.l(dflti.o)
    0x0800c726   0x00000032   Code   RO         1524    .text               mf_w.l(ffixi.o)
    0x0800c758   0x00000028   Code   RO         1526    .text               mf_w.l(ffixui.o)
    0x0800c780   0x00000042   Code   RO         1528    .text               mf_w.l(ffixl.o)
    0x0800c7c2   0x0000003e   Code   RO         1530    .text               mf_w.l(dfixi.o)
    0x0800c800   0x00000026   Code   RO         1532    .text               mf_w.l(f2d.o)
    0x0800c826   0x00000002   PAD
    0x0800c828   0x00000030   Code   RO         1534    .text               mf_w.l(cdcmple.o)
    0x0800c858   0x00000030   Code   RO         1536    .text               mf_w.l(cdrcmple.o)
    0x0800c888   0x00000038   Code   RO         1538    .text               mf_w.l(d2f.o)
    0x0800c8c0   0x00000014   Code   RO         1540    .text               mf_w.l(cfcmple.o)
    0x0800c8d4   0x00000014   Code   RO         1542    .text               mf_w.l(cfrcmple.o)
    0x0800c8e8   0x0000002c   Code   RO         1611    .text               mc_w.l(uidiv.o)
    0x0800c914   0x00000062   Code   RO         1613    .text               mc_w.l(uldiv.o)
    0x0800c976   0x00000020   Code   RO         1615    .text               mc_w.l(llushr.o)
    0x0800c996   0x00000000   Code   RO         1624    .text               mc_w.l(iusefp.o)
    0x0800c996   0x0000006e   Code   RO         1625    .text               mf_w.l(fepilogue.o)
    0x0800ca04   0x0000005e   Code   RO         1627    .text               mf_w.l(fsqrt.o)
    0x0800ca62   0x0000003c   Code   RO         1629    .text               mf_w.l(frnd.o)
    0x0800ca9e   0x000000ba   Code   RO         1631    .text               mf_w.l(depilogue.o)
    0x0800cb58   0x000000a2   Code   RO         1633    .text               mf_w.l(dsqrt.o)
    0x0800cbfa   0x00000030   Code   RO         1635    .text               mf_w.l(dfixul.o)
    0x0800cc2a   0x00000002   PAD
    0x0800cc2c   0x00000024   Code   RO         1637    .text               mc_w.l(init.o)
    0x0800cc50   0x00000020   Code   RO         1472    i.__0printf         mc_w.l(printfa.o)
    0x0800cc70   0x00000028   Code   RO         1474    i.__0sprintf        mc_w.l(printfa.o)
    0x0800cc98   0x00000024   Code   RO         1478    i.__0vsprintf       mc_w.l(printfa.o)
    0x0800ccbc   0x00000026   Code   RO         1563    i.__ARM_fpclassifyf  m_ws.l(fpclassifyf.o)
    0x0800cce2   0x000000aa   Code   RO         1579    i.__kernel_poly     m_ws.l(poly.o)
    0x0800cd8c   0x00000006   Code   RO         1548    i.__mathlib_dbl_infnan  m_ws.l(dunder.o)
    0x0800cd92   0x0000000c   Code   RO         1550    i.__mathlib_dbl_invalid  m_ws.l(dunder.o)
    0x0800cd9e   0x00000006   Code   RO         1566    i.__mathlib_flt_infnan  m_ws.l(funder.o)
    0x0800cda4   0x00000004   Code   RO         1567    i.__mathlib_flt_infnan2  m_ws.l(funder.o)
    0x0800cda8   0x00000008   Code   RO         1568    i.__mathlib_flt_invalid  m_ws.l(funder.o)
    0x0800cdb0   0x0000000a   Code   RO         1571    i.__mathlib_flt_underflow  m_ws.l(funder.o)
    0x0800cdba   0x00000002   PAD
    0x0800cdbc   0x00000168   Code   RO         1587    i.__mathlib_rredf2  m_ws.l(rredf.o)
    0x0800cf24   0x0000000e   Code   RO         1643    i.__scatterload_copy  mc_w.l(handlers.o)
    0x0800cf32   0x00000002   Code   RO         1644    i.__scatterload_null  mc_w.l(handlers.o)
    0x0800cf34   0x0000000e   Code   RO         1645    i.__scatterload_zeroinit  mc_w.l(handlers.o)
    0x0800cf42   0x00000002   PAD
    0x0800cf44   0x0000000c   Code   RO         1619    i.__set_errno       mc_w.l(errno.o)
    0x0800cf50   0x00000164   Code   RO         1479    i._fp_digits        mc_w.l(printfa.o)
    0x0800d0b4   0x000006dc   Code   RO         1480    i._printf_core      mc_w.l(printfa.o)
    0x0800d790   0x00000024   Code   RO         1481    i._printf_post_padding  mc_w.l(printfa.o)
    0x0800d7b4   0x0000002e   Code   RO         1482    i._printf_pre_padding  mc_w.l(printfa.o)
    0x0800d7e2   0x0000000a   Code   RO         1484    i._sputc            mc_w.l(printfa.o)
    0x0800d7ec   0x0000027c   Code   RO         1081    i.acos              m_ws.l(acos.o)
    0x0800da68   0x0000011c   Code   RO         1091    i.acosf             m_ws.l(acosf.o)
    0x0800db84   0x00000124   Code   RO         1109    i.asinf             m_ws.l(asinf.o)
    0x0800dca8   0x0000025c   Code   RO         1135    i.atan2f            m_ws.l(atan2f.o)
    0x0800df04   0x0000017c   Code   RO         1155    i.cosf              m_ws.l(cosf.o)
    0x0800e080   0x00000188   Code   RO         1195    i.sinf              m_ws.l(sinf.o)
    0x0800e208   0x0000004c   Code   RO         1203    i.sqrt              m_ws.l(sqrt.o)
    0x0800e254   0x0000002c   Code   RO         1211    i.sqrtf             m_ws.l(sqrtf.o)
    0x0800e280   0x00003b60   Data   RO          644    .constdata          fonts.o
    0x08011de0   0x00000054   Data   RO          684    .constdata          inv_mpu.o
    0x08011e34   0x00000bf6   Data   RO          701    .constdata          inv_mpu_dmp_motion_driver.o
    0x08012a2a   0x00000002   PAD
    0x08012a2c   0x00000400   Data   RO          814    .constdata          ml_math_func.o
    0x08012e2c   0x0000002f   Data   RO          844    .constdata          mpl.o
    0x08012e5b   0x00000005   PAD
    0x08012e60   0x00000050   Data   RO         1082    .constdata          m_ws.l(acos.o)
    0x08012eb0   0x00000020   Data   RO         1588    .constdata          m_ws.l(rredf.o)
    0x08012ed0   0x00000009   Data   RO          406    .conststring        main.o
    0x08012ed9   0x00000003   PAD
    0x08012edc   0x00000044   Data   RO          760    .conststring        data_builder.o
    0x08012f20   0x00000020   Data   RO         1641    Region$$Table       anon$$obj.o


    Execution Region RW_IRAM1 (Base: 0x20000000, Size: 0x000011f8, Max: 0x00010000, ABSOLUTE)

    Base Addr    Size         Type   Attr      Idx    E Section Name        Object

    0x20000000   0x00000014   Data   RW           25    .data               system_stm32f10x.o
    0x20000014   0x00000014   Data   RW          318    .data               stm32f10x_rcc.o
    0x20000028   0x00000015   Data   RW          407    .data               main.o
    0x2000003d   0x00000003   PAD
    0x20000040   0x00000008   Data   RW          562    .data               stm32f10x_it.o
    0x20000048   0x00000008   Data   RW          596    .data               bsp_systick.o
    0x20000050   0x00000010   Data   RW          627    .data               bsp_ili9341_lcd.o
    0x20000060   0x00000018   Data   RW          645    .data               fonts.o
    0x20000078   0x00000006   Data   RW          670    .data               bsp_i2c.o
    0x2000007e   0x00000002   PAD
    0x20000080   0x0000002c   Data   RW          685    .data               inv_mpu.o
    0x200000ac   0x00000014   Data   RW          785    .data               hal_outputs.o
    0x200000c0   0x00000004   Data   RW          800    .data               message_layer.o
    0x200000c4   0x00000004   Data   RW         1610    .data               mc_w.l(stdout.o)
    0x200000c8   0x00000004   Data   RW         1620    .data               mc_w.l(errno.o)
    0x200000cc   0x00000024   Zero   RW          404    .bss                main.o
    0x200000f0   0x00000010   Zero   RW          700    .bss                inv_mpu_dmp_motion_driver.o
    0x20000100   0x00000028   Zero   RW          742    .bss                empl_outputs.o
    0x20000128   0x000002d8   Zero   RW          759    .bss                data_builder.o
    0x20000400   0x000000c4   Zero   RW          784    .bss                hal_outputs.o
    0x200004c4   0x00000088   Zero   RW          862    .bss                results_holder.o
    0x2000054c   0x00000054   Zero   RW          876    .bss                start_manager.o
    0x200005a0   0x00000198   Zero   RW          890    .bss                storage_manager.o
    0x20000738   0x000002a0   Zero   RW          904    .bss                libmpllib.lib(fast_no_motion.o)
    0x200009d8   0x00000138   Zero   RW          995    .bss                libmpllib.lib(fusion_9axis.o)
    0x20000b10   0x000001c4   Zero   RW         1020    .bss                libmpllib.lib(gyro_tc.o)
    0x20000cd4   0x0000006c   Zero   RW         1041    .bss                libmpllib.lib(quaternion_supervisor.o)
    0x20000d40   0x000000b8   Zero   RW         1059    .bss                libmpllib.lib(mag_disturb.o)
    0x20000df8   0x00000400   Zero   RW            1    STACK               startup_stm32f10x_hd.o


==============================================================================

Image component sizes


      Code (inc. data)   RO Data    RW Data    ZI Data      Debug   Object Name

       188          6          0          0          0       1133   bsp_exti.o
      1036         14          0          6          0       5976   bsp_i2c.o
      3556         88          0         16          0      10389   bsp_ili9341_lcd.o
        96          6          0          0          0        598   bsp_led.o
       188         22          0          8          0      17286   bsp_systick.o
       188         10          0          0          0       1055   bsp_usart.o
         0          0          0          0          0       4504   core_cm3.o
      3176         72         68          0        728      18500   data_builder.o
      1236         44          0          0         40       5761   empl_outputs.o
         0          0      15200         24          0       1509   fonts.o
      1696         30          0         20        196       6819   hal_outputs.o
      7920        108         84         44          0      22567   inv_mpu.o
      3444        128       3062          0         16      15335   inv_mpu_dmp_motion_driver.o
       824         22          0          0          0       2235   log_stm32.o
      4936        972          9         21         36      18008   main.o
        44          4          0          4          0       1646   message_layer.o
       220         22          0          0          0       1953   misc.o
      3896         54       1024          0          0      15493   ml_math_func.o
       252         70         47          0          0       2322   mpl.o
       996         10          0          0        136       9497   results_holder.o
       184          6          0          0         84       2442   start_manager.o
        36          8        304          0       1024        920   startup_stm32f10x_hd.o
       284         10          0          0          0       2387   stm32f10x_exti.o
      1548         18          0          0          0       5495   stm32f10x_fsmc.o
       860         38          0          0          0       5793   stm32f10x_gpio.o
        96          4          0          8          0       3566   stm32f10x_it.o
       932         36          0         20          0       9036   stm32f10x_rcc.o
      1032         22          0          0          0       8524   stm32f10x_usart.o
       548          6          0          0        408       3726   storage_manager.o
       480         38          0         20          0     240727   system_stm32f10x.o

    ----------------------------------------------------------------------
     39892       1868      19840        196       2668     445202   Object Totals
         0          0         32          0          0          0   (incl. Generated)
         0          0         10          5          0          0   (incl. Padding)

    ----------------------------------------------------------------------

      Code (inc. data)   RO Data    RW Data    ZI Data      Debug   Library Member Name

      2548         42          0          0        672      19752   fast_no_motion.o
      1628         54          0          0        312       5308   fusion_9axis.o
      1212         30          0          0        452       5515   gyro_tc.o
      1360         46          0          0        184       7270   mag_disturb.o
      2368        102          0          0        108       5409   quaternion_supervisor.o
       636         62         80          0          0        188   acos.o
       284         42          0          0          0        120   acosf.o
       292         38          0          0          0        120   asinf.o
       604         76          0          0          0        116   atan2f.o
       380         52          0          0          0        124   cosf.o
        18          0          0          0          0        136   dunder.o
        38          0          0          0          0         68   fpclassifyf.o
        28          0          0          0          0        272   funder.o
       170          0          0          0          0         96   poly.o
       360         16         32          0          0         88   rredf.o
       392         54          0          0          0        124   sinf.o
        76          0          0          0          0         84   sqrt.o
        44          0          0          0          0         80   sqrtf.o
         0          0          0          0          0          0   entry.o
         0          0          0          0          0          0   entry10a.o
         0          0          0          0          0          0   entry11a.o
         8          4          0          0          0          0   entry2.o
         4          0          0          0          0          0   entry5.o
         0          0          0          0          0          0   entry7b.o
         0          0          0          0          0          0   entry8b.o
         8          4          0          0          0          0   entry9a.o
        12          6          0          4          0         68   errno.o
        30          0          0          0          0          0   handlers.o
        36          8          0          0          0         68   init.o
         0          0          0          0          0          0   iusefp.o
        98          0          0          0          0         84   ldiv.o
        30          0          0          0          0         68   llshl.o
        36          0          0          0          0         68   llsshr.o
        32          0          0          0          0         68   llushr.o
        26          0          0          0          0         80   memcmp.o
        64          0          0          0          0         76   memmovea.o
        36          0          0          0          0        108   memseta.o
      2312        102          0          0          0        676   printfa.o
         0          0          0          4          0          0   stdout.o
        44          0          0          0          0         80   uidiv.o
        98          0          0          0          0         92   uldiv.o
        48          0          0          0          0         68   cdcmple.o
        48          0          0          0          0         68   cdrcmple.o
        20          0          0          0          0         68   cfcmple.o
        20          0          0          0          0         68   cfrcmple.o
        56          0          0          0          0         88   d2f.o
       334          0          0          0          0        148   dadd.o
       222          0          0          0          0        100   ddiv.o
       186          0          0          0          0        176   depilogue.o
        62          0          0          0          0         80   dfixi.o
        48          0          0          0          0         68   dfixul.o
        34          0          0          0          0         76   dflti.o
       228          0          0          0          0         96   dmul.o
        46          0          0          0          0         80   dscalb.o
       162          0          0          0          0        100   dsqrt.o
        38          0          0          0          0         68   f2d.o
       176          0          0          0          0        140   fadd.o
       124          0          0          0          0         88   fdiv.o
       110          0          0          0          0        168   fepilogue.o
        50          0          0          0          0         68   ffixi.o
        66          0          0          0          0         76   ffixl.o
        40          0          0          0          0         68   ffixui.o
        18          0          0          0          0         68   fflti.o
        44          0          0          0          0         92   ffltl.o
        10          0          0          0          0         68   ffltui.o
       100          0          0          0          0         76   fmul.o
        60          0          0          0          0         76   frnd.o
        24          0          0          0          0         68   fscalb.o
        94          0          0          0          0         96   fsqrt.o

    ----------------------------------------------------------------------
     17788        738        112          8       1728      48910   Library Totals
         8          0          0          0          0          0   (incl. Padding)

    ----------------------------------------------------------------------

      Code (inc. data)   RO Data    RW Data    ZI Data      Debug   Library Name

      9116        274          0          0       1728      43254   libmpllib.lib
      3322        340        112          0          0       1616   m_ws.l
      2874        124          0          8          0       1536   mc_w.l
      2468          0          0          0          0       2504   mf_w.l

    ----------------------------------------------------------------------
     17788        738        112          8       1728      48910   Library Totals

    ----------------------------------------------------------------------

==============================================================================


      Code (inc. data)   RO Data    RW Data    ZI Data      Debug   

     57680       2606      19952        204       4396     487452   Grand Totals
     57680       2606      19952        204       4396     487452   ELF Image Totals
     57680       2606      19952        204          0          0   ROM Totals

==============================================================================

    Total RO  Size (Code + RO Data)                77632 (  75.81kB)
    Total RW  Size (RW Data + ZI Data)              4600 (   4.49kB)
    Total ROM Size (Code + RO Data + RW Data)      77836 (  76.01kB)

==============================================================================

