Component: ARM Compiler 5.05 update 1 (build 106) Tool: armlink [4d0efa]

==============================================================================

Section Cross References

    startup_stm32f40xx.o(RESET) refers to startup_stm32f40xx.o(STACK) for __initial_sp
    startup_stm32f40xx.o(RESET) refers to startup_stm32f40xx.o(.text) for Reset_Handler
    startup_stm32f40xx.o(RESET) refers to stm32f4xx_it.o(i.NMI_Handler) for NMI_Handler
    startup_stm32f40xx.o(RESET) refers to stm32f4xx_it.o(i.HardFault_Handler) for HardFault_Handler
    startup_stm32f40xx.o(RESET) refers to stm32f4xx_it.o(i.MemManage_Handler) for MemManage_Handler
    startup_stm32f40xx.o(RESET) refers to stm32f4xx_it.o(i.BusFault_Handler) for BusFault_Handler
    startup_stm32f40xx.o(RESET) refers to stm32f4xx_it.o(i.UsageFault_Handler) for UsageFault_Handler
    startup_stm32f40xx.o(RESET) refers to stm32f4xx_it.o(i.SVC_Handler) for SVC_Handler
    startup_stm32f40xx.o(RESET) refers to stm32f4xx_it.o(i.DebugMon_Handler) for DebugMon_Handler
    startup_stm32f40xx.o(RESET) refers to stm32f4xx_it.o(i.PendSV_Handler) for PendSV_Handler
    startup_stm32f40xx.o(RESET) refers to stm32f4xx_it.o(i.SysTick_Handler) for SysTick_Handler
    startup_stm32f40xx.o(RESET) refers to stm32f4xx_it.o(i.DMA1_Stream3_IRQHandler) for DMA1_Stream3_IRQHandler
    startup_stm32f40xx.o(RESET) refers to stm32f4xx_it.o(i.USART2_IRQHandler) for USART2_IRQHandler
    startup_stm32f40xx.o(RESET) refers to stm32f4xx_it.o(i.EXTI15_10_IRQHandler) for EXTI15_10_IRQHandler
    startup_stm32f40xx.o(RESET) refers to stm32f4xx_it.o(i.TIM6_DAC_IRQHandler) for TIM6_DAC_IRQHandler
    startup_stm32f40xx.o(RESET) refers to stm32f4xx_it.o(i.DMA2_Stream3_IRQHandler) for DMA2_Stream3_IRQHandler
    startup_stm32f40xx.o(.text) refers to system_stm32f4xx.o(i.SystemInit) for SystemInit
    startup_stm32f40xx.o(.text) refers to entry.o(.ARM.Collect$$$$00000000) for __main
    system_stm32f4xx.o(i.SystemCoreClockUpdate) refers to system_stm32f4xx.o(.data) for SystemCoreClock
    system_stm32f4xx.o(i.SystemInit) refers to system_stm32f4xx.o(i.SetSysClock) for SetSysClock
    stm32f4xx_gpio.o(i.GPIO_DeInit) refers to stm32f4xx_rcc.o(i.RCC_AHB1PeriphResetCmd) for RCC_AHB1PeriphResetCmd
    stm32f4xx_rcc.o(i.RCC_GetClocksFreq) refers to stm32f4xx_rcc.o(.data) for APBAHBPrescTable
    stm32f4xx_rcc.o(i.RCC_WaitForHSEStartUp) refers to stm32f4xx_rcc.o(i.RCC_GetFlagStatus) for RCC_GetFlagStatus
    stm32f4xx_usart.o(i.USART_DeInit) refers to stm32f4xx_rcc.o(i.RCC_APB2PeriphResetCmd) for RCC_APB2PeriphResetCmd
    stm32f4xx_usart.o(i.USART_DeInit) refers to stm32f4xx_rcc.o(i.RCC_APB1PeriphResetCmd) for RCC_APB1PeriphResetCmd
    stm32f4xx_usart.o(i.USART_Init) refers to stm32f4xx_rcc.o(i.RCC_GetClocksFreq) for RCC_GetClocksFreq
    stm32f4xx_spi.o(i.SPI_I2S_DeInit) refers to stm32f4xx_rcc.o(i.RCC_APB2PeriphResetCmd) for RCC_APB2PeriphResetCmd
    stm32f4xx_spi.o(i.SPI_I2S_DeInit) refers to stm32f4xx_rcc.o(i.RCC_APB1PeriphResetCmd) for RCC_APB1PeriphResetCmd
    stm32f4xx_tim.o(i.TIM_DeInit) refers to stm32f4xx_rcc.o(i.RCC_APB2PeriphResetCmd) for RCC_APB2PeriphResetCmd
    stm32f4xx_tim.o(i.TIM_DeInit) refers to stm32f4xx_rcc.o(i.RCC_APB1PeriphResetCmd) for RCC_APB1PeriphResetCmd
    stm32f4xx_tim.o(i.TIM_ETRClockMode1Config) refers to stm32f4xx_tim.o(i.TIM_ETRConfig) for TIM_ETRConfig
    stm32f4xx_tim.o(i.TIM_ETRClockMode2Config) refers to stm32f4xx_tim.o(i.TIM_ETRConfig) for TIM_ETRConfig
    stm32f4xx_tim.o(i.TIM_ICInit) refers to stm32f4xx_tim.o(i.TI1_Config) for TI1_Config
    stm32f4xx_tim.o(i.TIM_ICInit) refers to stm32f4xx_tim.o(i.TIM_SetIC1Prescaler) for TIM_SetIC1Prescaler
    stm32f4xx_tim.o(i.TIM_ICInit) refers to stm32f4xx_tim.o(i.TI2_Config) for TI2_Config
    stm32f4xx_tim.o(i.TIM_ICInit) refers to stm32f4xx_tim.o(i.TIM_SetIC2Prescaler) for TIM_SetIC2Prescaler
    stm32f4xx_tim.o(i.TIM_ICInit) refers to stm32f4xx_tim.o(i.TI3_Config) for TI3_Config
    stm32f4xx_tim.o(i.TIM_ICInit) refers to stm32f4xx_tim.o(i.TIM_SetIC3Prescaler) for TIM_SetIC3Prescaler
    stm32f4xx_tim.o(i.TIM_ICInit) refers to stm32f4xx_tim.o(i.TI4_Config) for TI4_Config
    stm32f4xx_tim.o(i.TIM_ICInit) refers to stm32f4xx_tim.o(i.TIM_SetIC4Prescaler) for TIM_SetIC4Prescaler
    stm32f4xx_tim.o(i.TIM_ITRxExternalClockConfig) refers to stm32f4xx_tim.o(i.TIM_SelectInputTrigger) for TIM_SelectInputTrigger
    stm32f4xx_tim.o(i.TIM_PWMIConfig) refers to stm32f4xx_tim.o(i.TI1_Config) for TI1_Config
    stm32f4xx_tim.o(i.TIM_PWMIConfig) refers to stm32f4xx_tim.o(i.TIM_SetIC1Prescaler) for TIM_SetIC1Prescaler
    stm32f4xx_tim.o(i.TIM_PWMIConfig) refers to stm32f4xx_tim.o(i.TI2_Config) for TI2_Config
    stm32f4xx_tim.o(i.TIM_PWMIConfig) refers to stm32f4xx_tim.o(i.TIM_SetIC2Prescaler) for TIM_SetIC2Prescaler
    stm32f4xx_tim.o(i.TIM_TIxExternalClockConfig) refers to stm32f4xx_tim.o(i.TI2_Config) for TI2_Config
[...]
    printf8.o(i._printf_core) refers to printf8.o(i._printf_pre_padding) for _printf_pre_padding
    printf8.o(i._printf_core) refers to uldiv.o(.text) for __aeabi_uldivmod
    printf8.o(i._printf_core) refers to printf8.o(i._printf_post_padding) for _printf_post_padding
    printfa.o(i.__0fprintf) refers (Special) to iusefp.o(.text) for __I$use$fp
    printfa.o(i.__0fprintf) refers to printfa.o(i._printf_core) for _printf_core
    printfa.o(i.__0fprintf) refers to usart.o(i.fputc) for fputc
    printfa.o(i.__0printf) refers (Special) to iusefp.o(.text) for __I$use$fp
    printfa.o(i.__0printf) refers to printfa.o(i._printf_core) for _printf_core
    printfa.o(i.__0printf) refers to usart.o(i.fputc) for fputc
    printfa.o(i.__0printf) refers to stdout.o(.data) for __stdout
    printfa.o(i.__0snprintf) refers (Special) to iusefp.o(.text) for __I$use$fp
    printfa.o(i.__0snprintf) refers to printfa.o(i._printf_core) for _printf_core
    printfa.o(i.__0snprintf) refers to printfa.o(i._snputc) for _snputc
    printfa.o(i.__0sprintf) refers (Special) to iusefp.o(.text) for __I$use$fp
    printfa.o(i.__0sprintf) refers to printfa.o(i._printf_core) for _printf_core
    printfa.o(i.__0sprintf) refers to printfa.o(i._sputc) for _sputc
    printfa.o(i.__0vfprintf) refers (Special) to iusefp.o(.text) for __I$use$fp
    printfa.o(i.__0vfprintf) refers to printfa.o(i._printf_core) for _printf_core
    printfa.o(i.__0vfprintf) refers to usart.o(i.fputc) for fputc
    printfa.o(i.__0vprintf) refers (Special) to iusefp.o(.text) for __I$use$fp
    printfa.o(i.__0vprintf) refers to printfa.o(i._printf_core) for _printf_core
    printfa.o(i.__0vprintf) refers to usart.o(i.fputc) for fputc
    printfa.o(i.__0vprintf) refers to stdout.o(.data) for __stdout
    printfa.o(i.__0vsnprintf) refers (Special) to iusefp.o(.text) for __I$use$fp
    printfa.o(i.__0vsnprintf) refers to printfa.o(i._printf_core) for _printf_core
    printfa.o(i.__0vsnprintf) refers to printfa.o(i._snputc) for _snputc
    printfa.o(i.__0vsprintf) refers (Special) to iusefp.o(.text) for __I$use$fp
    printfa.o(i.__0vsprintf) refers to printfa.o(i._printf_core) for _printf_core
    printfa.o(i.__0vsprintf) refers to printfa.o(i._sputc) for _sputc
    printfa.o(i._fp_digits) refers (Special) to iusefp.o(.text) for __I$use$fp
    printfa.o(i._fp_digits) refers to dmul.o(.text) for __aeabi_dmul
    printfa.o(i._fp_digits) refers to ddiv.o(.text) for __aeabi_ddiv
    printfa.o(i._fp_digits) refers to cdrcmple.o(.text) for __aeabi_cdrcmple
    printfa.o(i._fp_digits) refers to dadd.o(.text) for __aeabi_dadd
    printfa.o(i._fp_digits) refers to dfixul.o(.text) for __aeabi_d2ulz
    printfa.o(i._fp_digits) refers to uldiv.o(.text) for __aeabi_uldivmod
    printfa.o(i._printf_core) refers (Special) to iusefp.o(.text) for __I$use$fp
    printfa.o(i._printf_core) refers to printfa.o(i._printf_pre_padding) for _printf_pre_padding
    printfa.o(i._printf_core) refers to uldiv.o(.text) for __aeabi_uldivmod
    printfa.o(i._printf_core) refers to printfa.o(i._printf_post_padding) for _printf_post_padding
    printfa.o(i._printf_core) refers to printfa.o(i._fp_digits) for _fp_digits
    printfa.o(i._printf_core) refers to uidiv.o(.text) for __aeabi_uidivmod
    printfa.o(i._printf_post_padding) refers (Special) to iusefp.o(.text) for __I$use$fp
    printfa.o(i._printf_pre_padding) refers (Special) to iusefp.o(.text) for __I$use$fp
    printfa.o(i._snputc) refers (Special) to iusefp.o(.text) for __I$use$fp
    printfa.o(i._sputc) refers (Special) to iusefp.o(.text) for __I$use$fp
    dadd.o(.text) refers (Special) to iusefp.o(.text) for __I$use$fp
    dadd.o(.text) refers to llshl.o(.text) for __aeabi_llsl
    dadd.o(.text) refers to llsshr.o(.text) for __aeabi_lasr
    dadd.o(.text) refers to depilogue.o(.text) for _double_epilogue
    ddiv.o(.text) refers (Special) to iusefp.o(.text) for __I$use$fp
    ddiv.o(.text) refers to depilogue.o(.text) for _double_round
    dflti.o(.text) refers (Special) to iusefp.o(.text) for __I$use$fp
    dflti.o(.text) refers to depilogue.o(.text) for _double_epilogue
    f2d.o(.text) refers (Special) to iusefp.o(.text) for __I$use$fp
    d2f.o(.text) refers (Special) to iusefp.o(.text) for __I$use$fp
    d2f.o(.text) refers to fepilogue.o(.text) for _float_round
    entry2.o(.ARM.Collect$$$$00000001) refers to entry2.o(.ARM.Collect$$$$00002712) for __lit__00000000
    entry2.o(.ARM.Collect$$$$00002712) refers to startup_stm32f40xx.o(STACK) for __initial_sp
    entry2.o(__vectab_stack_and_reset_area) refers to startup_stm32f40xx.o(STACK) for __initial_sp
    entry2.o(__vectab_stack_and_reset_area) refers to entry.o(.ARM.Collect$$$$00000000) for __main
    entry5.o(.ARM.Collect$$$$00000004) refers to init.o(.text) for __scatterload
    entry9a.o(.ARM.Collect$$$$0000000B) refers to main.o(i.main) for main
    entry9b.o(.ARM.Collect$$$$0000000C) refers to main.o(i.main) for main
    uldiv.o(.text) refers to llushr.o(.text) for __aeabi_llsr
    uldiv.o(.text) refers to llshl.o(.text) for __aeabi_llsl
    depilogue.o(.text) refers to llshl.o(.text) for __aeabi_llsl
    depilogue.o(.text) refers to llushr.o(.text) for __aeabi_llsr
    dmul.o(.text) refers to depilogue.o(.text) for _double_epilogue
    dfixul.o(.text) refers to llushr.o(.text) for __aeabi_llsr
    dfixul.o(.text) refers to llshl.o(.text) for __aeabi_llsl
    init.o(.text) refers to entry5.o(.ARM.Collect$$$$00000004) for __main_after_scatterload


==============================================================================

Removing Unused input sections from the image.

    Removing startup_stm32f40xx.o(HEAP), (512 bytes).
    Removing system_stm32f4xx.o(.rev16_text), (4 bytes).
    Removing system_stm32f4xx.o(.revsh_text), (4 bytes).
    Removing system_stm32f4xx.o(.rrx_text), (6 bytes).
    Removing system_stm32f4xx.o(i.SystemCoreClockUpdate), (192 bytes).
    Removing system_stm32f4xx.o(.data), (20 bytes).
    Removing misc.o(.rev16_text), (4 bytes).
    Removing misc.o(.revsh_text), (4 bytes).
    Removing misc.o(.rrx_text), (6 bytes).
    Removing misc.o(i.NVIC_SetVectorTable), (20 bytes).
    Removing misc.o(i.NVIC_SystemLPConfig), (32 bytes).
    Removing misc.o(i.SysTick_CLKSourceConfig), (40 bytes).
    Removing stm32f4xx_gpio.o(.rev16_text), (4 bytes).
    Removing stm32f4xx_gpio.o(.revsh_text), (4 bytes).
    Removing stm32f4xx_gpio.o(.rrx_text), (6 bytes).
    Removing stm32f4xx_gpio.o(i.GPIO_DeInit), (312 bytes).
    Removing stm32f4xx_gpio.o(i.GPIO_PinLockConfig), (34 bytes).
    Removing stm32f4xx_gpio.o(i.GPIO_ReadInputData), (8 bytes).
    Removing stm32f4xx_gpio.o(i.GPIO_ReadOutputData), (8 bytes).
    Removing stm32f4xx_gpio.o(i.GPIO_ReadOutputDataBit), (18 bytes).
    Removing stm32f4xx_gpio.o(i.GPIO_StructInit), (18 bytes).
    Removing stm32f4xx_gpio.o(i.GPIO_ToggleBits), (8 bytes).
    Removing stm32f4xx_gpio.o(i.GPIO_Write), (4 bytes).
    Removing stm32f4xx_gpio.o(i.GPIO_WriteBit), (10 bytes).
    Removing stm32f4xx_rcc.o(.rev16_text), (4 bytes).
    Removing stm32f4xx_rcc.o(.revsh_text), (4 bytes).
    Removing stm32f4xx_rcc.o(.rrx_text), (6 bytes).
    Removing stm32f4xx_rcc.o(i.RCC_AHB1PeriphClockLPModeCmd), (32 bytes).
    Removing stm32f4xx_rcc.o(i.RCC_AHB1PeriphResetCmd), (32 bytes).
    Removing stm32f4xx_rcc.o(i.RCC_AHB2PeriphClockCmd), (32 bytes).
    Removing stm32f4xx_rcc.o(i.RCC_AHB2PeriphClockLPModeCmd), (32 bytes).
    Removing stm32f4xx_rcc.o(i.RCC_AHB2PeriphResetCmd), (32 bytes).
    Removing stm32f4xx_rcc.o(i.RCC_AHB3PeriphClockCmd), (32 bytes).
    Removing stm32f4xx_rcc.o(i.RCC_AHB3PeriphClockLPModeCmd), (32 bytes).
    Removing stm32f4xx_rcc.o(i.RCC_AHB3PeriphResetCmd), (32 bytes).
    Removing stm32f4xx_rcc.o(i.RCC_APB1PeriphClockLPModeCmd), (32 bytes).
    Removing stm32f4xx_rcc.o(i.RCC_APB1PeriphResetCmd), (32 bytes).
    Removing stm32f4xx_rcc.o(i.RCC_APB2PeriphClockLPModeCmd), (32 bytes).
    Removing stm32f4xx_rcc.o(i.RCC_APB2PeriphResetCmd), (32 bytes).
    Removing stm32f4xx_rcc.o(i.RCC_AdjustHSICalibrationValue), (24 bytes).
    Removing stm32f4xx_rcc.o(i.RCC_BackupResetCmd), (12 bytes).
    Removing stm32f4xx_rcc.o(i.RCC_ClearFlag), (20 bytes).
    Removing stm32f4xx_rcc.o(i.RCC_ClearITPendingBit), (12 bytes).
    Removing stm32f4xx_rcc.o(i.RCC_ClockSecuritySystemCmd), (12 bytes).
    Removing stm32f4xx_rcc.o(i.RCC_DeInit), (100 bytes).
    Removing stm32f4xx_rcc.o(i.RCC_GetFlagStatus), (64 bytes).
    Removing stm32f4xx_rcc.o(i.RCC_GetITStatus), (24 bytes).
    Removing stm32f4xx_rcc.o(i.RCC_GetSYSCLKSource), (16 bytes).
    Removing stm32f4xx_rcc.o(i.RCC_HCLKConfig), (24 bytes).
    Removing stm32f4xx_rcc.o(i.RCC_HSEConfig), (16 bytes).
    Removing stm32f4xx_rcc.o(i.RCC_HSICmd), (12 bytes).
    Removing stm32f4xx_rcc.o(i.RCC_I2SCLKConfig), (12 bytes).
    Removing stm32f4xx_rcc.o(i.RCC_ITConfig), (32 bytes).
    Removing stm32f4xx_rcc.o(i.RCC_LSEConfig), (44 bytes).
    Removing stm32f4xx_rcc.o(i.RCC_LSEModeConfig), (36 bytes).
    Removing stm32f4xx_rcc.o(i.RCC_LSICmd), (12 bytes).
    Removing stm32f4xx_rcc.o(i.RCC_LTDCCLKDivConfig), (24 bytes).
    Removing stm32f4xx_rcc.o(i.RCC_MCO1Config), (28 bytes).
    Removing stm32f4xx_rcc.o(i.RCC_MCO2Config), (28 bytes).
    Removing stm32f4xx_rcc.o(i.RCC_PCLK1Config), (24 bytes).
    Removing stm32f4xx_rcc.o(i.RCC_PCLK2Config), (24 bytes).
    Removing stm32f4xx_rcc.o(i.RCC_PLLCmd), (12 bytes).
    Removing stm32f4xx_rcc.o(i.RCC_PLLConfig), (36 bytes).
    Removing stm32f4xx_rcc.o(i.RCC_PLLI2SCmd), (12 bytes).
    Removing stm32f4xx_rcc.o(i.RCC_PLLI2SConfig), (16 bytes).
    Removing stm32f4xx_rcc.o(i.RCC_PLLSAICmd), (12 bytes).
    Removing stm32f4xx_rcc.o(i.RCC_PLLSAIConfig), (24 bytes).
    Removing stm32f4xx_rcc.o(i.RCC_RTCCLKCmd), (12 bytes).
    Removing stm32f4xx_rcc.o(i.RCC_RTCCLKConfig), (60 bytes).
    Removing stm32f4xx_rcc.o(i.RCC_SAIBlockACLKConfig), (24 bytes).
    Removing stm32f4xx_rcc.o(i.RCC_SAIBlockBCLKConfig), (24 bytes).
    Removing stm32f4xx_rcc.o(i.RCC_SAIPLLI2SClkDivConfig), (28 bytes).
    Removing stm32f4xx_rcc.o(i.RCC_SAIPLLSAIClkDivConfig), (28 bytes).
    Removing stm32f4xx_rcc.o(i.RCC_SYSCLKConfig), (24 bytes).
    Removing stm32f4xx_rcc.o(i.RCC_TIMCLKPresConfig), (12 bytes).
    Removing stm32f4xx_rcc.o(i.RCC_WaitForHSEStartUp), (56 bytes).
    Removing stm32f4xx_usart.o(.rev16_text), (4 bytes).
    Removing stm32f4xx_usart.o(.revsh_text), (4 bytes).
    Removing stm32f4xx_usart.o(.rrx_text), (6 bytes).
    Removing stm32f4xx_usart.o(i.USART_ClearFlag), (18 bytes).
    Removing stm32f4xx_usart.o(i.USART_ClearITPendingBit), (30 bytes).
    Removing stm32f4xx_usart.o(i.USART_ClockInit), (32 bytes).
    Removing stm32f4xx_usart.o(i.USART_ClockStructInit), (12 bytes).
    Removing stm32f4xx_usart.o(i.USART_DMACmd), (18 bytes).
    Removing stm32f4xx_usart.o(i.USART_DeInit), (240 bytes).
    Removing stm32f4xx_usart.o(i.USART_HalfDuplexCmd), (24 bytes).
    Removing stm32f4xx_usart.o(i.USART_IrDACmd), (24 bytes).
    Removing stm32f4xx_usart.o(i.USART_IrDAConfig), (18 bytes).
    Removing stm32f4xx_usart.o(i.USART_LINBreakDetectLengthConfig), (18 bytes).
    Removing stm32f4xx_usart.o(i.USART_LINCmd), (24 bytes).
    Removing stm32f4xx_usart.o(i.USART_OneBitMethodCmd), (24 bytes).
    Removing stm32f4xx_usart.o(i.USART_OverSampling8Cmd), (22 bytes).
    Removing stm32f4xx_usart.o(i.USART_ReceiverWakeUpCmd), (24 bytes).
    Removing stm32f4xx_usart.o(i.USART_SendBreak), (10 bytes).
    Removing stm32f4xx_usart.o(i.USART_SetAddress), (18 bytes).
    Removing stm32f4xx_usart.o(i.USART_SetGuardTime), (16 bytes).
    Removing stm32f4xx_usart.o(i.USART_SetPrescaler), (16 bytes).
    Removing stm32f4xx_usart.o(i.USART_SmartCardCmd), (24 bytes).
    Removing stm32f4xx_usart.o(i.USART_SmartCardNACKCmd), (24 bytes).
    Removing stm32f4xx_usart.o(i.USART_StructInit), (24 bytes).
    Removing stm32f4xx_usart.o(i.USART_WakeUpConfig), (18 bytes).
    Removing stm32f4xx_exti.o(.rev16_text), (4 bytes).
    Removing stm32f4xx_exti.o(.revsh_text), (4 bytes).
    Removing stm32f4xx_exti.o(.rrx_text), (6 bytes).
    Removing stm32f4xx_exti.o(i.EXTI_ClearFlag), (12 bytes).
    Removing stm32f4xx_exti.o(i.EXTI_DeInit), (36 bytes).
    Removing stm32f4xx_exti.o(i.EXTI_GenerateSWInterrupt), (16 bytes).
    Removing stm32f4xx_exti.o(i.EXTI_GetFlagStatus), (24 bytes).
    Removing stm32f4xx_exti.o(i.EXTI_StructInit), (16 bytes).
    Removing stm32f4xx_spi.o(.rev16_text), (4 bytes).
    Removing stm32f4xx_spi.o(.revsh_text), (4 bytes).
    Removing stm32f4xx_spi.o(.rrx_text), (6 bytes).
    Removing stm32f4xx_spi.o(i.I2S_Cmd), (24 bytes).
    Removing stm32f4xx_spi.o(i.I2S_FullDuplexConfig), (80 bytes).
    Removing stm32f4xx_spi.o(i.I2S_Init), (408 bytes).
    Removing stm32f4xx_spi.o(i.I2S_StructInit), (20 bytes).
    Removing stm32f4xx_spi.o(i.SPI_BiDirectionalLineConfig), (28 bytes).
    Removing stm32f4xx_spi.o(i.SPI_CalculateCRC), (24 bytes).
    Removing stm32f4xx_spi.o(i.SPI_DataSizeConfig), (18 bytes).
    Removing stm32f4xx_spi.o(i.SPI_GetCRC), (16 bytes).
    Removing stm32f4xx_spi.o(i.SPI_GetCRCPolynomial), (6 bytes).
    Removing stm32f4xx_spi.o(i.SPI_I2S_ClearFlag), (6 bytes).
    Removing stm32f4xx_spi.o(i.SPI_I2S_ClearITPendingBit), (20 bytes).
    Removing stm32f4xx_spi.o(i.SPI_I2S_DMACmd), (18 bytes).
    Removing stm32f4xx_spi.o(i.SPI_I2S_DeInit), (176 bytes).
    Removing stm32f4xx_spi.o(i.SPI_I2S_GetITStatus), (52 bytes).
    Removing stm32f4xx_spi.o(i.SPI_I2S_ITConfig), (32 bytes).
    Removing stm32f4xx_spi.o(i.SPI_NSSInternalSoftwareConfig), (30 bytes).
    Removing stm32f4xx_spi.o(i.SPI_SSOutputCmd), (24 bytes).
    Removing stm32f4xx_spi.o(i.SPI_StructInit), (24 bytes).
    Removing stm32f4xx_spi.o(i.SPI_TIModeCmd), (24 bytes).
    Removing stm32f4xx_spi.o(i.SPI_TransmitCRC), (10 bytes).
    Removing stm32f4xx_tim.o(.rev16_text), (4 bytes).
    Removing stm32f4xx_tim.o(.revsh_text), (4 bytes).
    Removing stm32f4xx_tim.o(.rrx_text), (6 bytes).
    Removing stm32f4xx_tim.o(i.TI1_Config), (58 bytes).
    Removing stm32f4xx_tim.o(i.TI2_Config), (80 bytes).
    Removing stm32f4xx_tim.o(i.TI3_Config), (72 bytes).
    Removing stm32f4xx_tim.o(i.TI4_Config), (80 bytes).
    Removing stm32f4xx_tim.o(i.TIM_ARRPreloadConfig), (24 bytes).
    Removing stm32f4xx_tim.o(i.TIM_BDTRConfig), (32 bytes).
    Removing stm32f4xx_tim.o(i.TIM_BDTRStructInit), (18 bytes).
    Removing stm32f4xx_tim.o(i.TIM_CCPreloadControl), (24 bytes).
    Removing stm32f4xx_tim.o(i.TIM_CCxCmd), (30 bytes).
    Removing stm32f4xx_tim.o(i.TIM_CCxNCmd), (30 bytes).
    Removing stm32f4xx_tim.o(i.TIM_ClearFlag), (6 bytes).
    Removing stm32f4xx_tim.o(i.TIM_ClearOC1Ref), (18 bytes).
    Removing stm32f4xx_tim.o(i.TIM_ClearOC2Ref), (24 bytes).
    Removing stm32f4xx_tim.o(i.TIM_ClearOC3Ref), (18 bytes).
    Removing stm32f4xx_tim.o(i.TIM_ClearOC4Ref), (24 bytes).
    Removing stm32f4xx_tim.o(i.TIM_CounterModeConfig), (18 bytes).
    Removing stm32f4xx_tim.o(i.TIM_CtrlPWMOutputs), (30 bytes).
    Removing stm32f4xx_tim.o(i.TIM_DMACmd), (18 bytes).
    Removing stm32f4xx_tim.o(i.TIM_DMAConfig), (10 bytes).
    Removing stm32f4xx_tim.o(i.TIM_DeInit), (400 bytes).
    Removing stm32f4xx_tim.o(i.TIM_ETRClockMode1Config), (54 bytes).
    Removing stm32f4xx_tim.o(i.TIM_ETRClockMode2Config), (32 bytes).
    Removing stm32f4xx_tim.o(i.TIM_ETRConfig), (28 bytes).
    Removing stm32f4xx_tim.o(i.TIM_EncoderInterfaceConfig), (66 bytes).
    Removing stm32f4xx_tim.o(i.TIM_ForcedOC1Config), (18 bytes).
    Removing stm32f4xx_tim.o(i.TIM_ForcedOC2Config), (26 bytes).
    Removing stm32f4xx_tim.o(i.TIM_ForcedOC3Config), (18 bytes).
    Removing stm32f4xx_tim.o(i.TIM_ForcedOC4Config), (26 bytes).
    Removing stm32f4xx_tim.o(i.TIM_GenerateEvent), (4 bytes).
    Removing stm32f4xx_tim.o(i.TIM_GetCapture1), (6 bytes).
    Removing stm32f4xx_tim.o(i.TIM_GetCapture2), (6 bytes).
    Removing stm32f4xx_tim.o(i.TIM_GetCapture3), (6 bytes).
    Removing stm32f4xx_tim.o(i.TIM_GetCapture4), (6 bytes).
    Removing stm32f4xx_tim.o(i.TIM_GetCounter), (6 bytes).
    Removing stm32f4xx_tim.o(i.TIM_GetFlagStatus), (18 bytes).
    Removing stm32f4xx_tim.o(i.TIM_GetPrescaler), (6 bytes).
    Removing stm32f4xx_tim.o(i.TIM_ICInit), (110 bytes).
    Removing stm32f4xx_tim.o(i.TIM_ICStructInit), (18 bytes).
    Removing stm32f4xx_tim.o(i.TIM_ITRxExternalClockConfig), (24 bytes).
    Removing stm32f4xx_tim.o(i.TIM_InternalClockConfig), (12 bytes).
    Removing stm32f4xx_tim.o(i.TIM_OC1FastConfig), (18 bytes).
    Removing stm32f4xx_tim.o(i.TIM_OC1Init), (124 bytes).
    Removing stm32f4xx_tim.o(i.TIM_OC1NPolarityConfig), (18 bytes).
    Removing stm32f4xx_tim.o(i.TIM_OC1PolarityConfig), (18 bytes).
    Removing stm32f4xx_tim.o(i.TIM_OC1PreloadConfig), (18 bytes).
    Removing stm32f4xx_tim.o(i.TIM_OC2FastConfig), (26 bytes).
    Removing stm32f4xx_tim.o(i.TIM_OC2Init), (164 bytes).
    Removing stm32f4xx_tim.o(i.TIM_OC2NPolarityConfig), (26 bytes).
    Removing stm32f4xx_tim.o(i.TIM_OC2PolarityConfig), (26 bytes).
    Removing stm32f4xx_tim.o(i.TIM_OC2PreloadConfig), (26 bytes).
    Removing stm32f4xx_tim.o(i.TIM_OC3FastConfig), (18 bytes).
    Removing stm32f4xx_tim.o(i.TIM_OC3Init), (160 bytes).
    Removing stm32f4xx_tim.o(i.TIM_OC3NPolarityConfig), (26 bytes).
    Removing stm32f4xx_tim.o(i.TIM_OC3PolarityConfig), (26 bytes).
    Removing stm32f4xx_tim.o(i.TIM_OC3PreloadConfig), (18 bytes).
    Removing stm32f4xx_tim.o(i.TIM_OC4FastConfig), (26 bytes).
    Removing stm32f4xx_tim.o(i.TIM_OC4Init), (120 bytes).
    Removing stm32f4xx_tim.o(i.TIM_OC4PolarityConfig), (26 bytes).
    Removing stm32f4xx_tim.o(i.TIM_OC4PreloadConfig), (26 bytes).
    Removing stm32f4xx_tim.o(i.TIM_OCStructInit), (20 bytes).
    Removing stm32f4xx_tim.o(i.TIM_PWMIConfig), (124 bytes).
    Removing stm32f4xx_tim.o(i.TIM_PrescalerConfig), (6 bytes).
    Removing stm32f4xx_tim.o(i.TIM_RemapConfig), (6 bytes).
    Removing stm32f4xx_tim.o(i.TIM_SelectCCDMA), (24 bytes).
    Removing stm32f4xx_tim.o(i.TIM_SelectCOM), (24 bytes).
    Removing stm32f4xx_tim.o(i.TIM_SelectHallSensor), (24 bytes).
    Removing stm32f4xx_tim.o(i.TIM_SelectInputTrigger), (18 bytes).
    Removing stm32f4xx_tim.o(i.TIM_SelectMasterSlaveMode), (18 bytes).
    Removing stm32f4xx_tim.o(i.TIM_SelectOCxM), (86 bytes).
    Removing stm32f4xx_tim.o(i.TIM_SelectOnePulseMode), (18 bytes).
    Removing stm32f4xx_tim.o(i.TIM_SelectOutputTrigger), (18 bytes).
    Removing stm32f4xx_tim.o(i.TIM_SelectSlaveMode), (18 bytes).
    Removing stm32f4xx_tim.o(i.TIM_SetAutoreload), (4 bytes).
    Removing stm32f4xx_tim.o(i.TIM_SetClockDivision), (18 bytes).
    Removing stm32f4xx_tim.o(i.TIM_SetCompare1), (4 bytes).
    Removing stm32f4xx_tim.o(i.TIM_SetCompare2), (4 bytes).
    Removing stm32f4xx_tim.o(i.TIM_SetCompare3), (4 bytes).
    Removing stm32f4xx_tim.o(i.TIM_SetCompare4), (4 bytes).
    Removing stm32f4xx_tim.o(i.TIM_SetCounter), (4 bytes).
    Removing stm32f4xx_tim.o(i.TIM_SetIC1Prescaler), (18 bytes).
    Removing stm32f4xx_tim.o(i.TIM_SetIC2Prescaler), (26 bytes).
    Removing stm32f4xx_tim.o(i.TIM_SetIC3Prescaler), (18 bytes).
    Removing stm32f4xx_tim.o(i.TIM_SetIC4Prescaler), (26 bytes).
    Removing stm32f4xx_tim.o(i.TIM_TIxExternalClockConfig), (62 bytes).
    Removing stm32f4xx_tim.o(i.TIM_TimeBaseStructInit), (18 bytes).
    Removing stm32f4xx_tim.o(i.TIM_UpdateDisableConfig), (24 bytes).
    Removing stm32f4xx_tim.o(i.TIM_UpdateRequestConfig), (24 bytes).
    Removing stm32f4xx_dma.o(.rev16_text), (4 bytes).
    Removing stm32f4xx_dma.o(.revsh_text), (4 bytes).
    Removing stm32f4xx_dma.o(.rrx_text), (6 bytes).
    Removing stm32f4xx_dma.o(i.DMA_ClearFlag), (52 bytes).
    Removing stm32f4xx_dma.o(i.DMA_Cmd), (22 bytes).
    Removing stm32f4xx_dma.o(i.DMA_DeInit), (344 bytes).
    Removing stm32f4xx_dma.o(i.DMA_DoubleBufferModeCmd), (22 bytes).
    Removing stm32f4xx_dma.o(i.DMA_DoubleBufferModeConfig), (24 bytes).
    Removing stm32f4xx_dma.o(i.DMA_FlowControllerConfig), (22 bytes).
    Removing stm32f4xx_dma.o(i.DMA_GetCmdStatus), (20 bytes).
    Removing stm32f4xx_dma.o(i.DMA_GetCurrDataCounter), (8 bytes).
    Removing stm32f4xx_dma.o(i.DMA_GetCurrentMemoryTarget), (20 bytes).
    Removing stm32f4xx_dma.o(i.DMA_GetFIFOStatus), (12 bytes).
    Removing stm32f4xx_dma.o(i.DMA_GetFlagStatus), (68 bytes).
    Removing stm32f4xx_dma.o(i.DMA_ITConfig), (58 bytes).
    Removing stm32f4xx_dma.o(i.DMA_Init), (88 bytes).
    Removing stm32f4xx_dma.o(i.DMA_MemoryTargetConfig), (10 bytes).
    Removing stm32f4xx_dma.o(i.DMA_PeriphIncOffsetSizeConfig), (22 bytes).
    Removing stm32f4xx_dma.o(i.DMA_SetCurrDataCounter), (4 bytes).
    Removing stm32f4xx_dma.o(i.DMA_StructInit), (34 bytes).
    Removing stm32f4xx_syscfg.o(.rev16_text), (4 bytes).
    Removing stm32f4xx_syscfg.o(.revsh_text), (4 bytes).
    Removing stm32f4xx_syscfg.o(.rrx_text), (6 bytes).
    Removing stm32f4xx_syscfg.o(i.SYSCFG_CompensationCellCmd), (12 bytes).
    Removing stm32f4xx_syscfg.o(i.SYSCFG_DeInit), (22 bytes).
    Removing stm32f4xx_syscfg.o(i.SYSCFG_ETH_MediaInterfaceConfig), (12 bytes).
    Removing stm32f4xx_syscfg.o(i.SYSCFG_GetCompensationCellStatus), (24 bytes).
    Removing stm32f4xx_syscfg.o(i.SYSCFG_MemoryRemapConfig), (12 bytes).
    Removing stm32f4xx_syscfg.o(i.SYSCFG_MemorySwappingBank), (12 bytes).
    Removing main.o(.rev16_text), (4 bytes).
    Removing main.o(.revsh_text), (4 bytes).
    Removing main.o(.rrx_text), (6 bytes).
    Removing main.o(.data), (8 bytes).
    Removing stm32f4xx_it.o(.rev16_text), (4 bytes).
    Removing stm32f4xx_it.o(.revsh_text), (4 bytes).
    Removing stm32f4xx_it.o(.rrx_text), (6 bytes).
    Removing led.o(.rev16_text), (4 bytes).
    Removing led.o(.revsh_text), (4 bytes).
    Removing led.o(.rrx_text), (6 bytes).
    Removing usart.o(.rev16_text), (4 bytes).
    Removing usart.o(.revsh_text), (4 bytes).
    Removing usart.o(.rrx_text), (6 bytes).
    Removing systick.o(.rev16_text), (4 bytes).
    Removing systick.o(.revsh_text), (4 bytes).
    Removing systick.o(.rrx_text), (6 bytes).
    Removing spi.o(.rev16_text), (4 bytes).
    Removing spi.o(.revsh_text), (4 bytes).
    Removing spi.o(.rrx_text), (6 bytes).
    Removing spi.o(i.SPI1DMA_Init), (160 bytes).
    Removing spi.o(i.SPI2DMA_Init), (156 bytes).
    Removing flash.o(.rev16_text), (4 bytes).
    Removing flash.o(.revsh_text), (4 bytes).
    Removing flash.o(.rrx_text), (6 bytes).
    Removing flash.o(i.FLASH_CheckBusy), (128 bytes).
    Removing flash.o(i.FLASH_DMAReadData), (144 bytes).
    Removing flash.o(i.FLASH_FastRead), (104 bytes).
    Removing flash.o(i.FLASH_PageWrite), (140 bytes).
    Removing flash.o(i.FLASH_ReadData), (96 bytes).
    Removing flash.o(i.FLASH_SectorErase), (76 bytes).
    Removing flash.o(i.FLASH_Test), (224 bytes).
    Removing flash.o(i.FLASH_WriteData), (244 bytes).
    Removing flash.o(i.FLASH_WriteEnable), (36 bytes).
    Removing flash.o(.bss), (122880 bytes).
    Removing tim.o(.rev16_text), (4 bytes).
    Removing tim.o(.revsh_text), (4 bytes).
    Removing tim.o(.rrx_text), (6 bytes).
    Removing iic.o(.rev16_text), (4 bytes).
    Removing iic.o(.revsh_text), (4 bytes).
    Removing iic.o(.rrx_text), (6 bytes).
    Removing mpu6050.o(.rev16_text), (4 bytes).
    Removing mpu6050.o(.revsh_text), (4 bytes).
    Removing mpu6050.o(.rrx_text), (6 bytes).
    Removing mpu6050.o(i.MPU6050_PrintData), (184 bytes).
    Removing mpu6050.o(i.MPU6050_ReadAcc), (64 bytes).
    Removing mpu6050.o(i.MPU6050_ReadGyro), (64 bytes).
    Removing mpu6050.o(i.MPU6050_ReadTemp), (112 bytes).
    Removing lcd.o(.rev16_text), (4 bytes).
    Removing lcd.o(.revsh_text), (4 bytes).
    Removing lcd.o(.rrx_text), (6 bytes).
    Removing lcd.o(i.LCD_DMAWriteFrame), (172 bytes).
    Removing lcd.o(i.LCD_DrawPicture), (68 bytes).
    Removing esp8266.o(.rev16_text), (4 bytes).
    Removing esp8266.o(.revsh_text), (4 bytes).
    Removing esp8266.o(.rrx_text), (6 bytes).
    Removing dflti.o(.text), (34 bytes).
    Removing f2d.o(.text), (38 bytes).
    Removing d2f.o(.text), (56 bytes).
    Removing fepilogue.o(.text), (110 bytes).

310 unused section(s) (total 134028 bytes) removed from the image.

==============================================================================

Image Symbol Table

    Local Symbols

    Symbol Name                              Value     Ov Type        Size  Object(Section)

    ../clib/microlib/division.c              0x00000000   Number         0  uldiv.o ABSOLUTE
    ../clib/microlib/division.c              0x00000000   Number         0  uidiv.o ABSOLUTE
    ../clib/microlib/init/entry.s            0x00000000   Number         0  entry10a.o ABSOLUTE
    ../clib/microlib/init/entry.s            0x00000000   Number         0  entry9a.o ABSOLUTE
    ../clib/microlib/init/entry.s            0x00000000   Number         0  entry8b.o ABSOLUTE
    ../clib/microlib/init/entry.s            0x00000000   Number         0  entry8a.o ABSOLUTE
    ../clib/microlib/init/entry.s            0x00000000   Number         0  entry.o ABSOLUTE
    ../clib/microlib/init/entry.s            0x00000000   Number         0  entry7b.o ABSOLUTE
    ../clib/microlib/init/entry.s            0x00000000   Number         0  entry7a.o ABSOLUTE
    ../clib/microlib/init/entry.s            0x00000000   Number         0  entry5.o ABSOLUTE
    ../clib/microlib/init/entry.s            0x00000000   Number         0  entry11b.o ABSOLUTE
    ../clib/microlib/init/entry.s            0x00000000   Number         0  entry11a.o ABSOLUTE
    ../clib/microlib/init/entry.s            0x00000000   Number         0  entry10b.o ABSOLUTE
    ../clib/microlib/init/entry.s            0x00000000   Number         0  entry2.o ABSOLUTE
    ../clib/microlib/init/entry.s            0x00000000   Number         0  entry9b.o ABSOLUTE
    ../clib/microlib/longlong.c              0x00000000   Number         0  llsshr.o ABSOLUTE
    ../clib/microlib/longlong.c              0x00000000   Number         0  llshl.o ABSOLUTE
    ../clib/microlib/longlong.c              0x00000000   Number         0  llushr.o ABSOLUTE
    ../clib/microlib/printf/printf.c         0x00000000   Number         0  printf1.o ABSOLUTE
    ../clib/microlib/printf/printf.c         0x00000000   Number         0  printf0.o ABSOLUTE
    ../clib/microlib/printf/printf.c         0x00000000   Number         0  printfb.o ABSOLUTE
    ../clib/microlib/printf/printf.c         0x00000000   Number         0  printf7.o ABSOLUTE
    ../clib/microlib/printf/printf.c         0x00000000   Number         0  printfa.o ABSOLUTE
    ../clib/microlib/printf/printf.c         0x00000000   Number         0  printf8.o ABSOLUTE
    ../clib/microlib/printf/printf.c         0x00000000   Number         0  printf6.o ABSOLUTE
    ../clib/microlib/printf/printf.c         0x00000000   Number         0  printf5.o ABSOLUTE
    ../clib/microlib/printf/printf.c         0x00000000   Number         0  printf4.o ABSOLUTE
    ../clib/microlib/printf/printf.c         0x00000000   Number         0  printf3.o ABSOLUTE
    ../clib/microlib/printf/printf.c         0x00000000   Number         0  printf2.o ABSOLUTE
    ../clib/microlib/printf/stubs.s          0x00000000   Number         0  stubs.o ABSOLUTE
    ../clib/microlib/stdio/streams.c         0x00000000   Number         0  stdout.o ABSOLUTE
    ../clib/microlib/string/strstr.c         0x00000000   Number         0  strstr.o ABSOLUTE
    ../clib/microlib/stubs.s                 0x00000000   Number         0  iusefp.o ABSOLUTE
    ../fplib/microlib/d2f.c                  0x00000000   Number         0  d2f.o ABSOLUTE
    ../fplib/microlib/f2d.c                  0x00000000   Number         0  f2d.o ABSOLUTE
    ../fplib/microlib/fpadd.c                0x00000000   Number         0  dadd.o ABSOLUTE
    ../fplib/microlib/fpdiv.c                0x00000000   Number         0  ddiv.o ABSOLUTE
    ../fplib/microlib/fpepilogue.c           0x00000000   Number         0  depilogue.o ABSOLUTE
    ../fplib/microlib/fpepilogue.c           0x00000000   Number         0  fepilogue.o ABSOLUTE
    ../fplib/microlib/fpfix.c                0x00000000   Number         0  dfixul.o ABSOLUTE
    ../fplib/microlib/fpflt.c                0x00000000   Number         0  dflti.o ABSOLUTE
    ../fplib/microlib/fpmul.c                0x00000000   Number         0  dmul.o ABSOLUTE
    ..\\app\\ESP8266\\esp8266.c              0x00000000   Number         0  esp8266.o ABSOLUTE
    ..\\app\\IIC_MPU6050\\iic.c              0x00000000   Number         0  iic.o ABSOLUTE
    ..\\app\\IIC_MPU6050\\mpu6050.c          0x00000000   Number         0  mpu6050.o ABSOLUTE
    ..\\app\\LED\\led.c                      0x00000000   Number         0  led.o ABSOLUTE
    ..\\app\\SPI_FLASH\\flash.c              0x00000000   Number         0  flash.o ABSOLUTE
    ..\\app\\SPI_FLASH\\spi.c                0x00000000   Number         0  spi.o ABSOLUTE
    ..\\app\\SPI_LCD\\lcd.c                  0x00000000   Number         0  lcd.o ABSOLUTE
    ..\\app\\SYSTICK\\systick.c              0x00000000   Number         0  systick.o ABSOLUTE
    ..\\app\\TIM\\tim.c                      0x00000000   Number         0  tim.o ABSOLUTE
    ..\\app\\USART\\usart.c                  0x00000000   Number         0  usart.o ABSOLUTE
    ..\\libraries\\CMSIS\\Device\\ST\\STM32F4xx\\Source\\Templates\\system_stm32f4xx.c 0x00000000   Number         0  system_stm32f4xx.o ABSOLUTE
    ..\\libraries\\STM32F4xx_StdPeriph_Driver\\src\\misc.c 0x00000000   Number         0  misc.o ABSOLUTE
    ..\\libraries\\STM32F4xx_StdPeriph_Driver\\src\\stm32f4xx_dma.c 0x00000000   Number         0  stm32f4xx_dma.o ABSOLUTE
    ..\\libraries\\STM32F4xx_StdPeriph_Driver\\src\\stm32f4xx_exti.c 0x00000000   Number         0  stm32f4xx_exti.o ABSOLUTE
    ..\\libraries\\STM32F4xx_StdPeriph_Driver\\src\\stm32f4xx_gpio.c 0x00000000   Number         0  stm32f4xx_gpio.o ABSOLUTE
    ..\\libraries\\STM32F4xx_StdPeriph_Driver\\src\\stm32f4xx_rcc.c 0x00000000   Number         0  stm32f4xx_rcc.o ABSOLUTE
    ..\\libraries\\STM32F4xx_StdPeriph_Driver\\src\\stm32f4xx_spi.c 0x00000000   Number         0  stm32f4xx_spi.o ABSOLUTE
    ..\\libraries\\STM32F4xx_StdPeriph_Driver\\src\\stm32f4xx_syscfg.c 0x00000000   Number         0  stm32f4xx_syscfg.o ABSOLUTE
    ..\\libraries\\STM32F4xx_StdPeriph_Driver\\src\\stm32f4xx_tim.c 0x00000000   Number         0  stm32f4xx_tim.o ABSOLUTE
    ..\\libraries\\STM32F4xx_StdPeriph_Driver\\src\\stm32f4xx_usart.c 0x00000000   Number         0  stm32f4xx_usart.o ABSOLUTE
    ..\\user\\src\\main.c                    0x00000000   Number         0  main.o ABSOLUTE
    ..\\user\\src\\stm32f4xx_it.c            0x00000000   Number         0  stm32f4xx_it.o ABSOLUTE
    ..\app\ESP8266\esp8266.c                 0x00000000   Number         0  esp8266.o ABSOLUTE
    ..\app\IIC_MPU6050\iic.c                 0x00000000   Number         0  iic.o ABSOLUTE
    ..\app\IIC_MPU6050\mpu6050.c             0x00000000   Number         0  mpu6050.o ABSOLUTE
    ..\app\LED\led.c                         0x00000000   Number         0  led.o ABSOLUTE
    ..\app\SPI_FLASH\flash.c                 0x00000000   Number         0  flash.o ABSOLUTE
    ..\app\SPI_FLASH\spi.c                   0x00000000   Number         0  spi.o ABSOLUTE
    ..\app\SPI_LCD\lcd.c                     0x00000000   Number         0  lcd.o ABSOLUTE
    ..\app\SYSTICK\systick.c                 0x00000000   Number         0  systick.o ABSOLUTE
    ..\app\TIM\tim.c                         0x00000000   Number         0  tim.o ABSOLUTE
    ..\app\USART\usart.c                     0x00000000   Number         0  usart.o ABSOLUTE
    ..\libraries\CMSIS\Device\ST\STM32F4xx\Source\Templates\arm\startup_stm32f40xx.s 0x00000000   Number         0  startup_stm32f40xx.o ABSOLUTE
    ..\libraries\CMSIS\Device\ST\STM32F4xx\Source\Templates\system_stm32f4xx.c 0x00000000   Number         0  system_stm32f4xx.o ABSOLUTE
    ..\libraries\STM32F4xx_StdPeriph_Driver\src\misc.c 0x00000000   Number         0  misc.o ABSOLUTE
    ..\libraries\STM32F4xx_StdPeriph_Driver\src\stm32f4xx_dma.c 0x00000000   Number         0  stm32f4xx_dma.o ABSOLUTE
    ..\libraries\STM32F4xx_StdPeriph_Driver\src\stm32f4xx_exti.c 0x00000000   Number         0  stm32f4xx_exti.o ABSOLUTE
    ..\libraries\STM32F4xx_StdPeriph_Driver\src\stm32f4xx_gpio.c 0x00000000   Number         0  stm32f4xx_gpio.o ABSOLUTE
    ..\libraries\STM32F4xx_StdPeriph_Driver\src\stm32f4xx_rcc.c 0x00000000   Number         0  stm32f4xx_rcc.o ABSOLUTE
    ..\libraries\STM32F4xx_StdPeriph_Driver\src\stm32f4xx_spi.c 0x00000000   Number         0  stm32f4xx_spi.o ABSOLUTE
    ..\libraries\STM32F4xx_StdPeriph_Driver\src\stm32f4xx_syscfg.c 0x00000000   Number         0  stm32f4xx_syscfg.o ABSOLUTE
    ..\libraries\STM32F4xx_StdPeriph_Driver\src\stm32f4xx_tim.c 0x00000000   Number         0  stm32f4xx_tim.o ABSOLUTE
    ..\libraries\STM32F4xx_StdPeriph_Driver\src\stm32f4xx_usart.c 0x00000000   Number         0  stm32f4xx_usart.o ABSOLUTE
    ..\user\src\main.c                       0x00000000   Number         0  main.o ABSOLUTE
    ..\user\src\stm32f4xx_it.c               0x00000000   Number         0  stm32f4xx_it.o ABSOLUTE
    cdrcmple.s                               0x00000000   Number         0  cdrcmple.o ABSOLUTE
    dc.s                                     0x00000000   Number         0  dc.o ABSOLUTE
    handlers.s                               0x00000000   Number         0  handlers.o ABSOLUTE
    init.s                                   0x00000000   Number         0  init.o ABSOLUTE
    RESET                                    0x08000000   Section      392  startup_stm32f40xx.o(RESET)
    .ARM.Collect$$$$00000000                 0x08000188   Section        0  entry.o(.ARM.Collect$$$$00000000)
    .ARM.Collect$$$$00000001                 0x08000188   Section        4  entry2.o(.ARM.Collect$$$$00000001)
    .ARM.Collect$$$$00000004                 0x0800018c   Section        4  entry5.o(.ARM.Collect$$$$00000004)
    .ARM.Collect$$$$00000008                 0x08000190   Section        0  entry7b.o(.ARM.Collect$$$$00000008)
    .ARM.Collect$$$$0000000A                 0x08000190   Section        0  entry8b.o(.ARM.Collect$$$$0000000A)
    .ARM.Collect$$$$0000000B                 0x08000190   Section        8  entry9a.o(.ARM.Collect$$$$0000000B)
    .ARM.Collect$$$$0000000D                 0x08000198   Section        0  entry10a.o(.ARM.Collect$$$$0000000D)
    .ARM.Collect$$$$0000000F                 0x08000198   Section        0  entry11a.o(.ARM.Collect$$$$0000000F)
    .ARM.Collect$$$$00002712                 0x08000198   Section        4  entry2.o(.ARM.Collect$$$$00002712)
    __lit__00000000                          0x08000198   Data           4  entry2.o(.ARM.Collect$$$$00002712)
    .text                                    0x0800019c   Section       36  startup_stm32f40xx.o(.text)
    $v0                                      0x0800019c   Number         0  startup_stm32f40xx.o(.text)
    .text                                    0x080001c0   Section        0  strstr.o(.text)
    .text                                    0x080001e4   Section        0  dadd.o(.text)
    .text                                    0x08000332   Section        0  ddiv.o(.text)
    .text                                    0x08000410   Section        0  uidiv.o(.text)
    .text                                    0x0800043c   Section        0  uldiv.o(.text)
    .text                                    0x0800049e   Section        0  llshl.o(.text)
    .text                                    0x080004bc   Section        0  llsshr.o(.text)
    .text                                    0x080004e0   Section        0  depilogue.o(.text)
    .text                                    0x080004e0   Section        0  iusefp.o(.text)
    .text                                    0x0800059a   Section        0  dmul.o(.text)
    .text                                    0x0800067e   Section        0  dfixul.o(.text)
    .text                                    0x080006b0   Section       48  cdrcmple.o(.text)
    .text                                    0x080006e0   Section       36  init.o(.text)
    .text                                    0x08000704   Section        0  llushr.o(.text)
    i.BusFault_Handler                       0x08000724   Section        0  stm32f4xx_it.o(i.BusFault_Handler)
    i.DMA1_Stream3_IRQHandler                0x08000728   Section        0  stm32f4xx_it.o(i.DMA1_Stream3_IRQHandler)
    i.DMA2_Stream3_IRQHandler                0x0800076c   Section        0  stm32f4xx_it.o(i.DMA2_Stream3_IRQHandler)
    i.DMA_ClearITPendingBit                  0x08000794   Section        0  stm32f4xx_dma.o(i.DMA_ClearITPendingBit)
    i.DMA_GetITStatus                        0x080007c8   Section        0  stm32f4xx_dma.o(i.DMA_GetITStatus)
    i.DebugMon_Handler                       0x0800082c   Section        0  stm32f4xx_it.o(i.DebugMon_Handler)
    i.ESP8266_Init                           0x08000830   Section        0  esp8266.o(i.ESP8266_Init)
    i.ESP8266_SendString                     0x08000928   Section        0  esp8266.o(i.ESP8266_SendString)
    i.ESP8266_Test                           0x08000980   Section        0  esp8266.o(i.ESP8266_Test)
    i.EXTI15_10_IRQHandler                   0x080009b0   Section        0  stm32f4xx_it.o(i.EXTI15_10_IRQHandler)
    i.EXTI_ClearITPendingBit                 0x080009dc   Section        0  stm32f4xx_exti.o(i.EXTI_ClearITPendingBit)
    i.EXTI_GetITStatus                       0x080009e8   Section        0  stm32f4xx_exti.o(i.EXTI_GetITStatus)
    i.EXTI_Init                              0x08000a00   Section        0  stm32f4xx_exti.o(i.EXTI_Init)
    i.FLASH_Init                             0x08000a94   Section        0  flash.o(i.FLASH_Init)
    i.FLASH_ReadID                           0x08000aac   Section        0  flash.o(i.FLASH_ReadID)
    i.GPIO_Init                              0x08000af8   Section        0  stm32f4xx_gpio.o(i.GPIO_Init)
    i.GPIO_PinAFConfig                       0x08000b88   Section        0  stm32f4xx_gpio.o(i.GPIO_PinAFConfig)
    i.GPIO_ReadInputDataBit                  0x08000bce   Section        0  stm32f4xx_gpio.o(i.GPIO_ReadInputDataBit)
    i.GPIO_ResetBits                         0x08000be0   Section        0  stm32f4xx_gpio.o(i.GPIO_ResetBits)
    i.GPIO_SetBits                           0x08000be4   Section        0  stm32f4xx_gpio.o(i.GPIO_SetBits)
    i.HardFault_Handler                      0x08000be8   Section        0  stm32f4xx_it.o(i.HardFault_Handler)
    i.IIC_ACK                                0x08000bec   Section        0  iic.o(i.IIC_ACK)
    i.IIC_NOACK                              0x08000c38   Section        0  iic.o(i.IIC_NOACK)
    i.IIC_PinInit                            0x08000c7c   Section        0  iic.o(i.IIC_PinInit)
    i.IIC_ReadByte                           0x08000cd0   Section        0  iic.o(i.IIC_ReadByte)
    i.IIC_ReadDataFromIMU                    0x08000d28   Section        0  iic.o(i.IIC_ReadDataFromIMU)
    i.IIC_Start                              0x08000d84   Section        0  iic.o(i.IIC_Start)
    i.IIC_Stop                               0x08000dc0   Section        0  iic.o(i.IIC_Stop)
    i.IIC_WaitACK                            0x08000df8   Section        0  iic.o(i.IIC_WaitACK)
    i.IIC_WriteByte                          0x08000e44   Section        0  iic.o(i.IIC_WriteByte)
    i.IIC_WriteDataToIMU                     0x08000eac   Section        0  iic.o(i.IIC_WriteDataToIMU)
    i.LCD_AddressSet                         0x08000eda   Section        0  lcd.o(i.LCD_AddressSet)
    i.LCD_FullColor                          0x08000f14   Section        0  lcd.o(i.LCD_FullColor)
    i.LCD_Init                               0x08000f44   Section        0  lcd.o(i.LCD_Init)
    i.LCD_Test                               0x080010f0   Section        0  lcd.o(i.LCD_Test)
    i.LED_Init                               0x08001114   Section        0  led.o(i.LED_Init)
    i.LED_OFF                                0x08001148   Section        0  led.o(i.LED_OFF)
    i.LED_ON                                 0x08001158   Section        0  led.o(i.LED_ON)
    i.MPU6050_GetAddress                     0x08001168   Section        0  mpu6050.o(i.MPU6050_GetAddress)
    i.MPU6050_Init                           0x0800117a   Section        0  mpu6050.o(i.MPU6050_Init)
    i.MPU6050_InterruptInit                  0x080011b0   Section        0  mpu6050.o(i.MPU6050_InterruptInit)
    i.MPU6050_Test                           0x08001228   Section        0  mpu6050.o(i.MPU6050_Test)
    i.MemManage_Handler                      0x08001248   Section        0  stm32f4xx_it.o(i.MemManage_Handler)
    i.NMI_Handler                            0x0800124c   Section        0  stm32f4xx_it.o(i.NMI_Handler)
    i.NVIC_Init                              0x08001250   Section        0  misc.o(i.NVIC_Init)
    i.NVIC_PriorityGroupConfig               0x080012c8   Section        0  misc.o(i.NVIC_PriorityGroupConfig)
    i.PendSV_Handler                         0x080012dc   Section        0  stm32f4xx_it.o(i.PendSV_Handler)
    i.RCC_AHB1PeriphClockCmd                 0x080012e0   Section        0  stm32f4xx_rcc.o(i.RCC_AHB1PeriphClockCmd)
    i.RCC_APB1PeriphClockCmd                 0x08001300   Section        0  stm32f4xx_rcc.o(i.RCC_APB1PeriphClockCmd)
    i.RCC_APB2PeriphClockCmd                 0x08001320   Section        0  stm32f4xx_rcc.o(i.RCC_APB2PeriphClockCmd)
    i.RCC_GetClocksFreq                      0x08001340   Section        0  stm32f4xx_rcc.o(i.RCC_GetClocksFreq)
    i.RGB_Init                               0x08001428   Section        0  led.o(i.RGB_Init)
    i.RGB_OFF                                0x08001460   Section        0  led.o(i.RGB_OFF)
    i.RGB_OPEN                               0x08001484   Section        0  led.o(i.RGB_OPEN)
    i.RGB_Test                               0x080014bc   Section        0  led.o(i.RGB_Test)
    i.SPI1Init                               0x08001500   Section        0  spi.o(i.SPI1Init)
    i.SPI1_Write16Data                       0x080015fc   Section        0  spi.o(i.SPI1_Write16Data)
    i.SPI1_Write8Data                        0x08001650   Section        0  spi.o(i.SPI1_Write8Data)
    i.SPI1_WriteCMD                          0x0800168c   Section        0  spi.o(i.SPI1_WriteCMD)
    i.SPI2_Init                              0x080016c8   Section        0  spi.o(i.SPI2_Init)
    i.SPI_Cmd                                0x080017a4   Section        0  stm32f4xx_spi.o(i.SPI_Cmd)
    i.SPI_I2S_GetFlagStatus                  0x080017bc   Section        0  stm32f4xx_spi.o(i.SPI_I2S_GetFlagStatus)
    i.SPI_I2S_ReceiveData                    0x080017ce   Section        0  stm32f4xx_spi.o(i.SPI_I2S_ReceiveData)
    i.SPI_I2S_SendData                       0x080017d4   Section        0  stm32f4xx_spi.o(i.SPI_I2S_SendData)
    i.SPI_Init                               0x080017d8   Section        0  stm32f4xx_spi.o(i.SPI_Init)
    i.SPI_WriteReadData                      0x08001814   Section        0  spi.o(i.SPI_WriteReadData)
    i.SVC_Handler                            0x080018a4   Section        0  stm32f4xx_it.o(i.SVC_Handler)
    i.SYSCFG_EXTILineConfig                  0x080018a8   Section        0  stm32f4xx_syscfg.o(i.SYSCFG_EXTILineConfig)
    i.SetSysClock                            0x080018e8   Section        0  system_stm32f4xx.o(i.SetSysClock)
    SetSysClock                              0x080018e9   Thumb Code   220  system_stm32f4xx.o(i.SetSysClock)
    i.SysTick_Handler                        0x080019d4   Section        0  stm32f4xx_it.o(i.SysTick_Handler)
    i.SystemInit                             0x080019d8   Section        0  system_stm32f4xx.o(i.SystemInit)
    i.TIM6_DAC_IRQHandler                    0x08001a40   Section        0  stm32f4xx_it.o(i.TIM6_DAC_IRQHandler)
    i.TIM_ClearITPendingBit                  0x08001a68   Section        0  stm32f4xx_tim.o(i.TIM_ClearITPendingBit)
    i.TIM_Cmd                                0x08001a6e   Section        0  stm32f4xx_tim.o(i.TIM_Cmd)
    i.TIM_GetITStatus                        0x08001a86   Section        0  stm32f4xx_tim.o(i.TIM_GetITStatus)
    i.TIM_ITConfig                           0x08001aa8   Section        0  stm32f4xx_tim.o(i.TIM_ITConfig)
    i.TIM_TimeBaseInit                       0x08001abc   Section        0  stm32f4xx_tim.o(i.TIM_TimeBaseInit)
    i.USART2_IRQHandler                      0x08001b40   Section        0  stm32f4xx_it.o(i.USART2_IRQHandler)
    i.USART_Cmd                              0x08001b78   Section        0  stm32f4xx_usart.o(i.USART_Cmd)
    i.USART_GetFlagStatus                    0x08001b90   Section        0  stm32f4xx_usart.o(i.USART_GetFlagStatus)
    i.USART_GetITStatus                      0x08001baa   Section        0  stm32f4xx_usart.o(i.USART_GetITStatus)
    i.USART_ITConfig                         0x08001bfe   Section        0  stm32f4xx_usart.o(i.USART_ITConfig)
    i.USART_Init                             0x08001c48   Section        0  stm32f4xx_usart.o(i.USART_Init)
    i.USART_ReceiveData                      0x08001d1c   Section        0  stm32f4xx_usart.o(i.USART_ReceiveData)
    i.USART_SendData                         0x08001d26   Section        0  stm32f4xx_usart.o(i.USART_SendData)
    i.UsageFault_Handler                     0x08001d2e   Section        0  stm32f4xx_it.o(i.UsageFault_Handler)
    i.__0printf                              0x08001d34   Section        0  printfa.o(i.__0printf)
    i.__scatterload_copy                     0x08001d54   Section       14  handlers.o(i.__scatterload_copy)
    i.__scatterload_null                     0x08001d62   Section        2  handlers.o(i.__scatterload_null)
    i.__scatterload_zeroinit                 0x08001d64   Section       14  handlers.o(i.__scatterload_zeroinit)
    i._fp_digits                             0x08001d74   Section        0  printfa.o(i._fp_digits)
    _fp_digits                               0x08001d75   Thumb Code   334  printfa.o(i._fp_digits)
    i._printf_core                           0x08001ed8   Section        0  printfa.o(i._printf_core)
    _printf_core                             0x08001ed9   Thumb Code  1744  printfa.o(i._printf_core)
    i._printf_post_padding                   0x080025b4   Section        0  printfa.o(i._printf_post_padding)
    _printf_post_padding                     0x080025b5   Thumb Code    36  printfa.o(i._printf_post_padding)
    i._printf_pre_padding                    0x080025d8   Section        0  printfa.o(i._printf_pre_padding)
    _printf_pre_padding                      0x080025d9   Thumb Code    46  printfa.o(i._printf_pre_padding)
    i.delay_ms                               0x08002606   Section        0  systick.o(i.delay_ms)
    i.delay_us                               0x0800261e   Section        0  systick.o(i.delay_us)
    i.fputc                                  0x0800264c   Section        0  usart.o(i.fputc)
    i.main                                   0x08002670   Section        0  main.o(i.main)
    i.printf_Init                            0x08002754   Section        0  usart.o(i.printf_Init)
    i.suspendPinFSMC                         0x080027ec   Section        0  spi.o(i.suspendPinFSMC)
    i.tickTIM_Init                           0x08002840   Section        0  tim.o(i.tickTIM_Init)
    .data                                    0x20000000   Section       16  stm32f4xx_rcc.o(.data)
    APBAHBPrescTable                         0x20000000   Data          16  stm32f4xx_rcc.o(.data)
    .data                                    0x20000010   Section       12  stm32f4xx_it.o(.data)
    .data                                    0x2000001c   Section        4  esp8266.o(.data)
    .data                                    0x20000020   Section        4  stdout.o(.data)
    .bss                                     0x20000024   Section      500  stm32f4xx_it.o(.bss)
    STACK                                    0x20000218   Section     1024  startup_stm32f40xx.o(STACK)

    Global Symbols

    Symbol Name                              Value     Ov Type        Size  Object(Section)

    BuildAttributes$$THM_ISAv4$E$P$D$K$B$S$7EM$VFPi3$EXTD16$VFPS$VFMA$PE$A:L22UL41UL21$X:L11$S22US41US21$IEEE1$IW$USESV6$~STKCKD$USESV7$~SHL$OTIME$ROPI$EBA8$MICROLIB$REQ8$PRES8$EABIv2 0x00000000   Number         0  anon$$obj.o ABSOLUTE
    __ARM_use_no_argv                        0x00000000   Number         0  main.o ABSOLUTE
    _printf_a                                0x00000000   Number         0  stubs.o ABSOLUTE
    _printf_c                                0x00000000   Number         0  stubs.o ABSOLUTE
    _printf_charcount                        0x00000000   Number         0  stubs.o ABSOLUTE
    _printf_d                                0x00000000   Number         0  stubs.o ABSOLUTE
    _printf_e                                0x00000000   Number         0  stubs.o ABSOLUTE
    _printf_f                                0x00000000   Number         0  stubs.o ABSOLUTE
    _printf_flags                            0x00000000   Number         0  stubs.o ABSOLUTE
    _printf_fp_dec                           0x00000000   Number         0  stubs.o ABSOLUTE
    _printf_fp_hex                           0x00000000   Number         0  stubs.o ABSOLUTE
    _printf_g                                0x00000000   Number         0  stubs.o ABSOLUTE
    _printf_i                                0x00000000   Number         0  stubs.o ABSOLUTE
    _printf_int_dec                          0x00000000   Number         0  stubs.o ABSOLUTE
    _printf_l                                0x00000000   Number         0  stubs.o ABSOLUTE
    _printf_lc                               0x00000000   Number         0  stubs.o ABSOLUTE
    _printf_ll                               0x00000000   Number         0  stubs.o ABSOLUTE
    _printf_lld                              0x00000000   Number         0  stubs.o ABSOLUTE
    _printf_lli                              0x00000000   Number         0  stubs.o ABSOLUTE
    _printf_llo                              0x00000000   Number         0  stubs.o ABSOLUTE
    _printf_llu                              0x00000000   Number         0  stubs.o ABSOLUTE
    _printf_llx                              0x00000000   Number         0  stubs.o ABSOLUTE
    _printf_longlong_dec                     0x00000000   Number         0  stubs.o ABSOLUTE
    _printf_longlong_hex                     0x00000000   Number         0  stubs.o ABSOLUTE
    _printf_longlong_oct                     0x00000000   Number         0  stubs.o ABSOLUTE
    _printf_ls                               0x00000000   Number         0  stubs.o ABSOLUTE
    _printf_mbtowc                           0x00000000   Number         0  stubs.o ABSOLUTE
    _printf_n                                0x00000000   Number         0  stubs.o ABSOLUTE
    _printf_o                                0x00000000   Number         0  stubs.o ABSOLUTE
    _printf_p                                0x00000000   Number         0  stubs.o ABSOLUTE
    _printf_percent                          0x00000000   Number         0  stubs.o ABSOLUTE
    _printf_pre_padding                      0x00000000   Number         0  stubs.o ABSOLUTE
    _printf_return_value                     0x00000000   Number         0  stubs.o ABSOLUTE
    _printf_s                                0x00000000   Number         0  stubs.o ABSOLUTE
    _printf_sizespec                         0x00000000   Number         0  stubs.o ABSOLUTE
    _printf_str                              0x00000000   Number         0  stubs.o ABSOLUTE
    _printf_truncate_signed                  0x00000000   Number         0  stubs.o ABSOLUTE
    _printf_truncate_unsigned                0x00000000   Number         0  stubs.o ABSOLUTE
    _printf_u                                0x00000000   Number         0  stubs.o ABSOLUTE
    _printf_wc                               0x00000000   Number         0  stubs.o ABSOLUTE
    _printf_wctomb                           0x00000000   Number         0  stubs.o ABSOLUTE
    _printf_widthprec                        0x00000000   Number         0  stubs.o ABSOLUTE
    _printf_x                                0x00000000   Number         0  stubs.o ABSOLUTE
    __cpp_initialize__aeabi_                  - Undefined Weak Reference
    __cxa_finalize                            - Undefined Weak Reference
    __decompress                              - Undefined Weak Reference
    _clock_init                               - Undefined Weak Reference
    _microlib_exit                            - Undefined Weak Reference
    __Vectors_Size                           0x00000188   Number         0  startup_stm32f40xx.o ABSOLUTE
    __Vectors                                0x08000000   Data           4  startup_stm32f40xx.o(RESET)
    __Vectors_End                            0x08000188   Data           0  startup_stm32f40xx.o(RESET)
    __main                                   0x08000189   Thumb Code     0  entry.o(.ARM.Collect$$$$00000000)
    _main_stk                                0x08000189   Thumb Code     0  entry2.o(.ARM.Collect$$$$00000001)
    _main_scatterload                        0x0800018d   Thumb Code     0  entry5.o(.ARM.Collect$$$$00000004)
    __main_after_scatterload                 0x08000191   Thumb Code     0  entry5.o(.ARM.Collect$$$$00000004)
    _main_clock                              0x08000191   Thumb Code     0  entry7b.o(.ARM.Collect$$$$00000008)
    _main_cpp_init                           0x08000191   Thumb Code     0  entry8b.o(.ARM.Collect$$$$0000000A)
    _main_init                               0x08000191   Thumb Code     0  entry9a.o(.ARM.Collect$$$$0000000B)
    __rt_final_cpp                           0x08000199   Thumb Code     0  entry10a.o(.ARM.Collect$$$$0000000D)
    __rt_final_exit                          0x08000199   Thumb Code     0  entry11a.o(.ARM.Collect$$$$0000000F)
    Reset_Handler                            0x0800019d   Thumb Code     8  startup_stm32f40xx.o(.text)
    ADC_IRQHandler                           0x080001b7   Thumb Code     0  startup_stm32f40xx.o(.text)
    CAN1_RX0_IRQHandler                      0x080001b7   Thumb Code     0  startup_stm32f40xx.o(.text)
    CAN1_RX1_IRQHandler                      0x080001b7   Thumb Code     0  startup_stm32f40xx.o(.text)
    CAN1_SCE_IRQHandler                      0x080001b7   Thumb Code     0  startup_stm32f40xx.o(.text)
    CAN1_TX_IRQHandler                       0x080001b7   Thumb Code     0  startup_stm32f40xx.o(.text)
    CAN2_RX0_IRQHandler                      0x080001b7   Thumb Code     0  startup_stm32f40xx.o(.text)
    CAN2_RX1_IRQHandler                      0x080001b7   Thumb Code     0  startup_stm32f40xx.o(.text)
    CAN2_SCE_IRQHandler                      0x080001b7   Thumb Code     0  startup_stm32f40xx.o(.text)
    CAN2_TX_IRQHandler                       0x080001b7   Thumb Code     0  startup_stm32f40xx.o(.text)
    CRYP_IRQHandler                          0x080001b7   Thumb Code     0  startup_stm32f40xx.o(.text)
    DCMI_IRQHandler                          0x080001b7   Thumb Code     0  startup_stm32f40xx.o(.text)
    DMA1_Stream0_IRQHandler                  0x080001b7   Thumb Code     0  startup_stm32f40xx.o(.text)
    DMA1_Stream1_IRQHandler                  0x080001b7   Thumb Code     0  startup_stm32f40xx.o(.text)
    DMA1_Stream2_IRQHandler                  0x080001b7   Thumb Code     0  startup_stm32f40xx.o(.text)
    DMA1_Stream4_IRQHandler                  0x080001b7   Thumb Code     0  startup_stm32f40xx.o(.text)
    DMA1_Stream5_IRQHandler                  0x080001b7   Thumb Code     0  startup_stm32f40xx.o(.text)
    DMA1_Stream6_IRQHandler                  0x080001b7   Thumb Code     0  startup_stm32f40xx.o(.text)
    DMA1_Stream7_IRQHandler                  0x080001b7   Thumb Code     0  startup_stm32f40xx.o(.text)
    DMA2_Stream0_IRQHandler                  0x080001b7   Thumb Code     0  startup_stm32f40xx.o(.text)
    DMA2_Stream1_IRQHandler                  0x080001b7   Thumb Code     0  startup_stm32f40xx.o(.text)
    DMA2_Stream2_IRQHandler                  0x080001b7   Thumb Code     0  startup_stm32f40xx.o(.text)
    DMA2_Stream4_IRQHandler                  0x080001b7   Thumb Code     0  startup_stm32f40xx.o(.text)
    DMA2_Stream5_IRQHandler                  0x080001b7   Thumb Code     0  startup_stm32f40xx.o(.text)
    DMA2_Stream6_IRQHandler                  0x080001b7   Thumb Code     0  startup_stm32f40xx.o(.text)
    DMA2_Stream7_IRQHandler                  0x080001b7   Thumb Code     0  startup_stm32f40xx.o(.text)
    ETH_IRQHandler                           0x080001b7   Thumb Code     0  startup_stm32f40xx.o(.text)
    ETH_WKUP_IRQHandler                      0x080001b7   Thumb Code     0  startup_stm32f40xx.o(.text)
    EXTI0_IRQHandler                         0x080001b7   Thumb Code     0  startup_stm32f40xx.o(.text)
    EXTI1_IRQHandler                         0x080001b7   Thumb Code     0  startup_stm32f40xx.o(.text)
    EXTI2_IRQHandler                         0x080001b7   Thumb Code     0  startup_stm32f40xx.o(.text)
    EXTI3_IRQHandler                         0x080001b7   Thumb Code     0  startup_stm32f40xx.o(.text)
    EXTI4_IRQHandler                         0x080001b7   Thumb Code     0  startup_stm32f40xx.o(.text)
    EXTI9_5_IRQHandler                       0x080001b7   Thumb Code     0  startup_stm32f40xx.o(.text)
    FLASH_IRQHandler                         0x080001b7   Thumb Code     0  startup_stm32f40xx.o(.text)
    FPU_IRQHandler                           0x080001b7   Thumb Code     0  startup_stm32f40xx.o(.text)
    FSMC_IRQHandler                          0x080001b7   Thumb Code     0  startup_stm32f40xx.o(.text)
    HASH_RNG_IRQHandler                      0x080001b7   Thumb Code     0  startup_stm32f40xx.o(.text)
    I2C1_ER_IRQHandler                       0x080001b7   Thumb Code     0  startup_stm32f40xx.o(.text)
    I2C1_EV_IRQHandler                       0x080001b7   Thumb Code     0  startup_stm32f40xx.o(.text)
    I2C2_ER_IRQHandler                       0x080001b7   Thumb Code     0  startup_stm32f40xx.o(.text)
    I2C2_EV_IRQHandler                       0x080001b7   Thumb Code     0  startup_stm32f40xx.o(.text)
    I2C3_ER_IRQHandler                       0x080001b7   Thumb Code     0  startup_stm32f40xx.o(.text)
    I2C3_EV_IRQHandler                       0x080001b7   Thumb Code     0  startup_stm32f40xx.o(.text)
    OTG_FS_IRQHandler                        0x080001b7   Thumb Code     0  startup_stm32f40xx.o(.text)
    OTG_FS_WKUP_IRQHandler                   0x080001b7   Thumb Code     0  startup_stm32f40xx.o(.text)
    OTG_HS_EP1_IN_IRQHandler                 0x080001b7   Thumb Code     0  startup_stm32f40xx.o(.text)
    OTG_HS_EP1_OUT_IRQHandler                0x080001b7   Thumb Code     0  startup_stm32f40xx.o(.text)
    OTG_HS_IRQHandler                        0x080001b7   Thumb Code     0  startup_stm32f40xx.o(.text)
    OTG_HS_WKUP_IRQHandler                   0x080001b7   Thumb Code     0  startup_stm32f40xx.o(.text)
    PVD_IRQHandler                           0x080001b7   Thumb Code     0  startup_stm32f40xx.o(.text)
    RCC_IRQHandler                           0x080001b7   Thumb Code     0  startup_stm32f40xx.o(.text)
    RTC_Alarm_IRQHandler                     0x080001b7   Thumb Code     0  startup_stm32f40xx.o(.text)
    RTC_WKUP_IRQHandler                      0x080001b7   Thumb Code     0  startup_stm32f40xx.o(.text)
    SDIO_IRQHandler                          0x080001b7   Thumb Code     0  startup_stm32f40xx.o(.text)
    SPI1_IRQHandler                          0x080001b7   Thumb Code     0  startup_stm32f40xx.o(.text)
    SPI2_IRQHandler                          0x080001b7   Thumb Code     0  startup_stm32f40xx.o(.text)
    SPI3_IRQHandler                          0x080001b7   Thumb Code     0  startup_stm32f40xx.o(.text)
    TAMP_STAMP_IRQHandler                    0x080001b7   Thumb Code     0  startup_stm32f40xx.o(.text)
    TIM1_BRK_TIM9_IRQHandler                 0x080001b7   Thumb Code     0  startup_stm32f40xx.o(.text)
    TIM1_CC_IRQHandler                       0x080001b7   Thumb Code     0  startup_stm32f40xx.o(.text)
    TIM1_TRG_COM_TIM11_IRQHandler            0x080001b7   Thumb Code     0  startup_stm32f40xx.o(.text)
    TIM1_UP_TIM10_IRQHandler                 0x080001b7   Thumb Code     0  startup_stm32f40xx.o(.text)
    TIM2_IRQHandler                          0x080001b7   Thumb Code     0  startup_stm32f40xx.o(.text)
    TIM3_IRQHandler                          0x080001b7   Thumb Code     0  startup_stm32f40xx.o(.text)
    TIM4_IRQHandler                          0x080001b7   Thumb Code     0  startup_stm32f40xx.o(.text)
    TIM5_IRQHandler                          0x080001b7   Thumb Code     0  startup_stm32f40xx.o(.text)
    TIM7_IRQHandler                          0x080001b7   Thumb Code     0  startup_stm32f40xx.o(.text)
    TIM8_BRK_TIM12_IRQHandler                0x080001b7   Thumb Code     0  startup_stm32f40xx.o(.text)
    TIM8_CC_IRQHandler                       0x080001b7   Thumb Code     0  startup_stm32f40xx.o(.text)
    TIM8_TRG_COM_TIM14_IRQHandler            0x080001b7   Thumb Code     0  startup_stm32f40xx.o(.text)
    TIM8_UP_TIM13_IRQHandler                 0x080001b7   Thumb Code     0  startup_stm32f40xx.o(.text)
    UART4_IRQHandler                         0x080001b7   Thumb Code     0  startup_stm32f40xx.o(.text)
    UART5_IRQHandler                         0x080001b7   Thumb Code     0  startup_stm32f40xx.o(.text)
    USART1_IRQHandler                        0x080001b7   Thumb Code     0  startup_stm32f40xx.o(.text)
    USART3_IRQHandler                        0x080001b7   Thumb Code     0  startup_stm32f40xx.o(.text)
    USART6_IRQHandler                        0x080001b7   Thumb Code     0  startup_stm32f40xx.o(.text)
    WWDG_IRQHandler                          0x080001b7   Thumb Code     0  startup_stm32f40xx.o(.text)
    strstr                                   0x080001c1   Thumb Code    36  strstr.o(.text)
    __aeabi_dadd                             0x080001e5   Thumb Code   322  dadd.o(.text)
    __aeabi_dsub                             0x08000327   Thumb Code     6  dadd.o(.text)
    __aeabi_drsub                            0x0800032d   Thumb Code     6  dadd.o(.text)
    __aeabi_ddiv                             0x08000333   Thumb Code   222  ddiv.o(.text)
    __aeabi_uidiv                            0x08000411   Thumb Code     0  uidiv.o(.text)
    __aeabi_uidivmod                         0x08000411   Thumb Code    44  uidiv.o(.text)
    __aeabi_uldivmod                         0x0800043d   Thumb Code    98  uldiv.o(.text)
    __aeabi_llsl                             0x0800049f   Thumb Code    30  llshl.o(.text)
    _ll_shift_l                              0x0800049f   Thumb Code     0  llshl.o(.text)
    __aeabi_lasr                             0x080004bd   Thumb Code    36  llsshr.o(.text)
    _ll_sshift_r                             0x080004bd   Thumb Code     0  llsshr.o(.text)
    __I$use$fp                               0x080004e1   Thumb Code     0  iusefp.o(.text)
    _double_round                            0x080004e1   Thumb Code    30  depilogue.o(.text)
    _double_epilogue                         0x080004ff   Thumb Code   156  depilogue.o(.text)
    __aeabi_dmul                             0x0800059b   Thumb Code   228  dmul.o(.text)
    __aeabi_d2ulz                            0x0800067f   Thumb Code    48  dfixul.o(.text)
    __aeabi_cdrcmple                         0x080006b1   Thumb Code    48  cdrcmple.o(.text)
    __scatterload                            0x080006e1   Thumb Code    28  init.o(.text)
    __scatterload_rt2                        0x080006e1   Thumb Code     0  init.o(.text)
    __aeabi_llsr                             0x08000705   Thumb Code    32  llushr.o(.text)
    _ll_ushift_r                             0x08000705   Thumb Code     0  llushr.o(.text)
    BusFault_Handler                         0x08000725   Thumb Code     4  stm32f4xx_it.o(i.BusFault_Handler)
    DMA1_Stream3_IRQHandler                  0x08000729   Thumb Code    48  stm32f4xx_it.o(i.DMA1_Stream3_IRQHandler)
    DMA2_Stream3_IRQHandler                  0x0800076d   Thumb Code    28  stm32f4xx_it.o(i.DMA2_Stream3_IRQHandler)
    DMA_ClearITPendingBit                    0x08000795   Thumb Code    38  stm32f4xx_dma.o(i.DMA_ClearITPendingBit)
    DMA_GetITStatus                          0x080007c9   Thumb Code    82  stm32f4xx_dma.o(i.DMA_GetITStatus)
    DebugMon_Handler                         0x0800082d   Thumb Code     2  stm32f4xx_it.o(i.DebugMon_Handler)
    ESP8266_Init                             0x08000831   Thumb Code   240  esp8266.o(i.ESP8266_Init)
    ESP8266_SendString                       0x08000929   Thumb Code    70  esp8266.o(i.ESP8266_SendString)
    ESP8266_Test                             0x08000981   Thumb Code    30  esp8266.o(i.ESP8266_Test)
    EXTI15_10_IRQHandler                     0x080009b1   Thumb Code    30  stm32f4xx_it.o(i.EXTI15_10_IRQHandler)
    EXTI_ClearITPendingBit                   0x080009dd   Thumb Code     6  stm32f4xx_exti.o(i.EXTI_ClearITPendingBit)
    EXTI_GetITStatus                         0x080009e9   Thumb Code    20  stm32f4xx_exti.o(i.EXTI_GetITStatus)
    EXTI_Init                                0x08000a01   Thumb Code   142  stm32f4xx_exti.o(i.EXTI_Init)
    FLASH_Init                               0x08000a95   Thumb Code    22  flash.o(i.FLASH_Init)
    FLASH_ReadID                             0x08000aad   Thumb Code    70  flash.o(i.FLASH_ReadID)
    GPIO_Init                                0x08000af9   Thumb Code   144  stm32f4xx_gpio.o(i.GPIO_Init)
    GPIO_PinAFConfig                         0x08000b89   Thumb Code    70  stm32f4xx_gpio.o(i.GPIO_PinAFConfig)
    GPIO_ReadInputDataBit                    0x08000bcf   Thumb Code    18  stm32f4xx_gpio.o(i.GPIO_ReadInputDataBit)
    GPIO_ResetBits                           0x08000be1   Thumb Code     4  stm32f4xx_gpio.o(i.GPIO_ResetBits)
    GPIO_SetBits                             0x08000be5   Thumb Code     4  stm32f4xx_gpio.o(i.GPIO_SetBits)
    HardFault_Handler                        0x08000be9   Thumb Code     4  stm32f4xx_it.o(i.HardFault_Handler)
    IIC_ACK                                  0x08000bed   Thumb Code    72  iic.o(i.IIC_ACK)
    IIC_NOACK                                0x08000c39   Thumb Code    62  iic.o(i.IIC_NOACK)
    IIC_PinInit                              0x08000c7d   Thumb Code    80  iic.o(i.IIC_PinInit)
    IIC_ReadByte                             0x08000cd1   Thumb Code    82  iic.o(i.IIC_ReadByte)
    IIC_ReadDataFromIMU                      0x08000d29   Thumb Code    92  iic.o(i.IIC_ReadDataFromIMU)
    IIC_Start                                0x08000d85   Thumb Code    56  iic.o(i.IIC_Start)
    IIC_Stop                                 0x08000dc1   Thumb Code    52  iic.o(i.IIC_Stop)
    IIC_WaitACK                              0x08000df9   Thumb Code    72  iic.o(i.IIC_WaitACK)
    IIC_WriteByte                            0x08000e45   Thumb Code    98  iic.o(i.IIC_WriteByte)
    IIC_WriteDataToIMU                       0x08000ead   Thumb Code    46  iic.o(i.IIC_WriteDataToIMU)
    LCD_AddressSet                           0x08000edb   Thumb Code    58  lcd.o(i.LCD_AddressSet)
    LCD_FullColor                            0x08000f15   Thumb Code    48  lcd.o(i.LCD_FullColor)
    LCD_Init                                 0x08000f45   Thumb Code   420  lcd.o(i.LCD_Init)
    LCD_Test                                 0x080010f1   Thumb Code    34  lcd.o(i.LCD_Test)
    LED_Init                                 0x08001115   Thumb Code    46  led.o(i.LED_Init)
    LED_OFF                                  0x08001149   Thumb Code    12  led.o(i.LED_OFF)
    LED_ON                                   0x08001159   Thumb Code    12  led.o(i.LED_ON)
    MPU6050_GetAddress                       0x08001169   Thumb Code    18  mpu6050.o(i.MPU6050_GetAddress)
    MPU6050_Init                             0x0800117b   Thumb Code    52  mpu6050.o(i.MPU6050_Init)
    MPU6050_InterruptInit                    0x080011b1   Thumb Code   116  mpu6050.o(i.MPU6050_InterruptInit)
    MPU6050_Test                             0x08001229   Thumb Code    32  mpu6050.o(i.MPU6050_Test)
    MemManage_Handler                        0x08001249   Thumb Code     4  stm32f4xx_it.o(i.MemManage_Handler)
    NMI_Handler                              0x0800124d   Thumb Code     2  stm32f4xx_it.o(i.NMI_Handler)
    NVIC_Init                                0x08001251   Thumb Code   106  misc.o(i.NVIC_Init)
    NVIC_PriorityGroupConfig                 0x080012c9   Thumb Code    10  misc.o(i.NVIC_PriorityGroupConfig)
    PendSV_Handler                           0x080012dd   Thumb Code     2  stm32f4xx_it.o(i.PendSV_Handler)
    RCC_AHB1PeriphClockCmd                   0x080012e1   Thumb Code    26  stm32f4xx_rcc.o(i.RCC_AHB1PeriphClockCmd)
    RCC_APB1PeriphClockCmd                   0x08001301   Thumb Code    26  stm32f4xx_rcc.o(i.RCC_APB1PeriphClockCmd)
    RCC_APB2PeriphClockCmd                   0x08001321   Thumb Code    26  stm32f4xx_rcc.o(i.RCC_APB2PeriphClockCmd)
    RCC_GetClocksFreq                        0x08001341   Thumb Code   214  stm32f4xx_rcc.o(i.RCC_GetClocksFreq)
    RGB_Init                                 0x08001429   Thumb Code    52  led.o(i.RGB_Init)
    RGB_OFF                                  0x08001461   Thumb Code    30  led.o(i.RGB_OFF)
    RGB_OPEN                                 0x08001485   Thumb Code    50  led.o(i.RGB_OPEN)
    RGB_Test                                 0x080014bd   Thumb Code    64  led.o(i.RGB_Test)
    SPI1Init                                 0x08001501   Thumb Code   234  spi.o(i.SPI1Init)
    SPI1_Write16Data                         0x080015fd   Thumb Code    74  spi.o(i.SPI1_Write16Data)
    SPI1_Write8Data                          0x08001651   Thumb Code    52  spi.o(i.SPI1_Write8Data)
    SPI1_WriteCMD                            0x0800168d   Thumb Code    52  spi.o(i.SPI1_WriteCMD)
    SPI2_Init                                0x080016c9   Thumb Code   212  spi.o(i.SPI2_Init)
    SPI_Cmd                                  0x080017a5   Thumb Code    24  stm32f4xx_spi.o(i.SPI_Cmd)
    SPI_I2S_GetFlagStatus                    0x080017bd   Thumb Code    18  stm32f4xx_spi.o(i.SPI_I2S_GetFlagStatus)
    SPI_I2S_ReceiveData                      0x080017cf   Thumb Code     6  stm32f4xx_spi.o(i.SPI_I2S_ReceiveData)
    SPI_I2S_SendData                         0x080017d5   Thumb Code     4  stm32f4xx_spi.o(i.SPI_I2S_SendData)
    SPI_Init                                 0x080017d9   Thumb Code    60  stm32f4xx_spi.o(i.SPI_Init)
    SPI_WriteReadData                        0x08001815   Thumb Code    92  spi.o(i.SPI_WriteReadData)
    SVC_Handler                              0x080018a5   Thumb Code     2  stm32f4xx_it.o(i.SVC_Handler)
    SYSCFG_EXTILineConfig                    0x080018a9   Thumb Code    60  stm32f4xx_syscfg.o(i.SYSCFG_EXTILineConfig)
    SysTick_Handler                          0x080019d5   Thumb Code     2  stm32f4xx_it.o(i.SysTick_Handler)
    SystemInit                               0x080019d9   Thumb Code    88  system_stm32f4xx.o(i.SystemInit)
    TIM6_DAC_IRQHandler                      0x08001a41   Thumb Code    32  stm32f4xx_it.o(i.TIM6_DAC_IRQHandler)
    TIM_ClearITPendingBit                    0x08001a69   Thumb Code     6  stm32f4xx_tim.o(i.TIM_ClearITPendingBit)
    TIM_Cmd                                  0x08001a6f   Thumb Code    24  stm32f4xx_tim.o(i.TIM_Cmd)
    TIM_GetITStatus                          0x08001a87   Thumb Code    34  stm32f4xx_tim.o(i.TIM_GetITStatus)
    TIM_ITConfig                             0x08001aa9   Thumb Code    18  stm32f4xx_tim.o(i.TIM_ITConfig)
    TIM_TimeBaseInit                         0x08001abd   Thumb Code   104  stm32f4xx_tim.o(i.TIM_TimeBaseInit)
    USART2_IRQHandler                        0x08001b41   Thumb Code    42  stm32f4xx_it.o(i.USART2_IRQHandler)
    USART_Cmd                                0x08001b79   Thumb Code    24  stm32f4xx_usart.o(i.USART_Cmd)
    USART_GetFlagStatus                      0x08001b91   Thumb Code    26  stm32f4xx_usart.o(i.USART_GetFlagStatus)
    USART_GetITStatus                        0x08001bab   Thumb Code    84  stm32f4xx_usart.o(i.USART_GetITStatus)
    USART_ITConfig                           0x08001bff   Thumb Code    74  stm32f4xx_usart.o(i.USART_ITConfig)
    USART_Init                               0x08001c49   Thumb Code   204  stm32f4xx_usart.o(i.USART_Init)
    USART_ReceiveData                        0x08001d1d   Thumb Code    10  stm32f4xx_usart.o(i.USART_ReceiveData)
    USART_SendData                           0x08001d27   Thumb Code     8  stm32f4xx_usart.o(i.USART_SendData)
    UsageFault_Handler                       0x08001d2f   Thumb Code     4  stm32f4xx_it.o(i.UsageFault_Handler)
    __0printf                                0x08001d35   Thumb Code    22  printfa.o(i.__0printf)
    __1printf                                0x08001d35   Thumb Code     0  printfa.o(i.__0printf)
    __2printf                                0x08001d35   Thumb Code     0  printfa.o(i.__0printf)
    __c89printf                              0x08001d35   Thumb Code     0  printfa.o(i.__0printf)
    printf                                   0x08001d35   Thumb Code     0  printfa.o(i.__0printf)
    __scatterload_copy                       0x08001d55   Thumb Code    14  handlers.o(i.__scatterload_copy)
    __scatterload_null                       0x08001d63   Thumb Code     2  handlers.o(i.__scatterload_null)
    __scatterload_zeroinit                   0x08001d65   Thumb Code    14  handlers.o(i.__scatterload_zeroinit)
    delay_ms                                 0x08002607   Thumb Code    24  systick.o(i.delay_ms)
    delay_us                                 0x0800261f   Thumb Code    46  systick.o(i.delay_us)
    fputc                                    0x0800264d   Thumb Code    32  usart.o(i.fputc)
    main                                     0x08002671   Thumb Code    98  main.o(i.main)
    printf_Init                              0x08002755   Thumb Code   142  usart.o(i.printf_Init)
    suspendPinFSMC                           0x080027ed   Thumb Code    76  spi.o(i.suspendPinFSMC)
    tickTIM_Init                             0x08002841   Thumb Code    86  tim.o(i.tickTIM_Init)
    Region$$Table$$Base                      0x0800289c   Number         0  anon$$obj.o(Region$$Table)
    Region$$Table$$Limit                     0x080028bc   Number         0  anon$$obj.o(Region$$Table)
    msTicks                                  0x20000010   Data           4  stm32f4xx_it.o(.data)
    DMA1_COMPLETED                           0x20000014   Data           1  stm32f4xx_it.o(.data)
    DMA2_COMPLETED                           0x20000015   Data           1  stm32f4xx_it.o(.data)
    usart2Pos                                0x20000018   Data           4  stm32f4xx_it.o(.data)
    USART2_RecvCompleteTime                  0x2000001c   Data           4  esp8266.o(.data)
    __stdout                                 0x20000020   Data           4  stdout.o(.data)
    usart2RecvData                           0x20000024   Data         500  stm32f4xx_it.o(.bss)
    __initial_sp                             0x20000618   Data           0  startup_stm32f40xx.o(STACK)



==============================================================================

Memory Map of the image

  Image Entry point : 0x08000189

  Load Region LR_IROM1 (Base: 0x08000000, Size: 0x000028e0, Max: 0x00080000, ABSOLUTE)

    Execution Region ER_IROM1 (Base: 0x08000000, Size: 0x000028bc, Max: 0x00080000, ABSOLUTE)

    Base Addr    Size         Type   Attr      Idx    E Section Name        Object

    0x08000000   0x00000188   Data   RO            3    RESET               startup_stm32f40xx.o
    0x08000188   0x00000000   Code   RO         2547  * .ARM.Collect$$$$00000000  mc_w.l(entry.o)
    0x08000188   0x00000004   Code   RO         2823    .ARM.Collect$$$$00000001  mc_w.l(entry2.o)
    0x0800018c   0x00000004   Code   RO         2826    .ARM.Collect$$$$00000004  mc_w.l(entry5.o)
    0x08000190   0x00000000   Code   RO         2828    .ARM.Collect$$$$00000008  mc_w.l(entry7b.o)
    0x08000190   0x00000000   Code   RO         2830    .ARM.Collect$$$$0000000A  mc_w.l(entry8b.o)
    0x08000190   0x00000008   Code   RO         2831    .ARM.Collect$$$$0000000B  mc_w.l(entry9a.o)
    0x08000198   0x00000000   Code   RO         2833    .ARM.Collect$$$$0000000D  mc_w.l(entry10a.o)
    0x08000198   0x00000000   Code   RO         2835    .ARM.Collect$$$$0000000F  mc_w.l(entry11a.o)
    0x08000198   0x00000004   Code   RO         2824    .ARM.Collect$$$$00002712  mc_w.l(entry2.o)
    0x0800019c   0x00000024   Code   RO            4    .text               startup_stm32f40xx.o
    0x080001c0   0x00000024   Code   RO         2550    .text               mc_w.l(strstr.o)
    0x080001e4   0x0000014e   Code   RO         2813    .text               mf_w.l(dadd.o)
    0x08000332   0x000000de   Code   RO         2815    .text               mf_w.l(ddiv.o)
    0x08000410   0x0000002c   Code   RO         2838    .text               mc_w.l(uidiv.o)
    0x0800043c   0x00000062   Code   RO         2840    .text               mc_w.l(uldiv.o)
    0x0800049e   0x0000001e   Code   RO         2842    .text               mc_w.l(llshl.o)
    0x080004bc   0x00000024   Code   RO         2844    .text               mc_w.l(llsshr.o)
    0x080004e0   0x00000000   Code   RO         2846    .text               mc_w.l(iusefp.o)
    0x080004e0   0x000000ba   Code   RO         2849    .text               mf_w.l(depilogue.o)
    0x0800059a   0x000000e4   Code   RO         2851    .text               mf_w.l(dmul.o)
    0x0800067e   0x00000030   Code   RO         2853    .text               mf_w.l(dfixul.o)
    0x080006ae   0x00000002   PAD
    0x080006b0   0x00000030   Code   RO         2855    .text               mf_w.l(cdrcmple.o)
    0x080006e0   0x00000024   Code   RO         2857    .text               mc_w.l(init.o)
    0x08000704   0x00000020   Code   RO         2859    .text               mc_w.l(llushr.o)
    0x08000724   0x00000004   Code   RO         1890    i.BusFault_Handler  stm32f4xx_it.o
    0x08000728   0x00000044   Code   RO         1891    i.DMA1_Stream3_IRQHandler  stm32f4xx_it.o
    0x0800076c   0x00000028   Code   RO         1892    i.DMA2_Stream3_IRQHandler  stm32f4xx_it.o
    0x08000794   0x00000034   Code   RO         1640    i.DMA_ClearITPendingBit  stm32f4xx_dma.o
    0x080007c8   0x00000064   Code   RO         1651    i.DMA_GetITStatus   stm32f4xx_dma.o
    0x0800082c   0x00000002   Code   RO         1893    i.DebugMon_Handler  stm32f4xx_it.o
    0x0800082e   0x00000002   PAD
    0x08000830   0x000000f8   Code   RO         2507    i.ESP8266_Init      esp8266.o
    0x08000928   0x00000058   Code   RO         2508    i.ESP8266_SendString  esp8266.o
    0x08000980   0x00000030   Code   RO         2509    i.ESP8266_Test      esp8266.o
    0x080009b0   0x0000002c   Code   RO         1894    i.EXTI15_10_IRQHandler  stm32f4xx_it.o
    0x080009dc   0x0000000c   Code   RO          840    i.EXTI_ClearITPendingBit  stm32f4xx_exti.o
    0x080009e8   0x00000018   Code   RO          844    i.EXTI_GetITStatus  stm32f4xx_exti.o
    0x08000a00   0x00000094   Code   RO          845    i.EXTI_Init         stm32f4xx_exti.o
    0x08000a94   0x00000016   Code   RO         2194    i.FLASH_Init        flash.o
    0x08000aaa   0x00000002   PAD
    0x08000aac   0x0000004c   Code   RO         2197    i.FLASH_ReadID      flash.o
    0x08000af8   0x00000090   Code   RO          208    i.GPIO_Init         stm32f4xx_gpio.o
    0x08000b88   0x00000046   Code   RO          209    i.GPIO_PinAFConfig  stm32f4xx_gpio.o
    0x08000bce   0x00000012   Code   RO          212    i.GPIO_ReadInputDataBit  stm32f4xx_gpio.o
    0x08000be0   0x00000004   Code   RO          215    i.GPIO_ResetBits    stm32f4xx_gpio.o
    0x08000be4   0x00000004   Code   RO          216    i.GPIO_SetBits      stm32f4xx_gpio.o
    0x08000be8   0x00000004   Code   RO         1895    i.HardFault_Handler  stm32f4xx_it.o
    0x08000bec   0x0000004c   Code   RO         2302    i.IIC_ACK           iic.o
    0x08000c38   0x00000044   Code   RO         2303    i.IIC_NOACK         iic.o
    0x08000c7c   0x00000054   Code   RO         2304    i.IIC_PinInit       iic.o
    0x08000cd0   0x00000058   Code   RO         2305    i.IIC_ReadByte      iic.o
    0x08000d28   0x0000005c   Code   RO         2306    i.IIC_ReadDataFromIMU  iic.o
    0x08000d84   0x0000003c   Code   RO         2307    i.IIC_Start         iic.o
    0x08000dc0   0x00000038   Code   RO         2308    i.IIC_Stop          iic.o
    0x08000df8   0x0000004c   Code   RO         2309    i.IIC_WaitACK       iic.o
    0x08000e44   0x00000068   Code   RO         2310    i.IIC_WriteByte     iic.o
    0x08000eac   0x0000002e   Code   RO         2311    i.IIC_WriteDataToIMU  iic.o
    0x08000eda   0x0000003a   Code   RO         2449    i.LCD_AddressSet    lcd.o
    0x08000f14   0x00000030   Code   RO         2452    i.LCD_FullColor     lcd.o
    0x08000f44   0x000001ac   Code   RO         2453    i.LCD_Init          lcd.o
    0x080010f0   0x00000022   Code   RO         2454    i.LCD_Test          lcd.o
    0x08001112   0x00000002   PAD
    0x08001114   0x00000034   Code   RO         1999    i.LED_Init          led.o
    0x08001148   0x00000010   Code   RO         2000    i.LED_OFF           led.o
    0x08001158   0x00000010   Code   RO         2001    i.LED_ON            led.o
    0x08001168   0x00000012   Code   RO         2383    i.MPU6050_GetAddress  mpu6050.o
    0x0800117a   0x00000034   Code   RO         2384    i.MPU6050_Init      mpu6050.o
    0x080011ae   0x00000002   PAD
    0x080011b0   0x00000078   Code   RO         2385    i.MPU6050_InterruptInit  mpu6050.o
    0x08001228   0x00000020   Code   RO         2390    i.MPU6050_Test      mpu6050.o
    0x08001248   0x00000004   Code   RO         1896    i.MemManage_Handler  stm32f4xx_it.o
    0x0800124c   0x00000002   Code   RO         1897    i.NMI_Handler       stm32f4xx_it.o
    0x0800124e   0x00000002   PAD
    0x08001250   0x00000078   Code   RO          155    i.NVIC_Init         misc.o
    0x080012c8   0x00000014   Code   RO          156    i.NVIC_PriorityGroupConfig  misc.o
    0x080012dc   0x00000002   Code   RO         1898    i.PendSV_Handler    stm32f4xx_it.o
    0x080012de   0x00000002   PAD
    0x080012e0   0x00000020   Code   RO          309    i.RCC_AHB1PeriphClockCmd  stm32f4xx_rcc.o
    0x08001300   0x00000020   Code   RO          318    i.RCC_APB1PeriphClockCmd  stm32f4xx_rcc.o
    0x08001320   0x00000020   Code   RO          321    i.RCC_APB2PeriphClockCmd  stm32f4xx_rcc.o
    0x08001340   0x000000e8   Code   RO          330    i.RCC_GetClocksFreq  stm32f4xx_rcc.o
    0x08001428   0x00000038   Code   RO         2002    i.RGB_Init          led.o
    0x08001460   0x00000024   Code   RO         2003    i.RGB_OFF           led.o
    0x08001484   0x00000038   Code   RO         2004    i.RGB_OPEN          led.o
    0x080014bc   0x00000044   Code   RO         2005    i.RGB_Test          led.o
    0x08001500   0x000000fc   Code   RO         2120    i.SPI1Init          spi.o
    0x080015fc   0x00000054   Code   RO         2121    i.SPI1_Write16Data  spi.o
    0x08001650   0x0000003c   Code   RO         2122    i.SPI1_Write8Data   spi.o
    0x0800168c   0x0000003c   Code   RO         2123    i.SPI1_WriteCMD     spi.o
    0x080016c8   0x000000dc   Code   RO         2125    i.SPI2_Init         spi.o
    0x080017a4   0x00000018   Code   RO          911    i.SPI_Cmd           stm32f4xx_spi.o
    0x080017bc   0x00000012   Code   RO          919    i.SPI_I2S_GetFlagStatus  stm32f4xx_spi.o
    0x080017ce   0x00000006   Code   RO          922    i.SPI_I2S_ReceiveData  stm32f4xx_spi.o
    0x080017d4   0x00000004   Code   RO          923    i.SPI_I2S_SendData  stm32f4xx_spi.o
    0x080017d8   0x0000003c   Code   RO          924    i.SPI_Init          stm32f4xx_spi.o
    0x08001814   0x00000090   Code   RO         2126    i.SPI_WriteReadData  spi.o
    0x080018a4   0x00000002   Code   RO         1899    i.SVC_Handler       stm32f4xx_it.o
    0x080018a6   0x00000002   PAD
    0x080018a8   0x00000040   Code   RO         1774    i.SYSCFG_EXTILineConfig  stm32f4xx_syscfg.o
    0x080018e8   0x000000ec   Code   RO           13    i.SetSysClock       system_stm32f4xx.o
    0x080019d4   0x00000002   Code   RO         1900    i.SysTick_Handler   stm32f4xx_it.o
    0x080019d6   0x00000002   PAD
    0x080019d8   0x00000068   Code   RO           15    i.SystemInit        system_stm32f4xx.o
    0x08001a40   0x00000028   Code   RO         1901    i.TIM6_DAC_IRQHandler  stm32f4xx_it.o
    0x08001a68   0x00000006   Code   RO         1084    i.TIM_ClearITPendingBit  stm32f4xx_tim.o
    0x08001a6e   0x00000018   Code   RO         1089    i.TIM_Cmd           stm32f4xx_tim.o
    0x08001a86   0x00000022   Code   RO         1110    i.TIM_GetITStatus   stm32f4xx_tim.o
    0x08001aa8   0x00000012   Code   RO         1114    i.TIM_ITConfig      stm32f4xx_tim.o
    0x08001aba   0x00000002   PAD
    0x08001abc   0x00000084   Code   RO         1161    i.TIM_TimeBaseInit  stm32f4xx_tim.o
    0x08001b40   0x00000038   Code   RO         1902    i.USART2_IRQHandler  stm32f4xx_it.o
    0x08001b78   0x00000018   Code   RO          651    i.USART_Cmd         stm32f4xx_usart.o
    0x08001b90   0x0000001a   Code   RO          654    i.USART_GetFlagStatus  stm32f4xx_usart.o
    0x08001baa   0x00000054   Code   RO          655    i.USART_GetITStatus  stm32f4xx_usart.o
    0x08001bfe   0x0000004a   Code   RO          657    i.USART_ITConfig    stm32f4xx_usart.o
    0x08001c48   0x000000d4   Code   RO          658    i.USART_Init        stm32f4xx_usart.o
    0x08001d1c   0x0000000a   Code   RO          665    i.USART_ReceiveData  stm32f4xx_usart.o
    0x08001d26   0x00000008   Code   RO          668    i.USART_SendData    stm32f4xx_usart.o
    0x08001d2e   0x00000004   Code   RO         1903    i.UsageFault_Handler  stm32f4xx_it.o
    0x08001d32   0x00000002   PAD
    0x08001d34   0x00000020   Code   RO         2785    i.__0printf         mc_w.l(printfa.o)
    0x08001d54   0x0000000e   Code   RO         2863    i.__scatterload_copy  mc_w.l(handlers.o)
    0x08001d62   0x00000002   Code   RO         2864    i.__scatterload_null  mc_w.l(handlers.o)
    0x08001d64   0x0000000e   Code   RO         2865    i.__scatterload_zeroinit  mc_w.l(handlers.o)
    0x08001d72   0x00000002   PAD
    0x08001d74   0x00000164   Code   RO         2792    i._fp_digits        mc_w.l(printfa.o)
    0x08001ed8   0x000006dc   Code   RO         2793    i._printf_core      mc_w.l(printfa.o)
    0x080025b4   0x00000024   Code   RO         2794    i._printf_post_padding  mc_w.l(printfa.o)
    0x080025d8   0x0000002e   Code   RO         2795    i._printf_pre_padding  mc_w.l(printfa.o)
    0x08002606   0x00000018   Code   RO         2089    i.delay_ms          systick.o
    0x0800261e   0x0000002e   Code   RO         2090    i.delay_us          systick.o
    0x0800264c   0x00000024   Code   RO         2059    i.fputc             usart.o
    0x08002670   0x000000e4   Code   RO         1831    i.main              main.o
    0x08002754   0x00000098   Code   RO         2060    i.printf_Init       usart.o
    0x080027ec   0x00000054   Code   RO         2127    i.suspendPinFSMC    spi.o
    0x08002840   0x0000005c   Code   RO         2278    i.tickTIM_Init      tim.o
    0x0800289c   0x00000020   Data   RO         2861    Region$$Table       anon$$obj.o


    Execution Region RW_IRAM2 (Base: 0x10000000, Size: 0x00000000, Max: 0x00010000, ABSOLUTE)

    **** No section assigned to this execution region ****


    Execution Region RW_IRAM1 (Base: 0x20000000, Size: 0x00000618, Max: 0x00020000, ABSOLUTE)

    Base Addr    Size         Type   Attr      Idx    E Section Name        Object

    0x20000000   0x00000010   Data   RW          362    .data               stm32f4xx_rcc.o
    0x20000010   0x0000000c   Data   RW         1905    .data               stm32f4xx_it.o
    0x2000001c   0x00000004   Data   RW         2510    .data               esp8266.o
    0x20000020   0x00000004   Data   RW         2837    .data               mc_w.l(stdout.o)
    0x20000024   0x000001f4   Zero   RW         1904    .bss                stm32f4xx_it.o
    0x20000218   0x00000400   Zero   RW            1    STACK               startup_stm32f40xx.o


==============================================================================

Image component sizes


      Code (inc. data)   RO Data    RW Data    ZI Data      Debug   Object Name

       384         44          0          4          0       2832   esp8266.o
        98          6          0          0          0       1116   flash.o
       750         38          0          0          0       6471   iic.o
       568          8          0          0          0       2683   lcd.o
       300         34          0          0          0       3709   led.o
       228        130          0          0          0       1811   main.o
       140         24          0          0          0       1843   misc.o
       222          4          0          0          0       2495   mpu6050.o
       904        112          0          0          0       4489   spi.o
        36          8        392          0       1024        984   startup_stm32f40xx.o
       152         32          0          0          0       2878   stm32f4xx_dma.o
       184         16          0          0          0       2476   stm32f4xx_exti.o
       240          0          0          0          0       4075   stm32f4xx_gpio.o
       274         68          0         12        500       8224   stm32f4xx_it.o
       328         36          0         16          0       5203   stm32f4xx_rcc.o
       112          0          0          0          0       4050   stm32f4xx_spi.o
        64          4          0          0          0        744   stm32f4xx_syscfg.o
       214         28          0          0          0       4234   stm32f4xx_tim.o
       438          8          0          0          0       6173   stm32f4xx_usart.o
       340         32          0          0          0     317297   system_stm32f4xx.o
        70          0          0          0          0       1162   systick.o
        92          6          0          0          0        607   tim.o
       188         14          0          0          0       1286   usart.o

    ----------------------------------------------------------------------
      6346        652        424         32       1524     386842   Object Totals
         0          0         32          0          0          0   (incl. Generated)
        20          0          0          0          0          0   (incl. Padding)

    ----------------------------------------------------------------------

      Code (inc. data)   RO Data    RW Data    ZI Data      Debug   Library Member Name

         0          0          0          0          0          0   entry.o
         0          0          0          0          0          0   entry10a.o
         0          0          0          0          0          0   entry11a.o
         8          4          0          0          0          0   entry2.o
         4          0          0          0          0          0   entry5.o
         0          0          0          0          0          0   entry7b.o
         0          0          0          0          0          0   entry8b.o
         8          4          0          0          0          0   entry9a.o
        30          0          0          0          0          0   handlers.o
        36          8          0          0          0         68   init.o
         0          0          0          0          0          0   iusefp.o
        30          0          0          0          0         68   llshl.o
        36          0          0          0          0         68   llsshr.o
        32          0          0          0          0         68   llushr.o
      2226         90          0          0          0        444   printfa.o
         0          0          0          4          0          0   stdout.o
        36          0          0          0          0         80   strstr.o
        44          0          0          0          0         80   uidiv.o
        98          0          0          0          0         92   uldiv.o
        48          0          0          0          0         68   cdrcmple.o
       334          0          0          0          0        148   dadd.o
       222          0          0          0          0        100   ddiv.o
       186          0          0          0          0        176   depilogue.o
        48          0          0          0          0         68   dfixul.o
       228          0          0          0          0         96   dmul.o

    ----------------------------------------------------------------------
      3658        106          0          4          0       1624   Library Totals
         4          0          0          0          0          0   (incl. Padding)

    ----------------------------------------------------------------------

      Code (inc. data)   RO Data    RW Data    ZI Data      Debug   Library Name

      2588        106          0          4          0        968   mc_w.l
      1066          0          0          0          0        656   mf_w.l

    ----------------------------------------------------------------------
      3658        106          0          4          0       1624   Library Totals

    ----------------------------------------------------------------------

==============================================================================


      Code (inc. data)   RO Data    RW Data    ZI Data      Debug   

     10004        758        424         36       1524     379038   Grand Totals
     10004        758        424         36       1524     379038   ELF Image Totals
     10004        758        424         36          0          0   ROM Totals

==============================================================================

    Total RO  Size (Code + RO Data)                10428 (  10.18kB)
    Total RW  Size (RW Data + ZI Data)              1560 (   1.52kB)
    Total ROM Size (Code + RO Data + RW Data)      10464 (  10.22kB)

==============================================================================

