Component: ARM Compiler 5.05 update 1 (build 106) Tool: armlink [4d0efa]

==============================================================================

Section Cross References

    startup_stm32f10x_hd.o(RESET) refers to startup_stm32f10x_hd.o(STACK) for __initial_sp
    startup_stm32f10x_hd.o(RESET) refers to startup_stm32f10x_hd.o(.text) for Reset_Handler
    startup_stm32f10x_hd.o(RESET) refers to stm32f10x_it.o(i.NMI_Handler) for NMI_Handler
    startup_stm32f10x_hd.o(RESET) refers to stm32f10x_it.o(i.HardFault_Handler) for HardFault_Handler
    startup_stm32f10x_hd.o(RESET) refers to stm32f10x_it.o(i.MemManage_Handler) for MemManage_Handler
    startup_stm32f10x_hd.o(RESET) refers to stm32f10x_it.o(i.BusFault_Handler) for BusFault_Handler
    startup_stm32f10x_hd.o(RESET) refers to stm32f10x_it.o(i.UsageFault_Handler) for UsageFault_Handler
    startup_stm32f10x_hd.o(RESET) refers to stm32f10x_it.o(i.SVC_Handler) for SVC_Handler
    startup_stm32f10x_hd.o(RESET) refers to stm32f10x_it.o(i.DebugMon_Handler) for DebugMon_Handler
    startup_stm32f10x_hd.o(RESET) refers to stm32f10x_it.o(i.PendSV_Handler) for PendSV_Handler
    startup_stm32f10x_hd.o(RESET) refers to stm32f10x_it.o(i.SysTick_Handler) for SysTick_Handler
    startup_stm32f10x_hd.o(RESET) refers to stm32f10x_it.o(i.EXTI9_5_IRQHandler) for EXTI9_5_IRQHandler
    startup_stm32f10x_hd.o(.text) refers to system_stm32f10x.o(i.SystemInit) for SystemInit
    startup_stm32f10x_hd.o(.text) refers to entry.o(.ARM.Collect$$$$00000000) for __main
    system_stm32f10x.o(i.SetSysClock) refers to system_stm32f10x.o(i.SetSysClockTo72) for SetSysClockTo72
    system_stm32f10x.o(i.SystemCoreClockUpdate) refers to system_stm32f10x.o(.data) for SystemCoreClock
    system_stm32f10x.o(i.SystemInit) refers to system_stm32f10x.o(i.SetSysClock) for SetSysClock
    stm32f10x_adc.o(i.ADC_DeInit) refers to stm32f10x_rcc.o(i.RCC_APB2PeriphResetCmd) for RCC_APB2PeriphResetCmd
    stm32f10x_bkp.o(i.BKP_DeInit) refers to stm32f10x_rcc.o(i.RCC_BackupResetCmd) for RCC_BackupResetCmd
    stm32f10x_can.o(i.CAN_DeInit) refers to stm32f10x_rcc.o(i.RCC_APB1PeriphResetCmd) for RCC_APB1PeriphResetCmd
    stm32f10x_can.o(i.CAN_GetITStatus) refers to stm32f10x_can.o(i.CheckITStatus) for CheckITStatus
    stm32f10x_cec.o(i.CEC_DeInit) refers to stm32f10x_rcc.o(i.RCC_APB1PeriphResetCmd) for RCC_APB1PeriphResetCmd
    stm32f10x_dac.o(i.DAC_DeInit) refers to stm32f10x_rcc.o(i.RCC_APB1PeriphResetCmd) for RCC_APB1PeriphResetCmd
    stm32f10x_flash.o(i.FLASH_EnableWriteProtection) refers to stm32f10x_flash.o(i.FLASH_WaitForLastOperation) for FLASH_WaitForLastOperation
    stm32f10x_flash.o(i.FLASH_EraseAllBank1Pages) refers to stm32f10x_flash.o(i.FLASH_WaitForLastBank1Operation) for FLASH_WaitForLastBank1Operation
    stm32f10x_flash.o(i.FLASH_EraseAllPages) refers to stm32f10x_flash.o(i.FLASH_WaitForLastOperation) for FLASH_WaitForLastOperation
    stm32f10x_flash.o(i.FLASH_EraseOptionBytes) refers to stm32f10x_flash.o(i.FLASH_GetReadOutProtectionStatus) for FLASH_GetReadOutProtectionStatus
    stm32f10x_flash.o(i.FLASH_EraseOptionBytes) refers to stm32f10x_flash.o(i.FLASH_WaitForLastOperation) for FLASH_WaitForLastOperation
    stm32f10x_flash.o(i.FLASH_ErasePage) refers to stm32f10x_flash.o(i.FLASH_WaitForLastOperation) for FLASH_WaitForLastOperation
    stm32f10x_flash.o(i.FLASH_ProgramHalfWord) refers to stm32f10x_flash.o(i.FLASH_WaitForLastOperation) for FLASH_WaitForLastOperation
    stm32f10x_flash.o(i.FLASH_ProgramOptionByteData) refers to stm32f10x_flash.o(i.FLASH_WaitForLastOperation) for FLASH_WaitForLastOperation
    stm32f10x_flash.o(i.FLASH_ProgramWord) refers to stm32f10x_flash.o(i.FLASH_WaitForLastOperation) for FLASH_WaitForLastOperation
    stm32f10x_flash.o(i.FLASH_ReadOutProtection) refers to stm32f10x_flash.o(i.FLASH_WaitForLastOperation) for FLASH_WaitForLastOperation
    stm32f10x_flash.o(i.FLASH_UserOptionByteConfig) refers to stm32f10x_flash.o(i.FLASH_WaitForLastOperation) for FLASH_WaitForLastOperation
    stm32f10x_flash.o(i.FLASH_WaitForLastBank1Operation) refers to stm32f10x_flash.o(i.FLASH_GetBank1Status) for FLASH_GetBank1Status
    stm32f10x_flash.o(i.FLASH_WaitForLastOperation) refers to stm32f10x_flash.o(i.FLASH_GetBank1Status) for FLASH_GetBank1Status
    stm32f10x_gpio.o(i.GPIO_AFIODeInit) refers to stm32f10x_rcc.o(i.RCC_APB2PeriphResetCmd) for RCC_APB2PeriphResetCmd
    stm32f10x_gpio.o(i.GPIO_DeInit) refers to stm32f10x_rcc.o(i.RCC_APB2PeriphResetCmd) for RCC_APB2PeriphResetCmd
    stm32f10x_i2c.o(i.I2C_DeInit) refers to stm32f10x_rcc.o(i.RCC_APB1PeriphResetCmd) for RCC_APB1PeriphResetCmd
    stm32f10x_i2c.o(i.I2C_Init) refers to stm32f10x_rcc.o(i.RCC_GetClocksFreq) for RCC_GetClocksFreq
    stm32f10x_pwr.o(i.PWR_DeInit) refers to stm32f10x_rcc.o(i.RCC_APB1PeriphResetCmd) for RCC_APB1PeriphResetCmd
    stm32f10x_rcc.o(i.RCC_GetClocksFreq) refers to stm32f10x_rcc.o(.data) for APBAHBPrescTable
[...]
    _main_cpp_init                           0x08000139   Thumb Code     0  entry8b.o(.ARM.Collect$$$$0000000A)
    _main_init                               0x08000139   Thumb Code     0  entry9a.o(.ARM.Collect$$$$0000000B)
    __rt_final_cpp                           0x08000141   Thumb Code     0  entry10a.o(.ARM.Collect$$$$0000000D)
    __rt_final_exit                          0x08000141   Thumb Code     0  entry11a.o(.ARM.Collect$$$$0000000F)
    Reset_Handler                            0x08000145   Thumb Code     8  startup_stm32f10x_hd.o(.text)
    ADC1_2_IRQHandler                        0x0800015f   Thumb Code     0  startup_stm32f10x_hd.o(.text)
    ADC3_IRQHandler                          0x0800015f   Thumb Code     0  startup_stm32f10x_hd.o(.text)
    CAN1_RX1_IRQHandler                      0x0800015f   Thumb Code     0  startup_stm32f10x_hd.o(.text)
    CAN1_SCE_IRQHandler                      0x0800015f   Thumb Code     0  startup_stm32f10x_hd.o(.text)
    DMA1_Channel1_IRQHandler                 0x0800015f   Thumb Code     0  startup_stm32f10x_hd.o(.text)
    DMA1_Channel2_IRQHandler                 0x0800015f   Thumb Code     0  startup_stm32f10x_hd.o(.text)
    DMA1_Channel3_IRQHandler                 0x0800015f   Thumb Code     0  startup_stm32f10x_hd.o(.text)
    DMA1_Channel4_IRQHandler                 0x0800015f   Thumb Code     0  startup_stm32f10x_hd.o(.text)
    DMA1_Channel5_IRQHandler                 0x0800015f   Thumb Code     0  startup_stm32f10x_hd.o(.text)
    DMA1_Channel6_IRQHandler                 0x0800015f   Thumb Code     0  startup_stm32f10x_hd.o(.text)
    DMA1_Channel7_IRQHandler                 0x0800015f   Thumb Code     0  startup_stm32f10x_hd.o(.text)
    DMA2_Channel1_IRQHandler                 0x0800015f   Thumb Code     0  startup_stm32f10x_hd.o(.text)
    DMA2_Channel2_IRQHandler                 0x0800015f   Thumb Code     0  startup_stm32f10x_hd.o(.text)
    DMA2_Channel3_IRQHandler                 0x0800015f   Thumb Code     0  startup_stm32f10x_hd.o(.text)
    DMA2_Channel4_5_IRQHandler               0x0800015f   Thumb Code     0  startup_stm32f10x_hd.o(.text)
    EXTI0_IRQHandler                         0x0800015f   Thumb Code     0  startup_stm32f10x_hd.o(.text)
    EXTI15_10_IRQHandler                     0x0800015f   Thumb Code     0  startup_stm32f10x_hd.o(.text)
    EXTI1_IRQHandler                         0x0800015f   Thumb Code     0  startup_stm32f10x_hd.o(.text)
    EXTI2_IRQHandler                         0x0800015f   Thumb Code     0  startup_stm32f10x_hd.o(.text)
    EXTI3_IRQHandler                         0x0800015f   Thumb Code     0  startup_stm32f10x_hd.o(.text)
    EXTI4_IRQHandler                         0x0800015f   Thumb Code     0  startup_stm32f10x_hd.o(.text)
    FLASH_IRQHandler                         0x0800015f   Thumb Code     0  startup_stm32f10x_hd.o(.text)
    FSMC_IRQHandler                          0x0800015f   Thumb Code     0  startup_stm32f10x_hd.o(.text)
    I2C1_ER_IRQHandler                       0x0800015f   Thumb Code     0  startup_stm32f10x_hd.o(.text)
    I2C1_EV_IRQHandler                       0x0800015f   Thumb Code     0  startup_stm32f10x_hd.o(.text)
    I2C2_ER_IRQHandler                       0x0800015f   Thumb Code     0  startup_stm32f10x_hd.o(.text)
    I2C2_EV_IRQHandler                       0x0800015f   Thumb Code     0  startup_stm32f10x_hd.o(.text)
    PVD_IRQHandler                           0x0800015f   Thumb Code     0  startup_stm32f10x_hd.o(.text)
    RCC_IRQHandler                           0x0800015f   Thumb Code     0  startup_stm32f10x_hd.o(.text)
    RTCAlarm_IRQHandler                      0x0800015f   Thumb Code     0  startup_stm32f10x_hd.o(.text)
    RTC_IRQHandler                           0x0800015f   Thumb Code     0  startup_stm32f10x_hd.o(.text)
    SDIO_IRQHandler                          0x0800015f   Thumb Code     0  startup_stm32f10x_hd.o(.text)
    SPI1_IRQHandler                          0x0800015f   Thumb Code     0  startup_stm32f10x_hd.o(.text)
    SPI2_IRQHandler                          0x0800015f   Thumb Code     0  startup_stm32f10x_hd.o(.text)
    SPI3_IRQHandler                          0x0800015f   Thumb Code     0  startup_stm32f10x_hd.o(.text)
    TAMPER_IRQHandler                        0x0800015f   Thumb Code     0  startup_stm32f10x_hd.o(.text)
    TIM1_BRK_IRQHandler                      0x0800015f   Thumb Code     0  startup_stm32f10x_hd.o(.text)
    TIM1_CC_IRQHandler                       0x0800015f   Thumb Code     0  startup_stm32f10x_hd.o(.text)
    TIM1_TRG_COM_IRQHandler                  0x0800015f   Thumb Code     0  startup_stm32f10x_hd.o(.text)
    TIM1_UP_IRQHandler                       0x0800015f   Thumb Code     0  startup_stm32f10x_hd.o(.text)
    TIM2_IRQHandler                          0x0800015f   Thumb Code     0  startup_stm32f10x_hd.o(.text)
    TIM3_IRQHandler                          0x0800015f   Thumb Code     0  startup_stm32f10x_hd.o(.text)
    TIM4_IRQHandler                          0x0800015f   Thumb Code     0  startup_stm32f10x_hd.o(.text)
    TIM5_IRQHandler                          0x0800015f   Thumb Code     0  startup_stm32f10x_hd.o(.text)
    TIM6_IRQHandler                          0x0800015f   Thumb Code     0  startup_stm32f10x_hd.o(.text)
    TIM7_IRQHandler                          0x0800015f   Thumb Code     0  startup_stm32f10x_hd.o(.text)
    TIM8_BRK_IRQHandler                      0x0800015f   Thumb Code     0  startup_stm32f10x_hd.o(.text)
    TIM8_CC_IRQHandler                       0x0800015f   Thumb Code     0  startup_stm32f10x_hd.o(.text)
    TIM8_TRG_COM_IRQHandler                  0x0800015f   Thumb Code     0  startup_stm32f10x_hd.o(.text)
    TIM8_UP_IRQHandler                       0x0800015f   Thumb Code     0  startup_stm32f10x_hd.o(.text)
    UART4_IRQHandler                         0x0800015f   Thumb Code     0  startup_stm32f10x_hd.o(.text)
    UART5_IRQHandler                         0x0800015f   Thumb Code     0  startup_stm32f10x_hd.o(.text)
    USART1_IRQHandler                        0x0800015f   Thumb Code     0  startup_stm32f10x_hd.o(.text)
    USART2_IRQHandler                        0x0800015f   Thumb Code     0  startup_stm32f10x_hd.o(.text)
    USART3_IRQHandler                        0x0800015f   Thumb Code     0  startup_stm32f10x_hd.o(.text)
    USBWakeUp_IRQHandler                     0x0800015f   Thumb Code     0  startup_stm32f10x_hd.o(.text)
    USB_HP_CAN1_TX_IRQHandler                0x0800015f   Thumb Code     0  startup_stm32f10x_hd.o(.text)
    USB_LP_CAN1_RX0_IRQHandler               0x0800015f   Thumb Code     0  startup_stm32f10x_hd.o(.text)
    WWDG_IRQHandler                          0x0800015f   Thumb Code     0  startup_stm32f10x_hd.o(.text)
    inv_init_maxmin                          0x08000169   Thumb Code    78  fast_no_motion.o(.text)
    inv_fast_nomot_parameter                 0x080001b7   Thumb Code   318  fast_no_motion.o(.text)
    inv_fast_nomot_parameter_3rd             0x080002f5   Thumb Code   180  fast_no_motion.o(.text)
    inv_fast_nomot_set_gyro_bias             0x080003a9   Thumb Code   232  fast_no_motion.o(.text)
    inv_set_fast_nomot_compass_threshold     0x08000491   Thumb Code     8  fast_no_motion.o(.text)
    int_set_fast_nomot_gyro_threshold        0x08000499   Thumb Code     8  fast_no_motion.o(.text)
    inv_set_fast_nomot_accel_threshold       0x080004a1   Thumb Code     8  fast_no_motion.o(.text)
    inv_get_fast_nomot_compass_param         0x080004a9   Thumb Code    18  fast_no_motion.o(.text)
    inv_get_fast_nomot_accel_param           0x080004bb   Thumb Code    18  fast_no_motion.o(.text)
    inv_fast_nomot_store_data                0x080004cd   Thumb Code   140  fast_no_motion.o(.text)
    inv_fast_nomot_store_data_compass        0x08000559   Thumb Code    74  fast_no_motion.o(.text)
    inv_fast_nomot_reset_data_compass        0x080005a3   Thumb Code    36  fast_no_motion.o(.text)
    inv_fast_nomot_get_time_elaps            0x080005c7   Thumb Code     8  fast_no_motion.o(.text)
    inv_fast_nomot_parameter_compass         0x080005cf   Thumb Code    22  fast_no_motion.o(.text)
    inv_get_right_shift_by_rounding          0x080005e5   Thumb Code    76  fast_no_motion.o(.text)
    inv_reset_min_max_gyro_accel_statistics  0x08000631   Thumb Code    38  fast_no_motion.o(.text)
    inv_record_max_moment_in_no_motion_gyro  0x08000657   Thumb Code    32  fast_no_motion.o(.text)
    inv_record_max_moment_in_no_motion_accel 0x08000677   Thumb Code    32  fast_no_motion.o(.text)
    inv_record_min_moment_in_motion_gyro     0x08000697   Thumb Code    34  fast_no_motion.o(.text)
    inv_record_min_moment_in_motion_accel    0x080006b9   Thumb Code    34  fast_no_motion.o(.text)
    inv_detect_motion_by_gyro_accel          0x080006db   Thumb Code   214  fast_no_motion.o(.text)
    inv_sensor_data_preprocess               0x080007b1   Thumb Code   132  fast_no_motion.o(.text)
    inv_generate_fast_nomot                  0x08000835   Thumb Code   498  fast_no_motion.o(.text)
    inv_set_default_number_of_samples        0x08000a27   Thumb Code    56  fast_no_motion.o(.text)
    inv_init_fast_nomot                      0x08000a5f   Thumb Code    78  fast_no_motion.o(.text)
    inv_start_fast_nomot                     0x08000aad   Thumb Code    56  fast_no_motion.o(.text)
    inv_stop_fast_nomot                      0x08000ae5   Thumb Code    20  fast_no_motion.o(.text)
    inv_enable_fast_nomot                    0x08000af9   Thumb Code    24  fast_no_motion.o(.text)
    inv_disable_fast_nomot                   0x08000b11   Thumb Code    18  fast_no_motion.o(.text)
    inv_get_fnm_gyro_no_motion_param         0x08000b23   Thumb Code     8  fast_no_motion.o(.text)
    inv_fnm_debug_print                      0x08000b2b   Thumb Code     2  fast_no_motion.o(.text)
    inv_filter_correction_angle              0x08000b5d   Thumb Code   364  fusion_9axis.o(.text)
    inv_perform_9x_fusion                    0x08000cc9   Thumb Code   840  fusion_9axis.o(.text)
    inv_process_9x_sensor_fusion_cb          0x08001011   Thumb Code   120  fusion_9axis.o(.text)
    inv_init_9x_fusion                       0x08001089   Thumb Code    50  fusion_9axis.o(.text)
    inv_9x_fusion_set_mag_fb                 0x080010bb   Thumb Code    10  fusion_9axis.o(.text)
    inv_9x_fusion_enable_jitter_reduction    0x080010c5   Thumb Code    10  fusion_9axis.o(.text)
    inv_9x_fusion_use_timestamps             0x080010cf   Thumb Code    10  fusion_9axis.o(.text)
    inv_start_9x_sensor_fusion               0x080010d9   Thumb Code    14  fusion_9axis.o(.text)
    inv_stop_9x_sensor_fusion                0x080010e7   Thumb Code     8  fusion_9axis.o(.text)
    inv_enable_9x_sensor_fusion              0x080010ef   Thumb Code    30  fusion_9axis.o(.text)
    inv_disable_9x_sensor_fusion             0x0800110d   Thumb Code     8  fusion_9axis.o(.text)
    inv_init_gyro_ts                         0x08001533   Thumb Code    46  gyro_tc.o(.text)
    inv_set_gtc_max_temp                     0x08001561   Thumb Code    10  gyro_tc.o(.text)
    inv_set_gtc_min_temp                     0x0800156b   Thumb Code    10  gyro_tc.o(.text)
    inv_set_gtc_min_diff                     0x08001575   Thumb Code    10  gyro_tc.o(.text)
    inv_get_gyro_ts                          0x0800157f   Thumb Code    30  gyro_tc.o(.text)
    inv_set_gyro_ts                          0x0800159d   Thumb Code    16  gyro_tc.o(.text)
    inv_set_gtc_order                        0x080015ad   Thumb Code    16  gyro_tc.o(.text)
    inv_print_gtc_data                       0x080015bd   Thumb Code    62  gyro_tc.o(.text)
    inv_start_gyro_tc                        0x080015fb   Thumb Code    10  gyro_tc.o(.text)
    inv_stop_gyro_tc                         0x08001605   Thumb Code     6  gyro_tc.o(.text)
    inv_enable_gyro_tc                       0x0800160b   Thumb Code    48  gyro_tc.o(.text)
    inv_disable_gyro_tc                      0x0800163b   Thumb Code    40  gyro_tc.o(.text)
    inv_generate_gyro_quaternion             0x08001a05   Thumb Code   260  quaternion_supervisor.o(.text)
    inv_set_quaternion                       0x08001cf7   Thumb Code    38  quaternion_supervisor.o(.text)
    inv_generate_accel_gyro_quaternion       0x08001d1d   Thumb Code   428  quaternion_supervisor.o(.text)
    inv_stop_quaternion                      0x08001f11   Thumb Code     6  quaternion_supervisor.o(.text)
    inv_init_quaternion                      0x08001f17   Thumb Code    34  quaternion_supervisor.o(.text)
    inv_start_quaternion                     0x08001f39   Thumb Code    34  quaternion_supervisor.o(.text)
    inv_enable_quaternion                    0x08001f5b   Thumb Code    24  quaternion_supervisor.o(.text)
    inv_disable_quaternion                   0x08001f73   Thumb Code    20  quaternion_supervisor.o(.text)
    inv_set_magnetic_disturbance             0x08001fb5   Thumb Code    16  mag_disturb.o(.text)
    inv_init_magnetic_disturbance            0x08001fc5   Thumb Code    50  mag_disturb.o(.text)
    MagDisturbSetDisturbance                 0x08001ff7   Thumb Code    98  mag_disturb.o(.text)
    MagDisturbCheckSettling                  0x08002059   Thumb Code    54  mag_disturb.o(.text)
    ComputeAngleVelocity                     0x0800208f   Thumb Code    94  mag_disturb.o(.text)
    inv_disable_dip_tracking                 0x080020ed   Thumb Code    10  mag_disturb.o(.text)
    Mag3ofNormalizedLong                     0x080020f7   Thumb Code    72  mag_disturb.o(.text)
    inv_track_dip_angle                      0x0800213f   Thumb Code   114  mag_disturb.o(.text)
    inv_check_magnetic_disturbance           0x080021b1   Thumb Code   690  mag_disturb.o(.text)
    inv_magnetic_disturbance_process         0x08002463   Thumb Code    50  mag_disturb.o(.text)
    inv_start_magnetic_disturbance           0x08002495   Thumb Code    14  mag_disturb.o(.text)
    inv_stop_magnetic_disturbance            0x080024a3   Thumb Code     8  mag_disturb.o(.text)
    inv_enable_magnetic_disturbance          0x080024ab   Thumb Code    40  mag_disturb.o(.text)
    inv_disable_magnetic_disturbance         0x080024d3   Thumb Code    22  mag_disturb.o(.text)
    inv_enable_dip_tracking                  0x080024e9   Thumb Code    14  mag_disturb.o(.text)
    inv_get_magnetic_disturbance_state       0x080024f7   Thumb Code     8  mag_disturb.o(.text)
    __aeabi_ldivmod                          0x08002505   Thumb Code    98  ldiv.o(.text)
    __aeabi_llsl                             0x08002567   Thumb Code    30  llshl.o(.text)
    _ll_shift_l                              0x08002567   Thumb Code     0  llshl.o(.text)
    __aeabi_lasr                             0x08002585   Thumb Code    36  llsshr.o(.text)
    _ll_sshift_r                             0x08002585   Thumb Code     0  llsshr.o(.text)
    ___aeabi_memcpy4$move                    0x080025a9   Thumb Code     0  memmovea.o(.text)
    ___aeabi_memcpy8$move                    0x080025a9   Thumb Code     0  memmovea.o(.text)
    __aeabi_memcpy                           0x080025a9   Thumb Code    64  memmovea.o(.text)
    __aeabi_memmove                          0x080025a9   Thumb Code     0  memmovea.o(.text)
    __aeabi_memmove4                         0x080025a9   Thumb Code     0  memmovea.o(.text)
    __aeabi_memmove8                         0x080025a9   Thumb Code     0  memmovea.o(.text)
    __aeabi_memset                           0x080025e9   Thumb Code    14  memseta.o(.text)
    __aeabi_memset4                          0x080025e9   Thumb Code     0  memseta.o(.text)
    __aeabi_memset8                          0x080025e9   Thumb Code     0  memseta.o(.text)
    __aeabi_memclr                           0x080025f7   Thumb Code     4  memseta.o(.text)
    __aeabi_memclr4                          0x080025f7   Thumb Code     0  memseta.o(.text)
    __aeabi_memclr8                          0x080025f7   Thumb Code     0  memseta.o(.text)
    _memset$wrapper                          0x080025fb   Thumb Code    18  memseta.o(.text)
    memcmp                                   0x0800260d   Thumb Code    26  memcmp.o(.text)
    __aeabi_fadd                             0x08002627   Thumb Code   164  fadd.o(.text)
    __aeabi_fsub                             0x080026cb   Thumb Code     6  fadd.o(.text)
    __aeabi_frsub                            0x080026d1   Thumb Code     6  fadd.o(.text)
    __aeabi_fmul                             0x080026d7   Thumb Code   100  fmul.o(.text)
    __aeabi_fdiv                             0x0800273b   Thumb Code   124  fdiv.o(.text)
    __ARM_scalbnf                            0x080027b7   Thumb Code    24  fscalb.o(.text)
    scalbnf                                  0x080027b7   Thumb Code     0  fscalb.o(.text)
    __aeabi_dadd                             0x080027cf   Thumb Code   322  dadd.o(.text)
    __aeabi_dsub                             0x08002911   Thumb Code     6  dadd.o(.text)
    __aeabi_drsub                            0x08002917   Thumb Code     6  dadd.o(.text)
    __aeabi_dmul                             0x0800291d   Thumb Code   228  dmul.o(.text)
    __aeabi_ddiv                             0x08002a01   Thumb Code   222  ddiv.o(.text)
    __ARM_scalbn                             0x08002adf   Thumb Code    46  dscalb.o(.text)
    scalbn                                   0x08002adf   Thumb Code     0  dscalb.o(.text)
    __aeabi_i2f                              0x08002b0d   Thumb Code    18  fflti.o(.text)
    __aeabi_ui2f                             0x08002b1f   Thumb Code    10  ffltui.o(.text)
    __aeabi_l2f                              0x08002b29   Thumb Code    44  ffltl.o(.text)
    __aeabi_i2d                              0x08002b55   Thumb Code    34  dflti.o(.text)
    __aeabi_f2iz                             0x08002b77   Thumb Code    50  ffixi.o(.text)
    __aeabi_f2uiz                            0x08002ba9   Thumb Code    40  ffixui.o(.text)
    __aeabi_f2lz                             0x08002bd1   Thumb Code    66  ffixl.o(.text)
    __aeabi_d2iz                             0x08002c13   Thumb Code    62  dfixi.o(.text)
    __aeabi_f2d                              0x08002c51   Thumb Code    38  f2d.o(.text)
    __aeabi_cdrcmple                         0x08002c79   Thumb Code    48  cdrcmple.o(.text)
    __aeabi_d2f                              0x08002ca9   Thumb Code    56  d2f.o(.text)
    __aeabi_cfcmpeq                          0x08002ce1   Thumb Code     0  cfcmple.o(.text)
    __aeabi_cfcmple                          0x08002ce1   Thumb Code    20  cfcmple.o(.text)
    __aeabi_cfrcmple                         0x08002cf5   Thumb Code    20  cfrcmple.o(.text)
    __aeabi_uidiv                            0x08002d09   Thumb Code     0  uidiv.o(.text)
    __aeabi_uidivmod                         0x08002d09   Thumb Code    44  uidiv.o(.text)
    __aeabi_uldivmod                         0x08002d35   Thumb Code    98  uldiv.o(.text)
    __aeabi_llsr                             0x08002d97   Thumb Code    32  llushr.o(.text)
    _ll_ushift_r                             0x08002d97   Thumb Code     0  llushr.o(.text)
    __I$use$fp                               0x08002db7   Thumb Code     0  iusefp.o(.text)
    _float_round                             0x08002db7   Thumb Code    18  fepilogue.o(.text)
    _float_epilogue                          0x08002dc9   Thumb Code    92  fepilogue.o(.text)
    _fsqrt                                   0x08002e25   Thumb Code    94  fsqrt.o(.text)
    _frnd                                    0x08002e83   Thumb Code    60  frnd.o(.text)
    _double_round                            0x08002ebf   Thumb Code    30  depilogue.o(.text)
    _double_epilogue                         0x08002edd   Thumb Code   156  depilogue.o(.text)
    __aeabi_d2ulz                            0x08002f79   Thumb Code    48  dfixul.o(.text)
    __scatterload                            0x08002fa9   Thumb Code    28  init.o(.text)
    __scatterload_rt2                        0x08002fa9   Thumb Code     0  init.o(.text)
    BusFault_Handler                         0x08002fcd   Thumb Code     4  stm32f10x_it.o(i.BusFault_Handler)
    DebugMon_Handler                         0x08002fd1   Thumb Code     2  stm32f10x_it.o(i.DebugMon_Handler)
    EXTI9_5_IRQHandler                       0x08002fd3   Thumb Code    22  stm32f10x_it.o(i.EXTI9_5_IRQHandler)
    EXTI_ClearITPendingBit                   0x08002fe9   Thumb Code     6  stm32f10x_exti.o(i.EXTI_ClearITPendingBit)
    EXTI_GetITStatus                         0x08002ff5   Thumb Code    34  stm32f10x_exti.o(i.EXTI_GetITStatus)
    EXTI_Init                                0x0800301d   Thumb Code   142  stm32f10x_exti.o(i.EXTI_Init)
    EXTI_Pxy_Config                          0x080030b1   Thumb Code    72  bsp_exti.o(i.EXTI_Pxy_Config)
    FSMC_NORSRAMCmd                          0x080030fd   Thumb Code    46  stm32f10x_fsmc.o(i.FSMC_NORSRAMCmd)
    FSMC_NORSRAMInit                         0x08003131   Thumb Code   230  stm32f10x_fsmc.o(i.FSMC_NORSRAMInit)
    GPIO_EXTILineConfig                      0x08003219   Thumb Code    60  stm32f10x_gpio.o(i.GPIO_EXTILineConfig)
    GPIO_Init                                0x08003259   Thumb Code   278  stm32f10x_gpio.o(i.GPIO_Init)
    GPIO_ReadInputDataBit                    0x0800336f   Thumb Code    18  stm32f10x_gpio.o(i.GPIO_ReadInputDataBit)
    GPIO_ResetBits                           0x08003381   Thumb Code     4  stm32f10x_gpio.o(i.GPIO_ResetBits)
    GPIO_SetBits                             0x08003385   Thumb Code     4  stm32f10x_gpio.o(i.GPIO_SetBits)
    Get_I2C_Retry                            0x08003389   Thumb Code     6  bsp_i2c.o(i.Get_I2C_Retry)
    HardFault_Handler                        0x08003395   Thumb Code     4  stm32f10x_it.o(i.HardFault_Handler)
    I2C_Bus_Init                             0x08003399   Thumb Code    18  bsp_i2c.o(i.I2C_Bus_Init)
    ILI9341_BackLed_Control                  0x080033ad   Thumb Code    26  bsp_ili9341_lcd.o(i.ILI9341_BackLed_Control)
    ILI9341_Clear                            0x080033cd   Thumb Code    40  bsp_ili9341_lcd.o(i.ILI9341_Clear)
    ILI9341_DispChar_EN                      0x0800340d   Thumb Code   138  bsp_ili9341_lcd.o(i.ILI9341_DispChar_EN)
    ILI9341_DispString_EN                    0x080034a5   Thumb Code    92  bsp_ili9341_lcd.o(i.ILI9341_DispString_EN)
    ILI9341_GramScan                         0x0800373d   Thumb Code   208  bsp_ili9341_lcd.o(i.ILI9341_GramScan)
    ILI9341_Init                             0x0800381d   Thumb Code    34  bsp_ili9341_lcd.o(i.ILI9341_Init)
    ILI9341_OpenWindow                       0x08003845   Thumb Code    96  bsp_ili9341_lcd.o(i.ILI9341_OpenWindow)
    ILI9341_ReadID                           0x08003cf5   Thumb Code   116  bsp_ili9341_lcd.o(i.ILI9341_ReadID)
    ILI9341_Rst                              0x08003d71   Thumb Code    40  bsp_ili9341_lcd.o(i.ILI9341_Rst)
    LCD_SetColors                            0x08003dad   Thumb Code    10  bsp_ili9341_lcd.o(i.LCD_SetColors)
    LCD_SetFont                              0x08003dc1   Thumb Code     6  bsp_ili9341_lcd.o(i.LCD_SetFont)
    LED_GPIO_Config                          0x08003dcd   Thumb Code    90  bsp_led.o(i.LED_GPIO_Config)
    MemManage_Handler                        0x08003e2d   Thumb Code     4  stm32f10x_it.o(i.MemManage_Handler)
    NMI_Handler                              0x08003e31   Thumb Code     2  stm32f10x_it.o(i.NMI_Handler)
    NVIC_Init                                0x08003e5d   Thumb Code   100  misc.o(i.NVIC_Init)
    NVIC_PriorityGroupConfig                 0x08003ecd   Thumb Code    10  misc.o(i.NVIC_PriorityGroupConfig)
    PendSV_Handler                           0x08003ee1   Thumb Code     2  stm32f10x_it.o(i.PendSV_Handler)
    RCC_AHBPeriphClockCmd                    0x08003ee5   Thumb Code    26  stm32f10x_rcc.o(i.RCC_AHBPeriphClockCmd)
    RCC_APB2PeriphClockCmd                   0x08003f05   Thumb Code    26  stm32f10x_rcc.o(i.RCC_APB2PeriphClockCmd)
    RCC_GetClocksFreq                        0x08003f25   Thumb Code   192  stm32f10x_rcc.o(i.RCC_GetClocksFreq)
    SVC_Handler                              0x08003ff9   Thumb Code     2  stm32f10x_it.o(i.SVC_Handler)
    Sensors_I2C_ReadRegister                 0x08003ffb   Thumb Code    76  bsp_i2c.o(i.Sensors_I2C_ReadRegister)
    Sensors_I2C_WriteRegister                0x08004047   Thumb Code    76  bsp_i2c.o(i.Sensors_I2C_WriteRegister)
    Set_I2C_Retry                            0x0800417d   Thumb Code     6  bsp_i2c.o(i.Set_I2C_Retry)
    Soft_I2C_Wait_Ack                        0x080044b9   Thumb Code    74  bsp_i2c.o(i.Soft_I2C_Wait_Ack)
    SysTick_Handler                          0x08004509   Thumb Code    46  stm32f10x_it.o(i.SysTick_Handler)
    SysTick_Init                             0x0800453d   Thumb Code   108  bsp_systick.o(i.SysTick_Init)
    SystemInit                               0x080045b5   Thumb Code    78  system_stm32f10x.o(i.SystemInit)
    TimeStamp_Increment                      0x08004615   Thumb Code    12  bsp_systick.o(i.TimeStamp_Increment)
    TimingDelay_Decrement                    0x08004625   Thumb Code    18  bsp_systick.o(i.TimingDelay_Decrement)
    USART_ClearFlag                          0x0800463d   Thumb Code    18  stm32f10x_usart.o(i.USART_ClearFlag)
    USART_Cmd                                0x0800464f   Thumb Code    24  stm32f10x_usart.o(i.USART_Cmd)
    USART_Config                             0x08004669   Thumb Code   120  bsp_usart.o(i.USART_Config)
    USART_GetFlagStatus                      0x080046e9   Thumb Code    26  stm32f10x_usart.o(i.USART_GetFlagStatus)
    USART_Init                               0x08004705   Thumb Code   210  stm32f10x_usart.o(i.USART_Init)
    USART_ReceiveData                        0x080047dd   Thumb Code    10  stm32f10x_usart.o(i.USART_ReceiveData)
    USART_SendData                           0x080047e7   Thumb Code     8  stm32f10x_usart.o(i.USART_SendData)
    UsageFault_Handler                       0x080047ef   Thumb Code     4  stm32f10x_it.o(i.UsageFault_Handler)
    _MLPrintLog                              0x080047f3   Thumb Code   200  log_stm32.o(i._MLPrintLog)
    __0printf                                0x080048bd   Thumb Code    22  printfa.o(i.__0printf)
    __1printf                                0x080048bd   Thumb Code     0  printfa.o(i.__0printf)
    __2printf                                0x080048bd   Thumb Code     0  printfa.o(i.__0printf)
    __c89printf                              0x080048bd   Thumb Code     0  printfa.o(i.__0printf)
    printf                                   0x080048bd   Thumb Code     0  printfa.o(i.__0printf)
    __0sprintf                               0x080048dd   Thumb Code    34  printfa.o(i.__0sprintf)
    __1sprintf                               0x080048dd   Thumb Code     0  printfa.o(i.__0sprintf)
    __2sprintf                               0x080048dd   Thumb Code     0  printfa.o(i.__0sprintf)
    __c89sprintf                             0x080048dd   Thumb Code     0  printfa.o(i.__0sprintf)
    sprintf                                  0x080048dd   Thumb Code     0  printfa.o(i.__0sprintf)
    __0vsprintf                              0x08004905   Thumb Code    30  printfa.o(i.__0vsprintf)
    __1vsprintf                              0x08004905   Thumb Code     0  printfa.o(i.__0vsprintf)
    __2vsprintf                              0x08004905   Thumb Code     0  printfa.o(i.__0vsprintf)
    __c89vsprintf                            0x08004905   Thumb Code     0  printfa.o(i.__0vsprintf)
    vsprintf                                 0x08004905   Thumb Code     0  printfa.o(i.__0vsprintf)
    __ARM_fpclassifyf                        0x08004929   Thumb Code    38  fpclassifyf.o(i.__ARM_fpclassifyf)
    __mathlib_flt_infnan                     0x0800494f   Thumb Code     6  funder.o(i.__mathlib_flt_infnan)
    __mathlib_flt_infnan2                    0x08004955   Thumb Code     4  funder.o(i.__mathlib_flt_infnan2)
    __mathlib_flt_invalid                    0x08004959   Thumb Code     8  funder.o(i.__mathlib_flt_invalid)
    __mathlib_flt_underflow                  0x08004961   Thumb Code    10  funder.o(i.__mathlib_flt_underflow)
    __mathlib_rredf2                         0x0800496d   Thumb Code   344  rredf.o(i.__mathlib_rredf2)
    __scatterload_copy                       0x08004b09   Thumb Code    14  handlers.o(i.__scatterload_copy)
    __scatterload_null                       0x08004b17   Thumb Code     2  handlers.o(i.__scatterload_null)
    __scatterload_zeroinit                   0x08004b19   Thumb Code    14  handlers.o(i.__scatterload_zeroinit)
    __set_errno                              0x08004b29   Thumb Code     6  errno.o(i.__set_errno)
    acosf                                    0x08005491   Thumb Code   242  acosf.o(i.acosf)
    atan2f                                   0x0800563d   Thumb Code   528  atan2f.o(i.atan2f)
    cosf                                     0x08005899   Thumb Code   328  cosf.o(i.cosf)
    dmp_enable_6x_lp_quat                    0x08005a79   Thumb Code    60  inv_mpu_dmp_motion_driver.o(i.dmp_enable_6x_lp_quat)
    dmp_enable_feature                       0x08005ab5   Thumb Code   530  inv_mpu_dmp_motion_driver.o(i.dmp_enable_feature)
    dmp_enable_gyro_cal                      0x08005cd1   Thumb Code    62  inv_mpu_dmp_motion_driver.o(i.dmp_enable_gyro_cal)
    dmp_enable_lp_quat                       0x08005d29   Thumb Code    60  inv_mpu_dmp_motion_driver.o(i.dmp_enable_lp_quat)
    dmp_get_fifo_rate                        0x08005d65   Thumb Code    12  inv_mpu_dmp_motion_driver.o(i.dmp_get_fifo_rate)
    dmp_get_pedometer_step_count             0x08005d75   Thumb Code    66  inv_mpu_dmp_motion_driver.o(i.dmp_get_pedometer_step_count)
    dmp_get_pedometer_walk_time              0x08005db7   Thumb Code    72  inv_mpu_dmp_motion_driver.o(i.dmp_get_pedometer_walk_time)
    dmp_load_motion_driver_firmware          0x08005e01   Thumb Code    20  inv_mpu_dmp_motion_driver.o(i.dmp_load_motion_driver_firmware)
    dmp_read_fifo                            0x08005e19   Thumb Code   456  inv_mpu_dmp_motion_driver.o(i.dmp_read_fifo)
    dmp_register_android_orient_cb           0x08005fe5   Thumb Code    10  inv_mpu_dmp_motion_driver.o(i.dmp_register_android_orient_cb)
    dmp_register_tap_cb                      0x08005ff5   Thumb Code    10  inv_mpu_dmp_motion_driver.o(i.dmp_register_tap_cb)
    dmp_set_fifo_rate                        0x08006005   Thumb Code    96  inv_mpu_dmp_motion_driver.o(i.dmp_set_fifo_rate)
    dmp_set_interrupt_mode                   0x08006075   Thumb Code    66  inv_mpu_dmp_motion_driver.o(i.dmp_set_interrupt_mode)
    dmp_set_orientation                      0x080060d1   Thumb Code   290  inv_mpu_dmp_motion_driver.o(i.dmp_set_orientation)
    dmp_set_pedometer_step_count             0x08006209   Thumb Code    42  inv_mpu_dmp_motion_driver.o(i.dmp_set_pedometer_step_count)
    dmp_set_pedometer_walk_time              0x08006233   Thumb Code    48  inv_mpu_dmp_motion_driver.o(i.dmp_set_pedometer_walk_time)
    dmp_set_shake_reject_thresh              0x08006263   Thumb Code    56  inv_mpu_dmp_motion_driver.o(i.dmp_set_shake_reject_thresh)
    dmp_set_shake_reject_time                0x0800629b   Thumb Code    38  inv_mpu_dmp_motion_driver.o(i.dmp_set_shake_reject_time)
    dmp_set_shake_reject_timeout             0x080062c1   Thumb Code    38  inv_mpu_dmp_motion_driver.o(i.dmp_set_shake_reject_timeout)
    dmp_set_tap_axes                         0x080062e7   Thumb Code    70  inv_mpu_dmp_motion_driver.o(i.dmp_set_tap_axes)
    dmp_set_tap_count                        0x0800632d   Thumb Code    38  inv_mpu_dmp_motion_driver.o(i.dmp_set_tap_count)
    dmp_set_tap_thresh                       0x08006355   Thumb Code   396  inv_mpu_dmp_motion_driver.o(i.dmp_set_tap_thresh)
    dmp_set_tap_time                         0x080064f5   Thumb Code    38  inv_mpu_dmp_motion_driver.o(i.dmp_set_tap_time)
    dmp_set_tap_time_multi                   0x0800651b   Thumb Code    38  inv_mpu_dmp_motion_driver.o(i.dmp_set_tap_time_multi)
    eMPL_send_data                           0x08006541   Thumb Code   404  log_stm32.o(i.eMPL_send_data)
    eMPL_send_quat                           0x080066d5   Thumb Code   186  log_stm32.o(i.eMPL_send_quat)
    fputc                                    0x08006791   Thumb Code    32  bsp_usart.o(i.fputc)
    fputcc                                   0x080067b5   Thumb Code    30  log_stm32.o(i.fputcc)
    get_tick_count                           0x08006cfd   Thumb Code    12  bsp_systick.o(i.get_tick_count)
    gyro_data_ready_cb                       0x08006d0d   Thumb Code     8  main.o(i.gyro_data_ready_cb)
    inv_accel_was_turned_off                 0x08007219   Thumb Code     8  data_builder.o(i.inv_accel_was_turned_off)
    inv_apply_calibration                    0x08007225   Thumb Code   106  data_builder.o(i.inv_apply_calibration)
    inv_build_accel                          0x08007291   Thumb Code   128  data_builder.o(i.inv_build_accel)
    inv_build_gyro                           0x0800731d   Thumb Code    46  data_builder.o(i.inv_build_gyro)
    inv_build_quat                           0x08007355   Thumb Code    56  data_builder.o(i.inv_build_quat)
    inv_build_temp                           0x08007395   Thumb Code    38  data_builder.o(i.inv_build_temp)
    inv_compass_angle                        0x080073c1   Thumb Code   162  ml_math_func.o(i.inv_compass_angle)
    inv_compass_was_turned_off               0x08007465   Thumb Code    10  data_builder.o(i.inv_compass_was_turned_off)
    inv_convert_to_body_with_scale           0x08007475   Thumb Code   114  ml_math_func.o(i.inv_convert_to_body_with_scale)
    inv_disable_compass_soft_iron_matrix     0x08007551   Thumb Code    10  data_builder.o(i.inv_disable_compass_soft_iron_matrix)
    inv_enable_eMPL_outputs                  0x08007561   Thumb Code    22  empl_outputs.o(i.inv_enable_eMPL_outputs)
    inv_enable_results_holder                0x0800757d   Thumb Code    26  results_holder.o(i.inv_enable_results_holder)
    inv_execute_mpl_start_notification       0x0800759d   Thumb Code    40  start_manager.o(i.inv_execute_mpl_start_notification)
    inv_execute_on_data                      0x080075c9   Thumb Code   152  data_builder.o(i.inv_execute_on_data)
    inv_generate_results                     0x08007759   Thumb Code    12  results_holder.o(i.inv_generate_results)
    inv_get_6axis_quaternion                 0x08007769   Thumb Code    18  results_holder.o(i.inv_get_6axis_quaternion)
    inv_get_acc_state                        0x08007781   Thumb Code     6  results_holder.o(i.inv_get_acc_state)
    inv_get_accel_accuracy                   0x0800778d   Thumb Code     6  data_builder.o(i.inv_get_accel_accuracy)
    inv_get_accel_on                         0x08007799   Thumb Code    12  data_builder.o(i.inv_get_accel_on)
    inv_get_accel_set                        0x080077a9   Thumb Code    40  data_builder.o(i.inv_get_accel_set)
    inv_get_compass_correction               0x080077d5   Thumb Code    20  results_holder.o(i.inv_get_compass_correction)
    inv_get_compass_on                       0x080077ed   Thumb Code    12  data_builder.o(i.inv_get_compass_on)
    inv_get_gravity                          0x080077fd   Thumb Code    90  results_holder.o(i.inv_get_gravity)
    inv_get_gyro                             0x0800785d   Thumb Code    12  data_builder.o(i.inv_get_gyro)
    inv_get_gyro_accuracy                    0x0800786d   Thumb Code     6  data_builder.o(i.inv_get_gyro_accuracy)
    inv_get_gyro_bias                        0x08007879   Thumb Code    32  data_builder.o(i.inv_get_gyro_bias)
    inv_get_gyro_bias_tc_set                 0x0800789d   Thumb Code    26  data_builder.o(i.inv_get_gyro_bias_tc_set)
    inv_get_gyro_on                          0x080078bd   Thumb Code    10  data_builder.o(i.inv_get_gyro_on)
    inv_get_gyro_set                         0x080078cd   Thumb Code    34  data_builder.o(i.inv_get_gyro_set)
    inv_get_gyro_sum_of_sqr                  0x080078f5   Thumb Code    28  ml_math_func.o(i.inv_get_gyro_sum_of_sqr)
    inv_get_last_timestamp                   0x08007911   Thumb Code    98  data_builder.o(i.inv_get_last_timestamp)
    inv_get_linear_accel                     0x08007979   Thumb Code    60  results_holder.o(i.inv_get_linear_accel)
    inv_get_local_field                      0x080079b5   Thumb Code    12  results_holder.o(i.inv_get_local_field)
    inv_get_mag_accuracy                     0x080079c5   Thumb Code    20  data_builder.o(i.inv_get_mag_accuracy)
    inv_get_message_level_0                  0x080079e1   Thumb Code    16  message_layer.o(i.inv_get_message_level_0)
    inv_get_motion_state                     0x080079f5   Thumb Code    16  results_holder.o(i.inv_get_motion_state)
    inv_get_quaternion                       0x08007a09   Thumb Code    54  results_holder.o(i.inv_get_quaternion)
    inv_get_quaternion_set                   0x08007a45   Thumb Code    68  results_holder.o(i.inv_get_quaternion_set)
    inv_get_sensor_type_accel                0x08007a89   Thumb Code    36  empl_outputs.o(i.inv_get_sensor_type_accel)
    inv_get_sensor_type_euler                0x08007ab1   Thumb Code   536  empl_outputs.o(i.inv_get_sensor_type_euler)
    inv_get_sensor_type_gravity              0x08007ce1   Thumb Code    86  hal_outputs.o(i.inv_get_sensor_type_gravity)
    inv_get_sensor_type_gyro                 0x08007d41   Thumb Code    36  empl_outputs.o(i.inv_get_sensor_type_gyro)
    inv_get_sensor_type_heading              0x08007d69   Thumb Code   176  empl_outputs.o(i.inv_get_sensor_type_heading)
    inv_get_sensor_type_linear_acceleration  0x08007e29   Thumb Code   110  hal_outputs.o(i.inv_get_sensor_type_linear_acceleration)
    inv_get_sensor_type_quat                 0x08007e9d   Thumb Code    32  empl_outputs.o(i.inv_get_sensor_type_quat)
    inv_get_sensor_type_rot_mat              0x08007ec1   Thumb Code    36  empl_outputs.o(i.inv_get_sensor_type_rot_mat)
    inv_got_compass_bias                     0x08007ee9   Thumb Code     6  results_holder.o(i.inv_got_compass_bias)
    inv_gyro_was_turned_off                  0x08007ef5   Thumb Code     8  data_builder.o(i.inv_gyro_was_turned_off)
    inv_init_data_builder                    0x08007f01   Thumb Code    42  data_builder.o(i.inv_init_data_builder)
    inv_init_mpl                             0x08007f51   Thumb Code   106  mpl.o(i.inv_init_mpl)
    inv_init_results_holder                  0x08007fe1   Thumb Code    46  results_holder.o(i.inv_init_results_holder)
    inv_init_start_manager                   0x08008019   Thumb Code    14  start_manager.o(i.inv_init_start_manager)
    inv_init_storage_manager                 0x0800802d   Thumb Code    20  storage_manager.o(i.inv_init_storage_manager)
    inv_orientation_matrix_to_scalar         0x08008045   Thumb Code    40  ml_math_func.o(i.inv_orientation_matrix_to_scalar)
    inv_q29_mult                             0x0800806d   Thumb Code    18  ml_math_func.o(i.inv_q29_mult)
    inv_q30_mult                             0x0800807f   Thumb Code    18  ml_math_func.o(i.inv_q30_mult)
    inv_q_add                                0x080080a7   Thumb Code    36  ml_math_func.o(i.inv_q_add)
    inv_q_addf                               0x080080cb   Thumb Code    50  ml_math_func.o(i.inv_q_addf)
    inv_q_invert                             0x080080fd   Thumb Code    24  ml_math_func.o(i.inv_q_invert)
    inv_q_invertf                            0x08008115   Thumb Code    30  ml_math_func.o(i.inv_q_invertf)
    inv_q_mult                               0x08008133   Thumb Code   178  ml_math_func.o(i.inv_q_mult)
    inv_q_multf                              0x080081e5   Thumb Code   270  ml_math_func.o(i.inv_q_multf)
    inv_q_norm4                              0x080082f3   Thumb Code   146  ml_math_func.o(i.inv_q_norm4)
    inv_q_normalizef                         0x08008385   Thumb Code   366  ml_math_func.o(i.inv_q_normalizef)
    inv_q_rotate                             0x080084f3   Thumb Code    66  ml_math_func.o(i.inv_q_rotate)
    inv_quaternion_sensor_was_turned_off     0x08008535   Thumb Code    10  data_builder.o(i.inv_quaternion_sensor_was_turned_off)
    inv_quaternion_to_rotation               0x08008545   Thumb Code   218  ml_math_func.o(i.inv_quaternion_to_rotation)
    inv_register_data_cb                     0x08008621   Thumb Code   234  data_builder.o(i.inv_register_data_cb)
    inv_register_load_store                  0x08008719   Thumb Code   138  storage_manager.o(i.inv_register_load_store)
    inv_register_mpl_start_notification      0x080087a9   Thumb Code    38  start_manager.o(i.inv_register_mpl_start_notification)
    inv_reset_compass_soft_iron_matrix       0x080087d5   Thumb Code    70  data_builder.o(i.inv_reset_compass_soft_iron_matrix)
    inv_set_accel_bias                       0x08008871   Thumb Code    64  data_builder.o(i.inv_set_accel_bias)
    inv_set_accel_orientation_and_scale      0x080088bd   Thumb Code    18  data_builder.o(i.inv_set_accel_orientation_and_scale)
    inv_set_accel_sample_rate                0x080088d5   Thumb Code    36  data_builder.o(i.inv_set_accel_sample_rate)
    inv_set_compass_bias_found               0x08008901   Thumb Code     6  results_holder.o(i.inv_set_compass_bias_found)
    inv_set_compass_correction               0x0800890d   Thumb Code    30  results_holder.o(i.inv_set_compass_correction)
    inv_set_compass_disturbance              0x08008931   Thumb Code     8  data_builder.o(i.inv_set_compass_disturbance)
    inv_set_gyro_bias                        0x08008a5d   Thumb Code   102  data_builder.o(i.inv_set_gyro_bias)
    inv_set_gyro_orientation_and_scale       0x08008ad1   Thumb Code    18  data_builder.o(i.inv_set_gyro_orientation_and_scale)
    inv_set_gyro_sample_rate                 0x08008ae9   Thumb Code    32  data_builder.o(i.inv_set_gyro_sample_rate)
    inv_set_message                          0x08008b11   Thumb Code    24  message_layer.o(i.inv_set_message)
    inv_set_motion_state                     0x08008b2d   Thumb Code    74  results_holder.o(i.inv_set_motion_state)
    inv_set_quat_sample_rate                 0x08008b7d   Thumb Code    22  data_builder.o(i.inv_set_quat_sample_rate)
    inv_start_mpl                            0x08008bad   Thumb Code    38  mpl.o(i.inv_start_mpl)
    inv_start_results_holder                 0x08008bf9   Thumb Code    18  results_holder.o(i.inv_start_results_holder)
    inv_store_gaming_quaternion              0x08008c11   Thumb Code    30  results_holder.o(i.inv_store_gaming_quaternion)
    inv_unregister_data_cb                   0x08008c35   Thumb Code    96  data_builder.o(i.inv_unregister_data_cb)
    inv_unregister_mpl_start_notification    0x08008c99   Thumb Code    92  start_manager.o(i.inv_unregister_mpl_start_notification)
    main                                     0x08008cf9   Thumb Code   954  main.o(i.main)
    mdelay                                   0x080091c5   Thumb Code    16  bsp_systick.o(i.mdelay)
    mpu_configure_fifo                       0x080091d9   Thumb Code   106  inv_mpu.o(i.mpu_configure_fifo)
    mpu_get_accel_fsr                        0x08009249   Thumb Code    72  inv_mpu.o(i.mpu_get_accel_fsr)
    mpu_get_accel_reg                        0x08009295   Thumb Code   110  inv_mpu.o(i.mpu_get_accel_reg)
    mpu_get_accel_sens                       0x08009309   Thumb Code    78  inv_mpu.o(i.mpu_get_accel_sens)
    mpu_get_fifo_config                      0x0800935d   Thumb Code    12  inv_mpu.o(i.mpu_get_fifo_config)
    mpu_get_gyro_fsr                         0x0800936d   Thumb Code    64  inv_mpu.o(i.mpu_get_gyro_fsr)
    mpu_get_gyro_sens                        0x080093b1   Thumb Code    58  inv_mpu.o(i.mpu_get_gyro_sens)
    mpu_get_lpf                              0x08009401   Thumb Code    74  inv_mpu.o(i.mpu_get_lpf)
    mpu_get_sample_rate                      0x08009451   Thumb Code    26  inv_mpu.o(i.mpu_get_sample_rate)
    mpu_get_temperature                      0x08009471   Thumb Code   150  inv_mpu.o(i.mpu_get_temperature)
    mpu_init                                 0x08009511   Thumb Code   248  inv_mpu.o(i.mpu_init)
    mpu_load_firmware                        0x0800960d   Thumb Code   180  inv_mpu.o(i.mpu_load_firmware)
    mpu_lp_accel_mode                        0x080096c5   Thumb Code   218  inv_mpu.o(i.mpu_lp_accel_mode)
    mpu_lp_motion_interrupt                  0x080097a5   Thumb Code   230  inv_mpu.o(i.mpu_lp_motion_interrupt)
    mpu_read_fifo                            0x08009891   Thumb Code   500  inv_mpu.o(i.mpu_read_fifo)
    mpu_read_fifo_stream                     0x08009a89   Thumb Code   186  inv_mpu.o(i.mpu_read_fifo_stream)
    mpu_read_mem                             0x08009b49   Thumb Code   122  inv_mpu.o(i.mpu_read_mem)
    mpu_reg_dump                             0x08009bc9   Thumb Code    90  inv_mpu.o(i.mpu_reg_dump)
    mpu_reset_fifo                           0x08009c39   Thumb Code   450  inv_mpu.o(i.mpu_reset_fifo)
    mpu_run_self_test                        0x08009e01   Thumb Code   282  inv_mpu.o(i.mpu_run_self_test)
    mpu_set_accel_fsr                        0x08009f21   Thumb Code   126  inv_mpu.o(i.mpu_set_accel_fsr)
    mpu_set_bypass                           0x08009fa5   Thumb Code   328  inv_mpu.o(i.mpu_set_bypass)
    mpu_set_dmp_state                        0x0800a0f1   Thumb Code   138  inv_mpu.o(i.mpu_set_dmp_state)
    mpu_set_gyro_fsr                         0x0800a181   Thumb Code   132  inv_mpu.o(i.mpu_set_gyro_fsr)
    mpu_set_int_latched                      0x0800a209   Thumb Code   102  inv_mpu.o(i.mpu_set_int_latched)
    mpu_set_lpf                              0x0800a275   Thumb Code   126  inv_mpu.o(i.mpu_set_lpf)
    mpu_set_sample_rate                      0x0800a2f9   Thumb Code   152  inv_mpu.o(i.mpu_set_sample_rate)
    mpu_set_sensors                          0x0800a395   Thumb Code   202  inv_mpu.o(i.mpu_set_sensors)
    mpu_write_mem                            0x0800a465   Thumb Code   122  inv_mpu.o(i.mpu_write_mem)
    set_sensor_orientation_and_scale         0x0800ab75   Thumb Code     6  data_builder.o(i.set_sensor_orientation_and_scale)
    sinf                                     0x0800abe1   Thumb Code   338  sinf.o(i.sinf)
    sqrtf                                    0x0800ad69   Thumb Code    44  sqrtf.o(i.sqrtf)
    ASCII8x16_Table                          0x0800ae44   Data        1520  fonts.o(.constdata)
    ASCII16x24_Table                         0x0800b434   Data        4560  fonts.o(.constdata)
    ASCII24x32_Table                         0x0800c604   Data        9120  fonts.o(.constdata)
    reg                                      0x0800e9a4   Data          30  inv_mpu.o(.constdata)
    hw                                       0x0800e9c2   Data          12  inv_mpu.o(.constdata)
    test                                     0x0800e9d0   Data          40  inv_mpu.o(.constdata)
    ml_ver                                   0x0800f5ee   Data          20  mpl.o(.constdata)
    Region$$Table$$Base                      0x0800f690   Number         0  anon$$obj.o(Region$$Table)
    Region$$Table$$Limit                     0x0800f6b0   Number         0  anon$$obj.o(Region$$Table)
    SystemCoreClock                          0x20000000   Data           4  system_stm32f10x.o(.data)
    AHBPrescTable                            0x20000004   Data          16  system_stm32f10x.o(.data)
    hal_timestamp                            0x20000028   Data           4  main.o(.data)
    rx_new                                   0x2000002c   Data           1  main.o(.data)
    mpl_key                                  0x20000030   Data           4  main.o(.data)
    Task_Delay                               0x20000040   Data           8  stm32f10x_it.o(.data)
    g_ul_ms_ticks                            0x20000048   Data           4  bsp_systick.o(.data)
    LCD_X_LENGTH                             0x20000050   Data           2  bsp_ili9341_lcd.o(.data)
    LCD_Y_LENGTH                             0x20000052   Data           2  bsp_ili9341_lcd.o(.data)
    LCD_SCAN_MODE                            0x20000054   Data           1  bsp_ili9341_lcd.o(.data)
    lcdid                                    0x20000056   Data           2  bsp_ili9341_lcd.o(.data)
    Font8x16                                 0x20000060   Data           8  fonts.o(.data)
    Font16x24                                0x20000068   Data           8  fonts.o(.data)
    Font24x32                                0x20000070   Data           8  fonts.o(.data)
    __stdout                                 0x200000b0   Data           4  stdout.o(.data)
    sensors                                  0x20000254   Data         408  data_builder.o(.bss)
    fnm                                      0x20000728   Data         608  fast_no_motion.o(.bss)
    s9axis                                   0x200009c8   Data         312  fusion_9axis.o(.bss)
    mag_disturb                              0x20000d30   Data         184  mag_disturb.o(.bss)
    __initial_sp                             0x20001ce8   Data           0  startup_stm32f10x_hd.o(STACK)



==============================================================================

Memory Map of the image

  Image Entry point : 0x08000131

  Load Region LR_IROM1 (Base: 0x08000000, Size: 0x0000f768, Max: 0x00080000, ABSOLUTE)

    Execution Region ER_IROM1 (Base: 0x08000000, Size: 0x0000f6b0, Max: 0x00080000, ABSOLUTE)

    Base Addr    Size         Type   Attr      Idx    E Section Name        Object

    0x08000000   0x00000130   Data   RO            3    RESET               startup_stm32f10x_hd.o
    0x08000130   0x00000000   Code   RO         6028  * .ARM.Collect$$$$00000000  mc_w.l(entry.o)
    0x08000130   0x00000004   Code   RO         6406    .ARM.Collect$$$$00000001  mc_w.l(entry2.o)
    0x08000134   0x00000004   Code   RO         6409    .ARM.Collect$$$$00000004  mc_w.l(entry5.o)
    0x08000138   0x00000000   Code   RO         6411    .ARM.Collect$$$$00000008  mc_w.l(entry7b.o)
    0x08000138   0x00000000   Code   RO         6413    .ARM.Collect$$$$0000000A  mc_w.l(entry8b.o)
    0x08000138   0x00000008   Code   RO         6414    .ARM.Collect$$$$0000000B  mc_w.l(entry9a.o)
    0x08000140   0x00000000   Code   RO         6416    .ARM.Collect$$$$0000000D  mc_w.l(entry10a.o)
    0x08000140   0x00000000   Code   RO         6418    .ARM.Collect$$$$0000000F  mc_w.l(entry11a.o)
    0x08000140   0x00000004   Code   RO         6407    .ARM.Collect$$$$00002712  mc_w.l(entry2.o)
    0x08000144   0x00000024   Code   RO            4    .text               startup_stm32f10x_hd.o
    0x08000168   0x000009f4   Code   RO         5713    .text               libmpllib.lib(fast_no_motion.o)
    0x08000b5c   0x0000065c   Code   RO         5804    .text               libmpllib.lib(fusion_9axis.o)
    0x080011b8   0x000004bc   Code   RO         5829    .text               libmpllib.lib(gyro_tc.o)
    0x08001674   0x00000940   Code   RO         5850    .text               libmpllib.lib(quaternion_supervisor.o)
    0x08001fb4   0x00000550   Code   RO         5868    .text               libmpllib.lib(mag_disturb.o)
    0x08002504   0x00000062   Code   RO         6031    .text               mc_w.l(ldiv.o)
    0x08002566   0x0000001e   Code   RO         6033    .text               mc_w.l(llshl.o)
    0x08002584   0x00000024   Code   RO         6035    .text               mc_w.l(llsshr.o)
    0x080025a8   0x00000040   Code   RO         6039    .text               mc_w.l(memmovea.o)
    0x080025e8   0x00000024   Code   RO         6041    .text               mc_w.l(memseta.o)
    0x0800260c   0x0000001a   Code   RO         6043    .text               mc_w.l(memcmp.o)
    0x08002626   0x000000b0   Code   RO         6310    .text               mf_w.l(fadd.o)
    0x080026d6   0x00000064   Code   RO         6312    .text               mf_w.l(fmul.o)
    0x0800273a   0x0000007c   Code   RO         6314    .text               mf_w.l(fdiv.o)
    0x080027b6   0x00000018   Code   RO         6316    .text               mf_w.l(fscalb.o)
    0x080027ce   0x0000014e   Code   RO         6318    .text               mf_w.l(dadd.o)
    0x0800291c   0x000000e4   Code   RO         6320    .text               mf_w.l(dmul.o)
    0x08002a00   0x000000de   Code   RO         6322    .text               mf_w.l(ddiv.o)
    0x08002ade   0x0000002e   Code   RO         6324    .text               mf_w.l(dscalb.o)
    0x08002b0c   0x00000012   Code   RO         6326    .text               mf_w.l(fflti.o)
    0x08002b1e   0x0000000a   Code   RO         6328    .text               mf_w.l(ffltui.o)
    0x08002b28   0x0000002c   Code   RO         6330    .text               mf_w.l(ffltl.o)
    0x08002b54   0x00000022   Code   RO         6332    .text               mf_w.l(dflti.o)
    0x08002b76   0x00000032   Code   RO         6334    .text               mf_w.l(ffixi.o)
    0x08002ba8   0x00000028   Code   RO         6336    .text               mf_w.l(ffixui.o)
    0x08002bd0   0x00000042   Code   RO         6338    .text               mf_w.l(ffixl.o)
    0x08002c12   0x0000003e   Code   RO         6340    .text               mf_w.l(dfixi.o)
    0x08002c50   0x00000026   Code   RO         6342    .text               mf_w.l(f2d.o)
    0x08002c76   0x00000002   PAD
    0x08002c78   0x00000030   Code   RO         6346    .text               mf_w.l(cdrcmple.o)
    0x08002ca8   0x00000038   Code   RO         6348    .text               mf_w.l(d2f.o)
    0x08002ce0   0x00000014   Code   RO         6350    .text               mf_w.l(cfcmple.o)
    0x08002cf4   0x00000014   Code   RO         6352    .text               mf_w.l(cfrcmple.o)
    0x08002d08   0x0000002c   Code   RO         6421    .text               mc_w.l(uidiv.o)
    0x08002d34   0x00000062   Code   RO         6423    .text               mc_w.l(uldiv.o)
    0x08002d96   0x00000020   Code   RO         6425    .text               mc_w.l(llushr.o)
    0x08002db6   0x00000000   Code   RO         6434    .text               mc_w.l(iusefp.o)
    0x08002db6   0x0000006e   Code   RO         6435    .text               mf_w.l(fepilogue.o)
    0x08002e24   0x0000005e   Code   RO         6437    .text               mf_w.l(fsqrt.o)
    0x08002e82   0x0000003c   Code   RO         6439    .text               mf_w.l(frnd.o)
    0x08002ebe   0x000000ba   Code   RO         6441    .text               mf_w.l(depilogue.o)
    0x08002f78   0x00000030   Code   RO         6445    .text               mf_w.l(dfixul.o)
    0x08002fa8   0x00000024   Code   RO         6447    .text               mc_w.l(init.o)
    0x08002fcc   0x00000004   Code   RO         3326    i.BusFault_Handler  stm32f10x_it.o
    0x08002fd0   0x00000002   Code   RO         3327    i.DebugMon_Handler  stm32f10x_it.o
    0x08002fd2   0x00000016   Code   RO         3328    i.EXTI9_5_IRQHandler  stm32f10x_it.o
    0x08002fe8   0x0000000c   Code   RO          939    i.EXTI_ClearITPendingBit  stm32f10x_exti.o
    0x08002ff4   0x00000028   Code   RO          943    i.EXTI_GetITStatus  stm32f10x_exti.o
    0x0800301c   0x00000094   Code   RO          944    i.EXTI_Init         stm32f10x_exti.o
    0x080030b0   0x0000004c   Code   RO         3458    i.EXTI_Pxy_Config   bsp_exti.o
    0x080030fc   0x00000034   Code   RO         1177    i.FSMC_NORSRAMCmd   stm32f10x_fsmc.o
    0x08003130   0x000000e6   Code   RO         1179    i.FSMC_NORSRAMInit  stm32f10x_fsmc.o
    0x08003216   0x00000002   PAD
    0x08003218   0x00000040   Code   RO         1289    i.GPIO_EXTILineConfig  stm32f10x_gpio.o
    0x08003258   0x00000116   Code   RO         1292    i.GPIO_Init         stm32f10x_gpio.o
    0x0800336e   0x00000012   Code   RO         1296    i.GPIO_ReadInputDataBit  stm32f10x_gpio.o
    0x08003380   0x00000004   Code   RO         1299    i.GPIO_ResetBits    stm32f10x_gpio.o
    0x08003384   0x00000004   Code   RO         1300    i.GPIO_SetBits      stm32f10x_gpio.o
    0x08003388   0x0000000c   Code   RO         3723    i.Get_I2C_Retry     bsp_i2c.o
    0x08003394   0x00000004   Code   RO         3329    i.HardFault_Handler  stm32f10x_it.o
    0x08003398   0x00000012   Code   RO         3724    i.I2C_Bus_Init      bsp_i2c.o
    0x080033aa   0x00000002   PAD
    0x080033ac   0x00000020   Code   RO         3486    i.ILI9341_BackLed_Control  bsp_ili9341_lcd.o
    0x080033cc   0x0000002c   Code   RO         3487    i.ILI9341_Clear     bsp_ili9341_lcd.o
    0x080033f8   0x00000012   Code   RO         3488    i.ILI9341_Delay     bsp_ili9341_lcd.o
    0x0800340a   0x00000002   PAD
    0x0800340c   0x00000098   Code   RO         3489    i.ILI9341_DispChar_EN  bsp_ili9341_lcd.o
    0x080034a4   0x00000068   Code   RO         3491    i.ILI9341_DispString_EN  bsp_ili9341_lcd.o
    0x0800350c   0x00000072   Code   RO         3496    i.ILI9341_FSMC_Config  bsp_ili9341_lcd.o
    0x0800357e   0x00000020   Code   RO         3497    i.ILI9341_FillColor  bsp_ili9341_lcd.o
    0x0800359e   0x00000002   PAD
    0x080035a0   0x0000019c   Code   RO         3498    i.ILI9341_GPIO_Config  bsp_ili9341_lcd.o
    0x0800373c   0x000000e0   Code   RO         3500    i.ILI9341_GramScan  bsp_ili9341_lcd.o
    0x0800381c   0x00000028   Code   RO         3501    i.ILI9341_Init      bsp_ili9341_lcd.o
    0x08003844   0x00000060   Code   RO         3502    i.ILI9341_OpenWindow  bsp_ili9341_lcd.o
    0x080038a4   0x00000450   Code   RO         3503    i.ILI9341_REG_Config  bsp_ili9341_lcd.o
    0x08003cf4   0x00000074   Code   RO         3504    i.ILI9341_ReadID    bsp_ili9341_lcd.o
    0x08003d68   0x00000008   Code   RO         3505    i.ILI9341_Read_Data  bsp_ili9341_lcd.o
    0x08003d70   0x0000002c   Code   RO         3507    i.ILI9341_Rst       bsp_ili9341_lcd.o
    0x08003d9c   0x00000008   Code   RO         3510    i.ILI9341_Write_Cmd  bsp_ili9341_lcd.o
    0x08003da4   0x00000008   Code   RO         3511    i.ILI9341_Write_Data  bsp_ili9341_lcd.o
    0x08003dac   0x00000014   Code   RO         3516    i.LCD_SetColors     bsp_ili9341_lcd.o
    0x08003dc0   0x0000000c   Code   RO         3517    i.LCD_SetFont       bsp_ili9341_lcd.o
    0x08003dcc   0x00000060   Code   RO         3399    i.LED_GPIO_Config   bsp_led.o
    0x08003e2c   0x00000004   Code   RO         3330    i.MemManage_Handler  stm32f10x_it.o
    0x08003e30   0x00000002   Code   RO         3331    i.NMI_Handler       stm32f10x_it.o
    0x08003e32   0x00000028   Code   RO         3460    i.NVIC_Configuration  bsp_exti.o
    0x08003e5a   0x00000002   PAD
    0x08003e5c   0x00000070   Code   RO          137    i.NVIC_Init         misc.o
    0x08003ecc   0x00000014   Code   RO          138    i.NVIC_PriorityGroupConfig  misc.o
    0x08003ee0   0x00000002   Code   RO         3332    i.PendSV_Handler    stm32f10x_it.o
    0x08003ee2   0x00000002   PAD
    0x08003ee4   0x00000020   Code   RO         1707    i.RCC_AHBPeriphClockCmd  stm32f10x_rcc.o
    0x08003f04   0x00000020   Code   RO         1710    i.RCC_APB2PeriphClockCmd  stm32f10x_rcc.o
    0x08003f24   0x000000d4   Code   RO         1718    i.RCC_GetClocksFreq  stm32f10x_rcc.o
    0x08003ff8   0x00000002   Code   RO         3333    i.SVC_Handler       stm32f10x_it.o
    0x08003ffa   0x0000004c   Code   RO         3725    i.Sensors_I2C_ReadRegister  bsp_i2c.o
    0x08004046   0x0000004c   Code   RO         3726    i.Sensors_I2C_WriteRegister  bsp_i2c.o
    0x08004092   0x00000008   Code   RO           24    i.SetSysClock       system_stm32f10x.o
    0x0800409a   0x00000002   PAD
    0x0800409c   0x000000e0   Code   RO           25    i.SetSysClockTo72   system_stm32f10x.o
    0x0800417c   0x0000000c   Code   RO         3727    i.Set_I2C_Retry     bsp_i2c.o
    0x08004188   0x00000072   Code   RO         3728    i.Soft_DMP_I2C_Read  bsp_i2c.o
    0x080041fa   0x0000005a   Code   RO         3729    i.Soft_DMP_I2C_Write  bsp_i2c.o
    0x08004254   0x00000044   Code   RO         3730    i.Soft_I2C_Configuration  bsp_i2c.o
    0x08004298   0x0000000a   Code   RO         3731    i.Soft_I2C_Delay    bsp_i2c.o
    0x080042a2   0x00000002   PAD
    0x080042a4   0x0000005c   Code   RO         3732    i.Soft_I2C_ReceiveByte  bsp_i2c.o
    0x08004300   0x0000005c   Code   RO         3733    i.Soft_I2C_ReceiveByte_WithACK  bsp_i2c.o
    0x0800435c   0x00000060   Code   RO         3734    i.Soft_I2C_START    bsp_i2c.o
    0x080043bc   0x00000034   Code   RO         3735    i.Soft_I2C_STOP     bsp_i2c.o
    0x080043f0   0x00000034   Code   RO         3736    i.Soft_I2C_SendACK  bsp_i2c.o
    0x08004424   0x00000060   Code   RO         3737    i.Soft_I2C_SendByte  bsp_i2c.o
    0x08004484   0x00000034   Code   RO         3738    i.Soft_I2C_SendNACK  bsp_i2c.o
    0x080044b8   0x00000050   Code   RO         3739    i.Soft_I2C_Wait_Ack  bsp_i2c.o
    0x08004508   0x00000034   Code   RO         3334    i.SysTick_Handler   stm32f10x_it.o
    0x0800453c   0x00000078   Code   RO         3414    i.SysTick_Init      bsp_systick.o
    0x080045b4   0x00000060   Code   RO           27    i.SystemInit        system_stm32f10x.o
    0x08004614   0x00000010   Code   RO         3415    i.TimeStamp_Increment  bsp_systick.o
    0x08004624   0x00000018   Code   RO         3416    i.TimingDelay_Decrement  bsp_systick.o
    0x0800463c   0x00000012   Code   RO         2874    i.USART_ClearFlag   stm32f10x_usart.o
    0x0800464e   0x00000018   Code   RO         2878    i.USART_Cmd         stm32f10x_usart.o
    0x08004666   0x00000002   PAD
    0x08004668   0x00000080   Code   RO         3699    i.USART_Config      bsp_usart.o
    0x080046e8   0x0000001a   Code   RO         2881    i.USART_GetFlagStatus  stm32f10x_usart.o
    0x08004702   0x00000002   PAD
    0x08004704   0x000000d8   Code   RO         2885    i.USART_Init        stm32f10x_usart.o
    0x080047dc   0x0000000a   Code   RO         2892    i.USART_ReceiveData  stm32f10x_usart.o
    0x080047e6   0x00000008   Code   RO         2895    i.USART_SendData    stm32f10x_usart.o
    0x080047ee   0x00000004   Code   RO         3335    i.UsageFault_Handler  stm32f10x_it.o
    0x080047f2   0x000000c8   Code   RO         4309    i._MLPrintLog       log_stm32.o
    0x080048ba   0x00000002   PAD
    0x080048bc   0x00000020   Code   RO         6282    i.__0printf         mc_w.l(printfa.o)
    0x080048dc   0x00000028   Code   RO         6284    i.__0sprintf        mc_w.l(printfa.o)
    0x08004904   0x00000024   Code   RO         6288    i.__0vsprintf       mc_w.l(printfa.o)
    0x08004928   0x00000026   Code   RO         6373    i.__ARM_fpclassifyf  m_ws.l(fpclassifyf.o)
    0x0800494e   0x00000006   Code   RO         6376    i.__mathlib_flt_infnan  m_ws.l(funder.o)
    0x08004954   0x00000004   Code   RO         6377    i.__mathlib_flt_infnan2  m_ws.l(funder.o)
    0x08004958   0x00000008   Code   RO         6378    i.__mathlib_flt_invalid  m_ws.l(funder.o)
    0x08004960   0x0000000a   Code   RO         6381    i.__mathlib_flt_underflow  m_ws.l(funder.o)
    0x0800496a   0x00000002   PAD
    0x0800496c   0x00000168   Code   RO         6397    i.__mathlib_rredf2  m_ws.l(rredf.o)
    0x08004ad4   0x00000034   Code   RO         5368    i.__print_result_location  mpl.o
    0x08004b08   0x0000000e   Code   RO         6453    i.__scatterload_copy  mc_w.l(handlers.o)
    0x08004b16   0x00000002   Code   RO         6454    i.__scatterload_null  mc_w.l(handlers.o)
    0x08004b18   0x0000000e   Code   RO         6455    i.__scatterload_zeroinit  mc_w.l(handlers.o)
    0x08004b26   0x00000002   PAD
    0x08004b28   0x0000000c   Code   RO         6429    i.__set_errno       mc_w.l(errno.o)
    0x08004b34   0x00000164   Code   RO         6289    i._fp_digits        mc_w.l(printfa.o)
    0x08004c98   0x000006dc   Code   RO         6290    i._printf_core      mc_w.l(printfa.o)
    0x08005374   0x00000024   Code   RO         6291    i._printf_post_padding  mc_w.l(printfa.o)
    0x08005398   0x0000002e   Code   RO         6292    i._printf_pre_padding  mc_w.l(printfa.o)
    0x080053c6   0x0000000a   Code   RO         6294    i._sputc            mc_w.l(printfa.o)
    0x080053d0   0x000000c0   Code   RO         3822    i.accel_self_test   inv_mpu.o
    0x08005490   0x0000011c   Code   RO         5901    i.acosf             m_ws.l(acosf.o)
    0x080055ac   0x00000090   Code   RO         3108    i.android_orient_cb  main.o
    0x0800563c   0x0000025c   Code   RO         5945    i.atan2f            m_ws.l(atan2f.o)
    0x08005898   0x0000017c   Code   RO         5965    i.cosf              m_ws.l(cosf.o)
    0x08005a14   0x00000064   Code   RO         4127    i.decode_gesture    inv_mpu_dmp_motion_driver.o
    0x08005a78   0x0000003c   Code   RO         4128    i.dmp_enable_6x_lp_quat  inv_mpu_dmp_motion_driver.o
    0x08005ab4   0x0000021c   Code   RO         4129    i.dmp_enable_feature  inv_mpu_dmp_motion_driver.o
    0x08005cd0   0x00000058   Code   RO         4130    i.dmp_enable_gyro_cal  inv_mpu_dmp_motion_driver.o
    0x08005d28   0x0000003c   Code   RO         4131    i.dmp_enable_lp_quat  inv_mpu_dmp_motion_driver.o
    0x08005d64   0x00000010   Code   RO         4133    i.dmp_get_fifo_rate  inv_mpu_dmp_motion_driver.o
    0x08005d74   0x00000042   Code   RO         4134    i.dmp_get_pedometer_step_count  inv_mpu_dmp_motion_driver.o
    0x08005db6   0x00000048   Code   RO         4135    i.dmp_get_pedometer_walk_time  inv_mpu_dmp_motion_driver.o
    0x08005dfe   0x00000002   PAD
    0x08005e00   0x00000018   Code   RO         4136    i.dmp_load_motion_driver_firmware  inv_mpu_dmp_motion_driver.o
    0x08005e18   0x000001cc   Code   RO         4137    i.dmp_read_fifo     inv_mpu_dmp_motion_driver.o
    0x08005fe4   0x00000010   Code   RO         4138    i.dmp_register_android_orient_cb  inv_mpu_dmp_motion_driver.o
    0x08005ff4   0x00000010   Code   RO         4139    i.dmp_register_tap_cb  inv_mpu_dmp_motion_driver.o
    0x08006004   0x00000070   Code   RO         4141    i.dmp_set_fifo_rate  inv_mpu_dmp_motion_driver.o
    0x08006074   0x0000005c   Code   RO         4143    i.dmp_set_interrupt_mode  inv_mpu_dmp_motion_driver.o
    0x080060d0   0x00000138   Code   RO         4144    i.dmp_set_orientation  inv_mpu_dmp_motion_driver.o
    0x08006208   0x0000002a   Code   RO         4145    i.dmp_set_pedometer_step_count  inv_mpu_dmp_motion_driver.o
    0x08006232   0x00000030   Code   RO         4146    i.dmp_set_pedometer_walk_time  inv_mpu_dmp_motion_driver.o
    0x08006262   0x00000038   Code   RO         4147    i.dmp_set_shake_reject_thresh  inv_mpu_dmp_motion_driver.o
    0x0800629a   0x00000026   Code   RO         4148    i.dmp_set_shake_reject_time  inv_mpu_dmp_motion_driver.o
    0x080062c0   0x00000026   Code   RO         4149    i.dmp_set_shake_reject_timeout  inv_mpu_dmp_motion_driver.o
    0x080062e6   0x00000046   Code   RO         4150    i.dmp_set_tap_axes  inv_mpu_dmp_motion_driver.o
    0x0800632c   0x00000026   Code   RO         4151    i.dmp_set_tap_count  inv_mpu_dmp_motion_driver.o
    0x08006352   0x00000002   PAD
    0x08006354   0x000001a0   Code   RO         4152    i.dmp_set_tap_thresh  inv_mpu_dmp_motion_driver.o
    0x080064f4   0x00000026   Code   RO         4153    i.dmp_set_tap_time  inv_mpu_dmp_motion_driver.o
    0x0800651a   0x00000026   Code   RO         4154    i.dmp_set_tap_time_multi  inv_mpu_dmp_motion_driver.o
    0x08006540   0x00000194   Code   RO         4310    i.eMPL_send_data    log_stm32.o
    0x080066d4   0x000000ba   Code   RO         4311    i.eMPL_send_quat    log_stm32.o
    0x0800678e   0x00000002   PAD
    0x08006790   0x00000024   Code   RO         3701    i.fputc             bsp_usart.o
    0x080067b4   0x00000024   Code   RO         4312    i.fputcc            log_stm32.o
    0x080067d8   0x000000b4   Code   RO         3823    i.get_accel_prod_shift  inv_mpu.o
    0x0800688c   0x00000470   Code   RO         3824    i.get_st_biases     inv_mpu.o
    0x08006cfc   0x00000010   Code   RO         3417    i.get_tick_count    bsp_systick.o
    0x08006d0c   0x0000000c   Code   RO         3109    i.gyro_data_ready_cb  main.o
    0x08006d18   0x0000012c   Code   RO         3825    i.gyro_self_test    inv_mpu.o
    0x08006e44   0x000003d4   Code   RO         3110    i.handle_input      main.o
    0x08007218   0x0000000c   Code   RO         4433    i.inv_accel_was_turned_off  data_builder.o
    0x08007224   0x0000006a   Code   RO         4434    i.inv_apply_calibration  data_builder.o
    0x0800728e   0x00000002   PAD
    0x08007290   0x0000008c   Code   RO         4435    i.inv_build_accel   data_builder.o
    0x0800731c   0x00000038   Code   RO         4437    i.inv_build_gyro    data_builder.o
    0x08007354   0x00000040   Code   RO         4438    i.inv_build_quat    data_builder.o
    0x08007394   0x0000002c   Code   RO         4439    i.inv_build_temp    data_builder.o
    0x080073c0   0x000000a2   Code   RO         5011    i.inv_compass_angle  ml_math_func.o
    0x08007462   0x00000002   PAD
    0x08007464   0x00000010   Code   RO         4440    i.inv_compass_was_turned_off  data_builder.o
    0x08007474   0x00000072   Code   RO         5013    i.inv_convert_to_body_with_scale  ml_math_func.o
    0x080074e6   0x00000002   PAD
    0x080074e8   0x00000050   Code   RO         4441    i.inv_db_load_func  data_builder.o
    0x08007538   0x00000018   Code   RO         4442    i.inv_db_save_func  data_builder.o
    0x08007550   0x00000010   Code   RO         4443    i.inv_disable_compass_soft_iron_matrix  data_builder.o
    0x08007560   0x0000001c   Code   RO         4349    i.inv_enable_eMPL_outputs  empl_outputs.o
    0x0800757c   0x00000020   Code   RO         5403    i.inv_enable_results_holder  results_holder.o
    0x0800759c   0x0000002c   Code   RO         5638    i.inv_execute_mpl_start_notification  start_manager.o
    0x080075c8   0x000000a0   Code   RO         4445    i.inv_execute_on_data  data_builder.o
    0x08007668   0x000000f0   Code   RO         4350    i.inv_generate_eMPL_outputs  empl_outputs.o
    0x08007758   0x00000010   Code   RO         5404    i.inv_generate_results  results_holder.o
    0x08007768   0x00000018   Code   RO         5405    i.inv_get_6axis_quaternion  results_holder.o
    0x08007780   0x0000000c   Code   RO         5406    i.inv_get_acc_state  results_holder.o
    0x0800778c   0x0000000c   Code   RO         4446    i.inv_get_accel_accuracy  data_builder.o
    0x08007798   0x00000010   Code   RO         4448    i.inv_get_accel_on  data_builder.o
    0x080077a8   0x0000002c   Code   RO         4452    i.inv_get_accel_set  data_builder.o
    0x080077d4   0x00000018   Code   RO         5410    i.inv_get_compass_correction  results_holder.o
    0x080077ec   0x00000010   Code   RO         4455    i.inv_get_compass_on  data_builder.o
    0x080077fc   0x00000060   Code   RO         5412    i.inv_get_gravity   results_holder.o
    0x0800785c   0x00000010   Code   RO         4463    i.inv_get_gyro      data_builder.o
    0x0800786c   0x0000000c   Code   RO         4464    i.inv_get_gyro_accuracy  data_builder.o
    0x08007878   0x00000024   Code   RO         4465    i.inv_get_gyro_bias  data_builder.o
    0x0800789c   0x00000020   Code   RO         4466    i.inv_get_gyro_bias_tc_set  data_builder.o
    0x080078bc   0x00000010   Code   RO         4467    i.inv_get_gyro_on   data_builder.o
    0x080078cc   0x00000028   Code   RO         4471    i.inv_get_gyro_set  data_builder.o
    0x080078f4   0x0000001c   Code   RO         5017    i.inv_get_gyro_sum_of_sqr  ml_math_func.o
    0x08007910   0x00000068   Code   RO         4473    i.inv_get_last_timestamp  data_builder.o
    0x08007978   0x0000003c   Code   RO         5416    i.inv_get_linear_accel  results_holder.o
    0x080079b4   0x00000010   Code   RO         5418    i.inv_get_local_field  results_holder.o
    0x080079c4   0x0000001c   Code   RO         4474    i.inv_get_mag_accuracy  data_builder.o
    0x080079e0   0x00000014   Code   RO         4985    i.inv_get_message_level_0  message_layer.o
    0x080079f4   0x00000014   Code   RO         5420    i.inv_get_motion_state  results_holder.o
    0x08007a08   0x0000003c   Code   RO         5421    i.inv_get_quaternion  results_holder.o
    0x08007a44   0x00000044   Code   RO         5423    i.inv_get_quaternion_set  results_holder.o
    0x08007a88   0x00000028   Code   RO         4351    i.inv_get_sensor_type_accel  empl_outputs.o
    0x08007ab0   0x00000230   Code   RO         4353    i.inv_get_sensor_type_euler  empl_outputs.o
    0x08007ce0   0x00000060   Code   RO         4887    i.inv_get_sensor_type_gravity  hal_outputs.o
    0x08007d40   0x00000028   Code   RO         4354    i.inv_get_sensor_type_gyro  empl_outputs.o
    0x08007d68   0x000000c0   Code   RO         4355    i.inv_get_sensor_type_heading  empl_outputs.o
    0x08007e28   0x00000074   Code   RO         4890    i.inv_get_sensor_type_linear_acceleration  hal_outputs.o
    0x08007e9c   0x00000024   Code   RO         4356    i.inv_get_sensor_type_quat  empl_outputs.o
    0x08007ec0   0x00000028   Code   RO         4357    i.inv_get_sensor_type_rot_mat  empl_outputs.o
    0x08007ee8   0x0000000c   Code   RO         5425    i.inv_got_compass_bias  results_holder.o
    0x08007ef4   0x0000000c   Code   RO         4476    i.inv_gyro_was_turned_off  data_builder.o
    0x08007f00   0x0000003c   Code   RO         4477    i.inv_init_data_builder  data_builder.o
    0x08007f3c   0x00000014   Code   RO         4358    i.inv_init_eMPL_outputs  empl_outputs.o
    0x08007f50   0x00000090   Code   RO         5370    i.inv_init_mpl      mpl.o
    0x08007fe0   0x00000038   Code   RO         5426    i.inv_init_results_holder  results_holder.o
    0x08008018   0x00000014   Code   RO         5639    i.inv_init_start_manager  start_manager.o
    0x0800802c   0x00000018   Code   RO         5672    i.inv_init_storage_manager  storage_manager.o
    0x08008044   0x00000028   Code   RO         5026    i.inv_orientation_matrix_to_scalar  ml_math_func.o
    0x0800806c   0x00000012   Code   RO         5027    i.inv_q29_mult      ml_math_func.o
    0x0800807e   0x00000012   Code   RO         5029    i.inv_q30_mult      ml_math_func.o
    0x08008090   0x00000016   Code   RO         5031    i.inv_q30_to_float  ml_math_func.o
    0x080080a6   0x00000024   Code   RO         5032    i.inv_q_add         ml_math_func.o
    0x080080ca   0x00000032   Code   RO         5033    i.inv_q_addf        ml_math_func.o
    0x080080fc   0x00000018   Code   RO         5034    i.inv_q_invert      ml_math_func.o
    0x08008114   0x0000001e   Code   RO         5035    i.inv_q_invertf     ml_math_func.o
    0x08008132   0x000000b2   Code   RO         5036    i.inv_q_mult        ml_math_func.o
    0x080081e4   0x0000010e   Code   RO         5037    i.inv_q_multf       ml_math_func.o
    0x080082f2   0x00000092   Code   RO         5038    i.inv_q_norm4       ml_math_func.o
    0x08008384   0x0000016e   Code   RO         5040    i.inv_q_normalizef  ml_math_func.o
    0x080084f2   0x00000042   Code   RO         5041    i.inv_q_rotate      ml_math_func.o
    0x08008534   0x00000010   Code   RO         4479    i.inv_quaternion_sensor_was_turned_off  data_builder.o
    0x08008544   0x000000da   Code   RO         5043    i.inv_quaternion_to_rotation  ml_math_func.o
    0x0800861e   0x00000002   PAD
    0x08008620   0x000000f8   Code   RO         4480    i.inv_register_data_cb  data_builder.o
    0x08008718   0x00000090   Code   RO         5674    i.inv_register_load_store  storage_manager.o
    0x080087a8   0x0000002c   Code   RO         5640    i.inv_register_mpl_start_notification  start_manager.o
    0x080087d4   0x0000004c   Code   RO         4481    i.inv_reset_compass_soft_iron_matrix  data_builder.o
    0x08008820   0x0000004e   Code   RO         5045    i.inv_row_2_scale   ml_math_func.o
    0x0800886e   0x00000002   PAD
    0x08008870   0x0000004c   Code   RO         4484    i.inv_set_accel_bias  data_builder.o
    0x080088bc   0x00000018   Code   RO         4486    i.inv_set_accel_orientation_and_scale  data_builder.o
    0x080088d4   0x0000002c   Code   RO         4487    i.inv_set_accel_sample_rate  data_builder.o
    0x08008900   0x0000000c   Code   RO         5431    i.inv_set_compass_bias_found  results_holder.o
    0x0800890c   0x00000024   Code   RO         5432    i.inv_set_compass_correction  results_holder.o
    0x08008930   0x0000000c   Code   RO         4490    i.inv_set_compass_disturbance  data_builder.o
    0x0800893c   0x00000120   Code   RO         4496    i.inv_set_contiguous  data_builder.o
    0x08008a5c   0x00000074   Code   RO         4498    i.inv_set_gyro_bias  data_builder.o
    0x08008ad0   0x00000018   Code   RO         4499    i.inv_set_gyro_orientation_and_scale  data_builder.o
    0x08008ae8   0x00000028   Code   RO         4500    i.inv_set_gyro_sample_rate  data_builder.o
    0x08008b10   0x0000001c   Code   RO         4986    i.inv_set_message   message_layer.o
    0x08008b2c   0x00000050   Code   RO         5438    i.inv_set_motion_state  results_holder.o
    0x08008b7c   0x0000001c   Code   RO         4501    i.inv_set_quat_sample_rate  data_builder.o
    0x08008b98   0x00000014   Code   RO         4359    i.inv_start_eMPL_outputs  empl_outputs.o
    0x08008bac   0x0000004c   Code   RO         5371    i.inv_start_mpl     mpl.o
    0x08008bf8   0x00000018   Code   RO         5439    i.inv_start_results_holder  results_holder.o
    0x08008c10   0x00000024   Code   RO         5440    i.inv_store_gaming_quaternion  results_holder.o
    0x08008c34   0x00000064   Code   RO         4503    i.inv_unregister_data_cb  data_builder.o
    0x08008c98   0x00000060   Code   RO         5641    i.inv_unregister_mpl_start_notification  start_manager.o
    0x08008cf8   0x000004cc   Code   RO         3111    i.main              main.o
    0x080091c4   0x00000014   Code   RO         3418    i.mdelay            bsp_systick.o
    0x080091d8   0x00000070   Code   RO         3826    i.mpu_configure_fifo  inv_mpu.o
    0x08009248   0x0000004c   Code   RO         3827    i.mpu_get_accel_fsr  inv_mpu.o
    0x08009294   0x00000074   Code   RO         3828    i.mpu_get_accel_reg  inv_mpu.o
    0x08009308   0x00000054   Code   RO         3829    i.mpu_get_accel_sens  inv_mpu.o
    0x0800935c   0x00000010   Code   RO         3834    i.mpu_get_fifo_config  inv_mpu.o
    0x0800936c   0x00000044   Code   RO         3835    i.mpu_get_gyro_fsr  inv_mpu.o
    0x080093b0   0x00000050   Code   RO         3837    i.mpu_get_gyro_sens  inv_mpu.o
    0x08009400   0x00000050   Code   RO         3839    i.mpu_get_lpf       inv_mpu.o
    0x08009450   0x00000020   Code   RO         3841    i.mpu_get_sample_rate  inv_mpu.o
    0x08009470   0x000000a0   Code   RO         3842    i.mpu_get_temperature  inv_mpu.o
    0x08009510   0x000000fc   Code   RO         3843    i.mpu_init          inv_mpu.o
    0x0800960c   0x000000b8   Code   RO         3844    i.mpu_load_firmware  inv_mpu.o
    0x080096c4   0x000000e0   Code   RO         3845    i.mpu_lp_accel_mode  inv_mpu.o
    0x080097a4   0x000000ec   Code   RO         3846    i.mpu_lp_motion_interrupt  inv_mpu.o
    0x08009890   0x000001f8   Code   RO         3850    i.mpu_read_fifo     inv_mpu.o
    0x08009a88   0x000000c0   Code   RO         3851    i.mpu_read_fifo_stream  inv_mpu.o
    0x08009b48   0x00000080   Code   RO         3852    i.mpu_read_mem      inv_mpu.o
    0x08009bc8   0x00000070   Code   RO         3854    i.mpu_reg_dump      inv_mpu.o
    0x08009c38   0x000001c8   Code   RO         3855    i.mpu_reset_fifo    inv_mpu.o
    0x08009e00   0x00000120   Code   RO         3856    i.mpu_run_self_test  inv_mpu.o
    0x08009f20   0x00000084   Code   RO         3859    i.mpu_set_accel_fsr  inv_mpu.o
    0x08009fa4   0x0000014c   Code   RO         3860    i.mpu_set_bypass    inv_mpu.o
    0x0800a0f0   0x00000090   Code   RO         3862    i.mpu_set_dmp_state  inv_mpu.o
    0x0800a180   0x00000088   Code   RO         3864    i.mpu_set_gyro_fsr  inv_mpu.o
    0x0800a208   0x0000006c   Code   RO         3865    i.mpu_set_int_latched  inv_mpu.o
    0x0800a274   0x00000084   Code   RO         3867    i.mpu_set_lpf       inv_mpu.o
    0x0800a2f8   0x0000009c   Code   RO         3868    i.mpu_set_sample_rate  inv_mpu.o
    0x0800a394   0x000000d0   Code   RO         3869    i.mpu_set_sensors   inv_mpu.o
    0x0800a464   0x00000080   Code   RO         3870    i.mpu_write_mem     inv_mpu.o
    0x0800a4e4   0x000003f8   Code   RO         3113    i.read_from_mpl     main.o
    0x0800a8dc   0x00000208   Code   RO         3114    i.run_self_test     main.o
    0x0800aae4   0x00000090   Code   RO         3871    i.set_int_enable    inv_mpu.o
    0x0800ab74   0x00000006   Code   RO         4504    i.set_sensor_orientation_and_scale  data_builder.o
    0x0800ab7a   0x00000002   PAD
    0x0800ab7c   0x00000064   Code   RO         3115    i.setup_gyro        main.o
    0x0800abe0   0x00000188   Code   RO         6005    i.sinf              m_ws.l(sinf.o)
    0x0800ad68   0x0000002c   Code   RO         6021    i.sqrtf             m_ws.l(sqrtf.o)
    0x0800ad94   0x000000b0   Code   RO         3116    i.tap_cb            main.o
    0x0800ae44   0x00003b60   Data   RO         3686    .constdata          fonts.o
    0x0800e9a4   0x00000054   Data   RO         3872    .constdata          inv_mpu.o
    0x0800e9f8   0x00000bf6   Data   RO         4156    .constdata          inv_mpu_dmp_motion_driver.o
    0x0800f5ee   0x0000002f   Data   RO         5372    .constdata          mpl.o
    0x0800f61d   0x00000003   PAD
    0x0800f620   0x00000020   Data   RO         6398    .constdata          m_ws.l(rredf.o)
    0x0800f640   0x00000009   Data   RO         3122    .conststring        main.o
    0x0800f649   0x00000003   PAD
    0x0800f64c   0x00000044   Data   RO         4506    .conststring        data_builder.o
    0x0800f690   0x00000020   Data   RO         6451    Region$$Table       anon$$obj.o


    Execution Region RW_IRAM1 (Base: 0x20000000, Size: 0x00001ce8, Max: 0x00010000, ABSOLUTE)

    Base Addr    Size         Type   Attr      Idx    E Section Name        Object

    0x20000000   0x00000014   Data   RW           28    .data               system_stm32f10x.o
    0x20000014   0x00000014   Data   RW         1738    .data               stm32f10x_rcc.o
    0x20000028   0x00000015   Data   RW         3123    .data               main.o
    0x2000003d   0x00000003   PAD
    0x20000040   0x00000008   Data   RW         3336    .data               stm32f10x_it.o
    0x20000048   0x00000008   Data   RW         3419    .data               bsp_systick.o
    0x20000050   0x00000010   Data   RW         3519    .data               bsp_ili9341_lcd.o
    0x20000060   0x00000018   Data   RW         3687    .data               fonts.o
    0x20000078   0x00000006   Data   RW         3740    .data               bsp_i2c.o
    0x2000007e   0x00000002   PAD
    0x20000080   0x0000002c   Data   RW         3873    .data               inv_mpu.o
    0x200000ac   0x00000004   Data   RW         4987    .data               message_layer.o
    0x200000b0   0x00000004   Data   RW         6420    .data               mc_w.l(stdout.o)
    0x200000b4   0x00000004   Data   RW         6430    .data               mc_w.l(errno.o)
    0x200000b8   0x00000024   Zero   RW         3120    .bss                main.o
    0x200000dc   0x00000010   Zero   RW         4155    .bss                inv_mpu_dmp_motion_driver.o
    0x200000ec   0x00000028   Zero   RW         4361    .bss                empl_outputs.o
    0x20000114   0x000002d8   Zero   RW         4505    .bss                data_builder.o
    0x200003ec   0x000000c4   Zero   RW         4897    .bss                hal_outputs.o
    0x200004b0   0x00000088   Zero   RW         5441    .bss                results_holder.o
    0x20000538   0x00000054   Zero   RW         5642    .bss                start_manager.o
    0x2000058c   0x00000198   Zero   RW         5676    .bss                storage_manager.o
    0x20000724   0x00000004   PAD
    0x20000728   0x000002a0   Zero   RW         5714    .bss                libmpllib.lib(fast_no_motion.o)
    0x200009c8   0x00000138   Zero   RW         5805    .bss                libmpllib.lib(fusion_9axis.o)
    0x20000b00   0x000001c4   Zero   RW         5830    .bss                libmpllib.lib(gyro_tc.o)
    0x20000cc4   0x0000006c   Zero   RW         5851    .bss                libmpllib.lib(quaternion_supervisor.o)
    0x20000d30   0x000000b8   Zero   RW         5869    .bss                libmpllib.lib(mag_disturb.o)
    0x20000de8   0x00000f00   Zero   RW            1    STACK               startup_stm32f10x_hd.o


==============================================================================

Image component sizes


      Code (inc. data)   RO Data    RW Data    ZI Data      Debug   Object Name

       116          4          0          0          0       1186   bsp_exti.o
      1088         66          0          6          0      12378   bsp_i2c.o
      2588        106          0         16          0      13964   bsp_ili9341_lcd.o
        96          6          0          0          0        606   bsp_led.o
       196         30          0          8          0      18990   bsp_systick.o
       164         12          0          0          0       1315   bsp_usart.o
         0          0          0          0          0       4504   core_cm3.o
      2260        262         68          0        728      27445   data_builder.o
      1216         76          0          0         40       9228   empl_outputs.o
         0          0      15200         24          0       1533   fonts.o
       212         16          0          0        196       3172   hal_outputs.o
      6828        256         84         44          0      33786   inv_mpu.o
      2856        150       3062          0         16      26471   inv_mpu_dmp_motion_driver.o
       826         24          0          0          0       3645   log_stm32.o
      4176        946          9         21         36      19443   main.o
        48          8          0          4          0       2136   message_layer.o
       132         22          0          0          0       1779   misc.o
      1864          0          0          0          0      14404   ml_math_func.o
       272        100         47          0          0       2892   mpl.o
       684         92          0          0        136      13386   results_holder.o
       204         20          0          0         84       3752   start_manager.o
        36          8        304          0       3840        932   startup_stm32f10x_hd.o
       200         18          0          0          0       2416   stm32f10x_exti.o
       282          6          0          0          0       2053   stm32f10x_fsmc.o
       368          4          0          0          0       4730   stm32f10x_gpio.o
        98          6          0          8          0       7224   stm32f10x_it.o
       276         32          0         20          0       4825   stm32f10x_rcc.o
       302          6          0          0          0       5638   stm32f10x_usart.o
       168         10          0          0        408       2777   storage_manager.o
       328         28          0         20          0     241385   system_stm32f10x.o

    ----------------------------------------------------------------------
     27924       2314      18812        176       5488     487995   Object Totals
         0          0         32          0          0          0   (incl. Generated)
        40          0          6          5          4          0   (incl. Padding)

    ----------------------------------------------------------------------

      Code (inc. data)   RO Data    RW Data    ZI Data      Debug   Library Member Name

      2548         42          0          0        672      19752   fast_no_motion.o
      1628         54          0          0        312       5308   fusion_9axis.o
      1212         30          0          0        452       5515   gyro_tc.o
      1360         46          0          0        184       7270   mag_disturb.o
      2368        102          0          0        108       5409   quaternion_supervisor.o
       284         42          0          0          0        120   acosf.o
       604         76          0          0          0        116   atan2f.o
       380         52          0          0          0        124   cosf.o
        38          0          0          0          0         68   fpclassifyf.o
        28          0          0          0          0        272   funder.o
       360         16         32          0          0         88   rredf.o
       392         54          0          0          0        124   sinf.o
        44          0          0          0          0         80   sqrtf.o
         0          0          0          0          0          0   entry.o
         0          0          0          0          0          0   entry10a.o
         0          0          0          0          0          0   entry11a.o
         8          4          0          0          0          0   entry2.o
         4          0          0          0          0          0   entry5.o
         0          0          0          0          0          0   entry7b.o
         0          0          0          0          0          0   entry8b.o
         8          4          0          0          0          0   entry9a.o
        12          6          0          4          0         68   errno.o
        30          0          0          0          0          0   handlers.o
        36          8          0          0          0         68   init.o
         0          0          0          0          0          0   iusefp.o
        98          0          0          0          0         84   ldiv.o
        30          0          0          0          0         68   llshl.o
        36          0          0          0          0         68   llsshr.o
        32          0          0          0          0         68   llushr.o
        26          0          0          0          0         80   memcmp.o
        64          0          0          0          0         76   memmovea.o
        36          0          0          0          0        108   memseta.o
      2312        102          0          0          0        676   printfa.o
         0          0          0          4          0          0   stdout.o
        44          0          0          0          0         80   uidiv.o
        98          0          0          0          0         92   uldiv.o
        48          0          0          0          0         68   cdrcmple.o
        20          0          0          0          0         68   cfcmple.o
        20          0          0          0          0         68   cfrcmple.o
        56          0          0          0          0         88   d2f.o
       334          0          0          0          0        148   dadd.o
       222          0          0          0          0        100   ddiv.o
       186          0          0          0          0        176   depilogue.o
        62          0          0          0          0         80   dfixi.o
        48          0          0          0          0         68   dfixul.o
        34          0          0          0          0         76   dflti.o
       228          0          0          0          0         96   dmul.o
        46          0          0          0          0         80   dscalb.o
        38          0          0          0          0         68   f2d.o
       176          0          0          0          0        140   fadd.o
       124          0          0          0          0         88   fdiv.o
       110          0          0          0          0        168   fepilogue.o
        50          0          0          0          0         68   ffixi.o
        66          0          0          0          0         76   ffixl.o
        40          0          0          0          0         68   ffixui.o
        18          0          0          0          0         68   fflti.o
        44          0          0          0          0         92   ffltl.o
        10          0          0          0          0         68   ffltui.o
       100          0          0          0          0         76   fmul.o
        60          0          0          0          0         76   frnd.o
        24          0          0          0          0         68   fscalb.o
        94          0          0          0          0         96   fsqrt.o

    ----------------------------------------------------------------------
     16384        638         32          8       1728      48118   Library Totals
         6          0          0          0          0          0   (incl. Padding)

    ----------------------------------------------------------------------

      Code (inc. data)   RO Data    RW Data    ZI Data      Debug   Library Name

      9116        274          0          0       1728      43254   libmpllib.lib
      2130        240         32          0          0        992   m_ws.l
      2874        124          0          8          0       1536   mc_w.l
      2258          0          0          0          0       2336   mf_w.l

    ----------------------------------------------------------------------
     16384        638         32          8       1728      48118   Library Totals

    ----------------------------------------------------------------------

==============================================================================


      Code (inc. data)   RO Data    RW Data    ZI Data      Debug   

     44308       2952      18844        184       7216     519989   Grand Totals
     44308       2952      18844        184       7216     519989   ELF Image Totals
     44308       2952      18844        184          0          0   ROM Totals

==============================================================================

    Total RO  Size (Code + RO Data)                63152 (  61.67kB)
    Total RW  Size (RW Data + ZI Data)              7400 (   7.23kB)
    Total ROM Size (Code + RO Data + RW Data)      63336 (  61.85kB)

==============================================================================

