<html>
<body>
<pre>
<h1>礦ision Build Log</h1>
<h2>Tool Versions:</h2>
IDE-Version: μVision V5.14.0.0
Copyright (C) 2015 ARM Ltd and ARM Germany GmbH. All rights reserved.
License Information: Li Li, lihua, LIC=2TTTG-VMW3V-PHF89-46YM3-7HGEV-ZG81I
 
Tool Versions:
Toolchain:       MDK-ARM Professional  Version: 5.14.0.0
Toolchain Path:  D:\licheng\ARM\ARMCC\Bin
C Compiler:      Armcc.exe V5.05 update 1 (build 106)
Assembler:       Armasm.exe V5.05 update 1 (build 106)
Linker/Locator:  ArmLink.exe V5.05 update 1 (build 106)
Library Manager: ArmAr.exe V5.05 update 1 (build 106)
Hex Converter:   FromElf.exe V5.05 update 1 (build 106)
CPU DLL:         SARMCM3.DLL V5.14.0.0
Dialog DLL:      DCM.DLL V1.13.1.0
Target DLL:      Segger\JL2CM3.dll V2.99.13.0
Dialog DLL:      TCM.DLL V1.14.4.0
 
<h2>Project:</h2>
C:\Users\Li\Desktop\STM32-Holocubic\3.软件设计\1.ESP8266固件更新\project\template.uvprojx
Project File Date:  08/16/2022

<h2>Output:</h2>
Build target 'Target 1'
assembling startup_stm32f40xx.s...
compiling system_stm32f4xx.c...
compiling misc.c...
compiling stm32f4xx_gpio.c...
compiling stm32f4xx_rcc.c...
compiling stm32f4xx_usart.c...
compiling stm32f4xx_exti.c...
compiling main.c...
..\user\src\main.c(25): warning:  #174-D: expression has no effect
                        LED_ON;
..\user\src\main.c: 1 warning, 0 errors
compiling stm32f4xx_it.c...
compiling led.c...
compiling usart.c...
linking...
Program Size: Code=828 RO-data=408 RW-data=0 ZI-data=1024  
FromELF: creating hex file...
".\Objects\template.axf" - 0 Error(s), 1 Warning(s).

<h2>Collection of Component include folders:</h2>
  C:\Users\Li\Desktop\STM32-Holocubic\3.软件设计\1.ESP8266固件更新\project\RTE
  D:\licheng\ARM\PACK\Keil\STM32F4xx_DFP\1.0.8\Device\Include

<h2>Collection of Component Files used:</h2>
</pre>
</body>
</html>
