<?xml version="1.0"?>
<link_info>
   <banner>MSP430 Linker PC v4.1.1</banner>
   <copyright>Copyright (c) 2003-2012 Texas Instruments Incorporated</copyright>
   <link_time>0x53ac5d15</link_time>
   <output_file>eMD-6.0.out</output_file>
   <entry_point>
      <name>_c_int00</name>
      <address>0x4778</address>
   </entry_point>
   <input_file_list>
      <input_file id="fl-2">
         <path>.\core\driver\eMPL\</path>
         <kind>object</kind>
         <file>inv_mpu_dmp_motion_driver.obj</file>
         <name>inv_mpu_dmp_motion_driver.obj</name>
      </input_file>
      <input_file id="fl-3">
         <path>.\core\driver\eMPL\</path>
         <kind>object</kind>
         <file>inv_mpu.obj</file>
         <name>inv_mpu.obj</name>
      </input_file>
      <input_file id="fl-4">
         <path>.\core\driver\msp430\F5xx_F6xx_Core_Lib\</path>
         <kind>object</kind>
         <file>HAL_UCS.obj</file>
         <name>HAL_UCS.obj</name>
      </input_file>
      <input_file id="fl-5">
         <path>.\core\driver\msp430\F5xx_F6xx_Core_Lib\</path>
         <kind>object</kind>
         <file>HAL_TLV.obj</file>
         <name>HAL_TLV.obj</name>
      </input_file>
      <input_file id="fl-6">
         <path>.\core\driver\msp430\F5xx_F6xx_Core_Lib\</path>
         <kind>object</kind>
         <file>HAL_PMM.obj</file>
         <name>HAL_PMM.obj</name>
      </input_file>
      <input_file id="fl-7">
         <path>.\core\driver\msp430\F5xx_F6xx_Core_Lib\</path>
         <kind>object</kind>
         <file>HAL_PMAP.obj</file>
         <name>HAL_PMAP.obj</name>
      </input_file>
      <input_file id="fl-8">
         <path>.\core\driver\msp430\F5xx_F6xx_Core_Lib\</path>
         <kind>object</kind>
         <file>HAL_FLASH.obj</file>
         <name>HAL_FLASH.obj</name>
      </input_file>
      <input_file id="fl-9">
         <path>.\core\driver\msp430\USB_API\USB_CDC_API\</path>
         <kind>object</kind>
         <file>UsbCdc.obj</file>
         <name>UsbCdc.obj</name>
      </input_file>
      <input_file id="fl-a">
         <path>.\core\driver\msp430\USB_API\USB_Common\</path>
         <kind>object</kind>
         <file>usb.obj</file>
         <name>usb.obj</name>
      </input_file>
      <input_file id="fl-b">
         <path>.\core\driver\msp430\USB_API\USB_Common\</path>
         <kind>object</kind>
         <file>dma.obj</file>
         <name>dma.obj</name>
      </input_file>
      <input_file id="fl-c">
         <path>.\core\driver\msp430\USB_API\USB_HID_API\</path>
         <kind>object</kind>
         <file>UsbHidReq.obj</file>
         <name>UsbHidReq.obj</name>
      </input_file>
      <input_file id="fl-d">
         <path>.\core\driver\msp430\USB_API\USB_HID_API\</path>
         <kind>object</kind>
         <file>UsbHid.obj</file>
         <name>UsbHid.obj</name>
      </input_file>
      <input_file id="fl-e">
         <path>.\core\driver\msp430\USB_API\USB_MSC_API\</path>
         <kind>object</kind>
         <file>UsbMscStateMachine.obj</file>
         <name>UsbMscStateMachine.obj</name>
      </input_file>
      <input_file id="fl-f">
         <path>.\core\driver\msp430\USB_API\USB_MSC_API\</path>
         <kind>object</kind>
         <file>UsbMscScsi.obj</file>
         <name>UsbMscScsi.obj</name>
      </input_file>
      <input_file id="fl-10">
         <path>.\core\driver\msp430\USB_API\USB_MSC_API\</path>
         <kind>object</kind>
         <file>UsbMscReq.obj</file>
         <name>UsbMscReq.obj</name>
      </input_file>
      <input_file id="fl-11">
         <path>.\core\driver\msp430\USB_API\USB_PHDC_API\</path>
         <kind>object</kind>
         <file>UsbPHDC.obj</file>
         <name>UsbPHDC.obj</name>
      </input_file>
      <input_file id="fl-12">
         <path>.\core\driver\msp430\USB_eMPL\</path>
         <kind>object</kind>
         <file>usbEventHandling.obj</file>
         <name>usbEventHandling.obj</name>
      </input_file>
      <input_file id="fl-13">
         <path>.\core\driver\msp430\USB_eMPL\</path>
         <kind>object</kind>
         <file>usbConstructs.obj</file>
         <name>usbConstructs.obj</name>
      </input_file>
      <input_file id="fl-14">
         <path>.\core\driver\msp430\USB_eMPL\</path>
         <kind>object</kind>
         <file>log_msp430.obj</file>
         <name>log_msp430.obj</name>
      </input_file>
      <input_file id="fl-15">
         <path>.\core\driver\msp430\USB_eMPL\</path>
         <kind>object</kind>
         <file>descriptors.obj</file>
         <name>descriptors.obj</name>
      </input_file>
      <input_file id="fl-16">
         <path>.\core\driver\msp430\USB_eMPL\</path>
         <kind>object</kind>
         <file>UsbIsr.obj</file>
         <name>UsbIsr.obj</name>
      </input_file>
      <input_file id="fl-17">
         <path>.\core\driver\msp430\</path>
         <kind>object</kind>
         <file>msp430_interrupt.obj</file>
         <name>msp430_interrupt.obj</name>
      </input_file>
      <input_file id="fl-18">
         <path>.\core\driver\msp430\</path>
         <kind>object</kind>
         <file>msp430_i2c.obj</file>
         <name>msp430_i2c.obj</name>
      </input_file>
      <input_file id="fl-19">
         <path>.\core\driver\msp430\</path>
         <kind>object</kind>
         <file>msp430_clock.obj</file>
         <name>msp430_clock.obj</name>
      </input_file>
      <input_file id="fl-1a">
         <path>.\core\eMPL-hal\</path>
         <kind>object</kind>
         <file>eMPL_outputs.obj</file>
         <name>eMPL_outputs.obj</name>
      </input_file>
      <input_file id="fl-1b">
         <path>.\core\mllite\</path>
         <kind>object</kind>
         <file>storage_manager.obj</file>
         <name>storage_manager.obj</name>
      </input_file>
      <input_file id="fl-1c">
         <path>.\core\mllite\</path>
         <kind>object</kind>
         <file>start_manager.obj</file>
         <name>start_manager.obj</name>
      </input_file>
      <input_file id="fl-1d">
         <path>.\core\mllite\</path>
         <kind>object</kind>
         <file>results_holder.obj</file>
         <name>results_holder.obj</name>
      </input_file>
      <input_file id="fl-1e">
         <path>.\core\mllite\</path>
         <kind>object</kind>
         <file>mpl.obj</file>
         <name>mpl.obj</name>
      </input_file>
      <input_file id="fl-1f">
         <path>.\core\mllite\</path>
         <kind>object</kind>
         <file>mlmath.obj</file>
         <name>mlmath.obj</name>
      </input_file>
      <input_file id="fl-20">
         <path>.\core\mllite\</path>
         <kind>object</kind>
         <file>ml_math_func.obj</file>
         <name>ml_math_func.obj</name>
      </input_file>
      <input_file id="fl-21">
         <path>.\core\mllite\</path>
         <kind>object</kind>
         <file>message_layer.obj</file>
         <name>message_layer.obj</name>
      </input_file>
      <input_file id="fl-22">
         <path>.\core\mllite\</path>
         <kind>object</kind>
         <file>hal_outputs.obj</file>
         <name>hal_outputs.obj</name>
      </input_file>
      <input_file id="fl-23">
         <path>.\core\mllite\</path>
         <kind>object</kind>
         <file>data_builder.obj</file>
         <name>data_builder.obj</name>
      </input_file>
      <input_file id="fl-24">
         <path>.\simple_apps\msp430\</path>
         <kind>object</kind>
         <file>mllite_test.obj</file>
         <name>mllite_test.obj</name>
      </input_file>
      <input_file id="fl-2c">
         <path>..\core\mpl\</path>
         <kind>archive</kind>
         <file>libmplmpu.lib</file>
         <name>quaternion_supervisor.obj</name>
      </input_file>
      <input_file id="fl-2d">
         <path>..\core\mpl\</path>
         <kind>archive</kind>
         <file>libmplmpu.lib</file>
         <name>mag_disturb.obj</name>
      </input_file>
      <input_file id="fl-2e">
         <path>..\core\mpl\</path>
         <kind>archive</kind>
         <file>libmplmpu.lib</file>
         <name>gyro_tc.obj</name>
      </input_file>
      <input_file id="fl-2f">
         <path>..\core\mpl\</path>
         <kind>archive</kind>
         <file>libmplmpu.lib</file>
         <name>fusion_9axis.obj</name>
      </input_file>
      <input_file id="fl-30">
         <path>..\core\mpl\</path>
         <kind>archive</kind>
         <file>libmplmpu.lib</file>
         <name>fast_no_motion.obj</name>
      </input_file>
      <input_file id="fl-31">
         <path>..\core\mpl\</path>
         <kind>archive</kind>
         <file>libmplmpu.lib</file>
         <name>compass_vec_cal.obj</name>
      </input_file>
      <input_file id="fl-32">
         <path>..\core\mpl\</path>
         <kind>archive</kind>
         <file>libmplmpu.lib</file>
         <name>accel_auto_cal.obj</name>
      </input_file>
      <input_file id="fl-48">
         <path>C:\ti\ccsv5\tools\compiler\msp430_4.1.1\lib\</path>
         <kind>archive</kind>
         <file>rts430x_lc_rd.lib</file>
         <name>abs.obj</name>
      </input_file>
      <input_file id="fl-49">
         <path>C:\ti\ccsv5\tools\compiler\msp430_4.1.1\lib\</path>
         <kind>archive</kind>
         <file>rts430x_lc_rd.lib</file>
         <name>acos.obj</name>
      </input_file>
      <input_file id="fl-4a">
         <path>C:\ti\ccsv5\tools\compiler\msp430_4.1.1\lib\</path>
         <kind>archive</kind>
         <file>rts430x_lc_rd.lib</file>
         <name>acosf.obj</name>
      </input_file>
      <input_file id="fl-4b">
         <path>C:\ti\ccsv5\tools\compiler\msp430_4.1.1\lib\</path>
         <kind>archive</kind>
         <file>rts430x_lc_rd.lib</file>
         <name>asin.obj</name>
      </input_file>
      <input_file id="fl-4c">
         <path>C:\ti\ccsv5\tools\compiler\msp430_4.1.1\lib\</path>
         <kind>archive</kind>
         <file>rts430x_lc_rd.lib</file>
         <name>asinf.obj</name>
      </input_file>
      <input_file id="fl-4d">
         <path>C:\ti\ccsv5\tools\compiler\msp430_4.1.1\lib\</path>
         <kind>archive</kind>
         <file>rts430x_lc_rd.lib</file>
         <name>asr32.obj</name>
      </input_file>
      <input_file id="fl-4e">
         <path>C:\ti\ccsv5\tools\compiler\msp430_4.1.1\lib\</path>
         <kind>archive</kind>
         <file>rts430x_lc_rd.lib</file>
         <name>atan.obj</name>
      </input_file>
      <input_file id="fl-4f">
         <path>C:\ti\ccsv5\tools\compiler\msp430_4.1.1\lib\</path>
         <kind>archive</kind>
         <file>rts430x_lc_rd.lib</file>
         <name>atan2.obj</name>
      </input_file>
      <input_file id="fl-50">
         <path>C:\ti\ccsv5\tools\compiler\msp430_4.1.1\lib\</path>
         <kind>archive</kind>
         <file>rts430x_lc_rd.lib</file>
         <name>atan2f.obj</name>
      </input_file>
      <input_file id="fl-51">
         <path>C:\ti\ccsv5\tools\compiler\msp430_4.1.1\lib\</path>
         <kind>archive</kind>
         <file>rts430x_lc_rd.lib</file>
         <name>boot.obj</name>
      </input_file>
      <input_file id="fl-52">
         <path>C:\ti\ccsv5\tools\compiler\msp430_4.1.1\lib\</path>
         <kind>archive</kind>
         <file>rts430x_lc_rd.lib</file>
         <name>ceil.obj</name>
      </input_file>
      <input_file id="fl-53">
         <path>C:\ti\ccsv5\tools\compiler\msp430_4.1.1\lib\</path>
         <kind>archive</kind>
         <file>rts430x_lc_rd.lib</file>
         <name>copy_decompress_none.obj</name>
      </input_file>
      <input_file id="fl-54">
         <path>C:\ti\ccsv5\tools\compiler\msp430_4.1.1\lib\</path>
         <kind>archive</kind>
         <file>rts430x_lc_rd.lib</file>
         <name>copy_decompress_rle.obj</name>
      </input_file>
      <input_file id="fl-55">
         <path>C:\ti\ccsv5\tools\compiler\msp430_4.1.1\lib\</path>
         <kind>archive</kind>
         <file>rts430x_lc_rd.lib</file>
         <name>copy_zero_init.obj</name>
      </input_file>
      <input_file id="fl-56">
         <path>C:\ti\ccsv5\tools\compiler\msp430_4.1.1\lib\</path>
         <kind>archive</kind>
         <file>rts430x_lc_rd.lib</file>
         <name>cos.obj</name>
      </input_file>
      <input_file id="fl-57">
         <path>C:\ti\ccsv5\tools\compiler\msp430_4.1.1\lib\</path>
         <kind>archive</kind>
         <file>rts430x_lc_rd.lib</file>
         <name>cosf.obj</name>
      </input_file>
      <input_file id="fl-58">
         <path>C:\ti\ccsv5\tools\compiler\msp430_4.1.1\lib\</path>
         <kind>archive</kind>
         <file>rts430x_lc_rd.lib</file>
         <name>div16s.obj</name>
      </input_file>
      <input_file id="fl-59">
         <path>C:\ti\ccsv5\tools\compiler\msp430_4.1.1\lib\</path>
         <kind>archive</kind>
         <file>rts430x_lc_rd.lib</file>
         <name>div16u.obj</name>
      </input_file>
      <input_file id="fl-5a">
         <path>C:\ti\ccsv5\tools\compiler\msp430_4.1.1\lib\</path>
         <kind>archive</kind>
         <file>rts430x_lc_rd.lib</file>
         <name>div32s.obj</name>
      </input_file>
      <input_file id="fl-5b">
         <path>C:\ti\ccsv5\tools\compiler\msp430_4.1.1\lib\</path>
         <kind>archive</kind>
         <file>rts430x_lc_rd.lib</file>
         <name>div32u.obj</name>
      </input_file>
      <input_file id="fl-5c">
         <path>C:\ti\ccsv5\tools\compiler\msp430_4.1.1\lib\</path>
         <kind>archive</kind>
         <file>rts430x_lc_rd.lib</file>
         <name>exit.obj</name>
      </input_file>
      <input_file id="fl-5d">
         <path>C:\ti\ccsv5\tools\compiler\msp430_4.1.1\lib\</path>
         <kind>archive</kind>
         <file>rts430x_lc_rd.lib</file>
         <name>fixdlli.obj</name>
      </input_file>
      <input_file id="fl-5e">
         <path>C:\ti\ccsv5\tools\compiler\msp430_4.1.1\lib\</path>
         <kind>archive</kind>
         <file>rts430x_lc_rd.lib</file>
         <name>floor.obj</name>
      </input_file>
      <input_file id="fl-5f">
         <path>C:\ti\ccsv5\tools\compiler\msp430_4.1.1\lib\</path>
         <kind>archive</kind>
         <file>rts430x_lc_rd.lib</file>
         <name>fltllid.obj</name>
      </input_file>
      <input_file id="fl-60">
         <path>C:\ti\ccsv5\tools\compiler\msp430_4.1.1\lib\</path>
         <kind>archive</kind>
         <file>rts430x_lc_rd.lib</file>
         <name>fs_add.obj</name>
      </input_file>
      <input_file id="fl-61">
         <path>C:\ti\ccsv5\tools\compiler\msp430_4.1.1\lib\</path>
         <kind>archive</kind>
         <file>rts430x_lc_rd.lib</file>
         <name>fs_cmp.obj</name>
      </input_file>
      <input_file id="fl-62">
         <path>C:\ti\ccsv5\tools\compiler\msp430_4.1.1\lib\</path>
         <kind>archive</kind>
         <file>rts430x_lc_rd.lib</file>
         <name>fs_div.obj</name>
      </input_file>
      <input_file id="fl-63">
         <path>C:\ti\ccsv5\tools\compiler\msp430_4.1.1\lib\</path>
         <kind>archive</kind>
         <file>rts430x_lc_rd.lib</file>
         <name>fs_itof.obj</name>
      </input_file>
      <input_file id="fl-64">
         <path>C:\ti\ccsv5\tools\compiler\msp430_4.1.1\lib\</path>
         <kind>archive</kind>
         <file>rts430x_lc_rd.lib</file>
         <name>fs_ltof.obj</name>
      </input_file>
      <input_file id="fl-65">
         <path>C:\ti\ccsv5\tools\compiler\msp430_4.1.1\lib\</path>
         <kind>archive</kind>
         <file>rts430x_lc_rd.lib</file>
         <name>fs_mpy.obj</name>
      </input_file>
      <input_file id="fl-66">
         <path>C:\ti\ccsv5\tools\compiler\msp430_4.1.1\lib\</path>
         <kind>archive</kind>
         <file>rts430x_lc_rd.lib</file>
         <name>fs_neg.obj</name>
      </input_file>
      <input_file id="fl-67">
         <path>C:\ti\ccsv5\tools\compiler\msp430_4.1.1\lib\</path>
         <kind>archive</kind>
         <file>rts430x_lc_rd.lib</file>
         <name>fs_toi.obj</name>
      </input_file>
      <input_file id="fl-68">
         <path>C:\ti\ccsv5\tools\compiler\msp430_4.1.1\lib\</path>
         <kind>archive</kind>
         <file>rts430x_lc_rd.lib</file>
         <name>fs_tol.obj</name>
      </input_file>
      <input_file id="fl-69">
         <path>C:\ti\ccsv5\tools\compiler\msp430_4.1.1\lib\</path>
         <kind>archive</kind>
         <file>rts430x_lc_rd.lib</file>
         <name>fs_tou.obj</name>
      </input_file>
      <input_file id="fl-6a">
         <path>C:\ti\ccsv5\tools\compiler\msp430_4.1.1\lib\</path>
         <kind>archive</kind>
         <file>rts430x_lc_rd.lib</file>
         <name>fs_ultof.obj</name>
      </input_file>
      <input_file id="fl-6b">
         <path>C:\ti\ccsv5\tools\compiler\msp430_4.1.1\lib\</path>
         <kind>archive</kind>
         <file>rts430x_lc_rd.lib</file>
         <name>fs_utof.obj</name>
      </input_file>
      <input_file id="fl-6c">
         <path>C:\ti\ccsv5\tools\compiler\msp430_4.1.1\lib\</path>
         <kind>archive</kind>
         <file>rts430x_lc_rd.lib</file>
         <name>llmath.obj</name>
      </input_file>
      <input_file id="fl-6d">
         <path>C:\ti\ccsv5\tools\compiler\msp430_4.1.1\lib\</path>
         <kind>archive</kind>
         <file>rts430x_lc_rd.lib</file>
         <name>log.obj</name>
      </input_file>
      <input_file id="fl-6e">
         <path>C:\ti\ccsv5\tools\compiler\msp430_4.1.1\lib\</path>
         <kind>archive</kind>
         <file>rts430x_lc_rd.lib</file>
         <name>lsl16.obj</name>
      </input_file>
      <input_file id="fl-6f">
         <path>C:\ti\ccsv5\tools\compiler\msp430_4.1.1\lib\</path>
         <kind>archive</kind>
         <file>rts430x_lc_rd.lib</file>
         <name>lsl32.obj</name>
      </input_file>
      <input_file id="fl-70">
         <path>C:\ti\ccsv5\tools\compiler\msp430_4.1.1\lib\</path>
         <kind>archive</kind>
         <file>rts430x_lc_rd.lib</file>
         <name>lsr32.obj</name>
      </input_file>
      <input_file id="fl-71">
         <path>C:\ti\ccsv5\tools\compiler\msp430_4.1.1\lib\</path>
         <kind>archive</kind>
         <file>rts430x_lc_rd.lib</file>
         <name>memcpy.obj</name>
      </input_file>
      <input_file id="fl-72">
         <path>C:\ti\ccsv5\tools\compiler\msp430_4.1.1\lib\</path>
         <kind>archive</kind>
         <file>rts430x_lc_rd.lib</file>
         <name>memmov.obj</name>
      </input_file>
      <input_file id="fl-73">
         <path>C:\ti\ccsv5\tools\compiler\msp430_4.1.1\lib\</path>
         <kind>archive</kind>
         <file>rts430x_lc_rd.lib</file>
         <name>mult1632_f5hw.obj</name>
      </input_file>
      <input_file id="fl-74">
         <path>C:\ti\ccsv5\tools\compiler\msp430_4.1.1\lib\</path>
         <kind>archive</kind>
         <file>rts430x_lc_rd.lib</file>
         <name>mult16_f5hw.obj</name>
      </input_file>
      <input_file id="fl-75">
         <path>C:\ti\ccsv5\tools\compiler\msp430_4.1.1\lib\</path>
         <kind>archive</kind>
         <file>rts430x_lc_rd.lib</file>
         <name>mult3264_f5hw.obj</name>
      </input_file>
      <input_file id="fl-76">
         <path>C:\ti\ccsv5\tools\compiler\msp430_4.1.1\lib\</path>
         <kind>archive</kind>
         <file>rts430x_lc_rd.lib</file>
         <name>mult32_f5hw.obj</name>
      </input_file>
      <input_file id="fl-77">
         <path>C:\ti\ccsv5\tools\compiler\msp430_4.1.1\lib\</path>
         <kind>archive</kind>
         <file>rts430x_lc_rd.lib</file>
         <name>mult64_f5hw.obj</name>
      </input_file>
      <input_file id="fl-78">
         <path>C:\ti\ccsv5\tools\compiler\msp430_4.1.1\lib\</path>
         <kind>archive</kind>
         <file>rts430x_lc_rd.lib</file>
         <name>pow.obj</name>
      </input_file>
      <input_file id="fl-79">
         <path>C:\ti\ccsv5\tools\compiler\msp430_4.1.1\lib\</path>
         <kind>archive</kind>
         <file>rts430x_lc_rd.lib</file>
         <name>pre_init.obj</name>
      </input_file>
      <input_file id="fl-7a">
         <path>C:\ti\ccsv5\tools\compiler\msp430_4.1.1\lib\</path>
         <kind>archive</kind>
         <file>rts430x_lc_rd.lib</file>
         <name>sin.obj</name>
      </input_file>
      <input_file id="fl-7b">
         <path>C:\ti\ccsv5\tools\compiler\msp430_4.1.1\lib\</path>
         <kind>archive</kind>
         <file>rts430x_lc_rd.lib</file>
         <name>sinf.obj</name>
      </input_file>
      <input_file id="fl-7c">
         <path>C:\ti\ccsv5\tools\compiler\msp430_4.1.1\lib\</path>
         <kind>archive</kind>
         <file>rts430x_lc_rd.lib</file>
         <name>sqrt.obj</name>
      </input_file>
      <input_file id="fl-7d">
         <path>C:\ti\ccsv5\tools\compiler\msp430_4.1.1\lib\</path>
         <kind>archive</kind>
         <file>rts430x_lc_rd.lib</file>
         <name>sqrtf.obj</name>
      </input_file>
      <input_file id="fl-7e">
         <path>C:\ti\ccsv5\tools\compiler\msp430_4.1.1\lib\</path>
         <kind>archive</kind>
         <file>rts430x_lc_rd.lib</file>
         <name>vsprintf.obj</name>
      </input_file>
      <input_file id="fl-7f">
         <path>C:\ti\ccsv5\tools\compiler\msp430_4.1.1\lib\</path>
         <kind>archive</kind>
         <file>rts430x_lc_rd.lib</file>
         <name>xatan.obj</name>
      </input_file>
      <input_file id="fl-80">
         <path>C:\ti\ccsv5\tools\compiler\msp430_4.1.1\lib\</path>
         <kind>archive</kind>
         <file>rts430x_lc_rd.lib</file>
         <name>xdint.obj</name>
      </input_file>
      <input_file id="fl-81">
         <path>C:\ti\ccsv5\tools\compiler\msp430_4.1.1\lib\</path>
         <kind>archive</kind>
         <file>rts430x_lc_rd.lib</file>
         <name>xdscale.obj</name>
      </input_file>
      <input_file id="fl-82">
         <path>C:\ti\ccsv5\tools\compiler\msp430_4.1.1\lib\</path>
         <kind>archive</kind>
         <file>rts430x_lc_rd.lib</file>
         <name>xdtest.obj</name>
      </input_file>
      <input_file id="fl-83">
         <path>C:\ti\ccsv5\tools\compiler\msp430_4.1.1\lib\</path>
         <kind>archive</kind>
         <file>rts430x_lc_rd.lib</file>
         <name>xdunscal.obj</name>
      </input_file>
      <input_file id="fl-84">
         <path>C:\ti\ccsv5\tools\compiler\msp430_4.1.1\lib\</path>
         <kind>archive</kind>
         <file>rts430x_lc_rd.lib</file>
         <name>xexp.obj</name>
      </input_file>
      <input_file id="fl-85">
         <path>C:\ti\ccsv5\tools\compiler\msp430_4.1.1\lib\</path>
         <kind>archive</kind>
         <file>rts430x_lc_rd.lib</file>
         <name>xfatan.obj</name>
      </input_file>
      <input_file id="fl-86">
         <path>C:\ti\ccsv5\tools\compiler\msp430_4.1.1\lib\</path>
         <kind>archive</kind>
         <file>rts430x_lc_rd.lib</file>
         <name>xfdint.obj</name>
      </input_file>
      <input_file id="fl-87">
         <path>C:\ti\ccsv5\tools\compiler\msp430_4.1.1\lib\</path>
         <kind>archive</kind>
         <file>rts430x_lc_rd.lib</file>
         <name>xfdscale.obj</name>
      </input_file>
      <input_file id="fl-88">
         <path>C:\ti\ccsv5\tools\compiler\msp430_4.1.1\lib\</path>
         <kind>archive</kind>
         <file>rts430x_lc_rd.lib</file>
         <name>xfdtest.obj</name>
      </input_file>
      <input_file id="fl-89">
         <path>C:\ti\ccsv5\tools\compiler\msp430_4.1.1\lib\</path>
         <kind>archive</kind>
         <file>rts430x_lc_rd.lib</file>
         <name>xfdunsca.obj</name>
      </input_file>
      <input_file id="fl-8a">
         <path>C:\ti\ccsv5\tools\compiler\msp430_4.1.1\lib\</path>
         <kind>archive</kind>
         <file>rts430x_lc_rd.lib</file>
         <name>xferaise.obj</name>
      </input_file>
      <input_file id="fl-8b">
         <path>C:\ti\ccsv5\tools\compiler\msp430_4.1.1\lib\</path>
         <kind>archive</kind>
         <file>rts430x_lc_rd.lib</file>
         <name>xfsin.obj</name>
      </input_file>
      <input_file id="fl-8c">
         <path>C:\ti\ccsv5\tools\compiler\msp430_4.1.1\lib\</path>
         <kind>archive</kind>
         <file>rts430x_lc_rd.lib</file>
         <name>xfvalues.obj</name>
      </input_file>
      <input_file id="fl-8d">
         <path>C:\ti\ccsv5\tools\compiler\msp430_4.1.1\lib\</path>
         <kind>archive</kind>
         <file>rts430x_lc_rd.lib</file>
         <name>xlog.obj</name>
      </input_file>
      <input_file id="fl-8e">
         <path>C:\ti\ccsv5\tools\compiler\msp430_4.1.1\lib\</path>
         <kind>archive</kind>
         <file>rts430x_lc_rd.lib</file>
         <name>xsin.obj</name>
      </input_file>
      <input_file id="fl-8f">
         <path>C:\ti\ccsv5\tools\compiler\msp430_4.1.1\lib\</path>
         <kind>archive</kind>
         <file>rts430x_lc_rd.lib</file>
         <name>xvalues.obj</name>
      </input_file>
      <input_file id="fl-90">
         <path>C:\ti\ccsv5\tools\compiler\msp430_4.1.1\lib\</path>
         <kind>archive</kind>
         <file>rts430x_lc_rd.lib</file>
         <name>_lock.obj</name>
      </input_file>
      <input_file id="fl-91">
         <path>C:\ti\ccsv5\tools\compiler\msp430_4.1.1\lib\</path>
         <kind>archive</kind>
         <file>rts430x_lc_rd.lib</file>
         <name>_printfi.obj</name>
      </input_file>
      <input_file id="fl-92">
         <path>C:\ti\ccsv5\tools\compiler\msp430_4.1.1\lib\</path>
         <kind>archive</kind>
         <file>rts430x_lc_rd.lib</file>
         <name>args_main.obj</name>
      </input_file>
      <input_file id="fl-93">
         <path>C:\ti\ccsv5\tools\compiler\msp430_4.1.1\lib\</path>
         <kind>archive</kind>
         <file>rts430x_lc_rd.lib</file>
         <name>atoi.obj</name>
      </input_file>
      <input_file id="fl-94">
         <path>C:\ti\ccsv5\tools\compiler\msp430_4.1.1\lib\</path>
         <kind>archive</kind>
         <file>rts430x_lc_rd.lib</file>
         <name>autoinit.obj</name>
      </input_file>
      <input_file id="fl-95">
         <path>C:\ti\ccsv5\tools\compiler\msp430_4.1.1\lib\</path>
         <kind>archive</kind>
         <file>rts430x_lc_rd.lib</file>
         <name>ctype.obj</name>
      </input_file>
      <input_file id="fl-96">
         <path>C:\ti\ccsv5\tools\compiler\msp430_4.1.1\lib\</path>
         <kind>archive</kind>
         <file>rts430x_lc_rd.lib</file>
         <name>errno.obj</name>
      </input_file>
      <input_file id="fl-97">
         <path>C:\ti\ccsv5\tools\compiler\msp430_4.1.1\lib\</path>
         <kind>archive</kind>
         <file>rts430x_lc_rd.lib</file>
         <name>feraiseexcept.obj</name>
      </input_file>
      <input_file id="fl-98">
         <path>C:\ti\ccsv5\tools\compiler\msp430_4.1.1\lib\</path>
         <kind>archive</kind>
         <file>rts430x_lc_rd.lib</file>
         <name>fmod.obj</name>
      </input_file>
      <input_file id="fl-99">
         <path>C:\ti\ccsv5\tools\compiler\msp430_4.1.1\lib\</path>
         <kind>archive</kind>
         <file>rts430x_lc_rd.lib</file>
         <name>fmodf.obj</name>
      </input_file>
      <input_file id="fl-9a">
         <path>C:\ti\ccsv5\tools\compiler\msp430_4.1.1\lib\</path>
         <kind>archive</kind>
         <file>rts430x_lc_rd.lib</file>
         <name>lsr16.obj</name>
      </input_file>
      <input_file id="fl-9b">
         <path>C:\ti\ccsv5\tools\compiler\msp430_4.1.1\lib\</path>
         <kind>archive</kind>
         <file>rts430x_lc_rd.lib</file>
         <name>ltoa.obj</name>
      </input_file>
      <input_file id="fl-9c">
         <path>C:\ti\ccsv5\tools\compiler\msp430_4.1.1\lib\</path>
         <kind>archive</kind>
         <file>rts430x_lc_rd.lib</file>
         <name>memccpy.obj</name>
      </input_file>
      <input_file id="fl-9d">
         <path>C:\ti\ccsv5\tools\compiler\msp430_4.1.1\lib\</path>
         <kind>archive</kind>
         <file>rts430x_lc_rd.lib</file>
         <name>memset.obj</name>
      </input_file>
      <input_file id="fl-9e">
         <path>C:\ti\ccsv5\tools\compiler\msp430_4.1.1\lib\</path>
         <kind>archive</kind>
         <file>rts430x_lc_rd.lib</file>
         <name>raise.obj</name>
      </input_file>
      <input_file id="fl-9f">
         <path>C:\ti\ccsv5\tools\compiler\msp430_4.1.1\lib\</path>
         <kind>archive</kind>
         <file>rts430x_lc_rd.lib</file>
         <name>signal.obj</name>
      </input_file>
      <input_file id="fl-a0">
         <path>C:\ti\ccsv5\tools\compiler\msp430_4.1.1\lib\</path>
         <kind>archive</kind>
         <file>rts430x_lc_rd.lib</file>
         <name>strlen.obj</name>
      </input_file>
      <input_file id="fl-a1">
         <path>C:\ti\ccsv5\tools\compiler\msp430_4.1.1\lib\</path>
         <kind>archive</kind>
         <file>rts430x_lc_rd.lib</file>
         <name>toupper.obj</name>
      </input_file>
      <input_file id="fl-a2">
         <path>C:\ti\ccsv5\tools\compiler\msp430_4.1.1\lib\</path>
         <kind>archive</kind>
         <file>rts430x_lc_rd.lib</file>
         <name>xdnorm.obj</name>
      </input_file>
      <input_file id="fl-a3">
         <path>C:\ti\ccsv5\tools\compiler\msp430_4.1.1\lib\</path>
         <kind>archive</kind>
         <file>rts430x_lc_rd.lib</file>
         <name>xfdclass.obj</name>
      </input_file>
      <input_file id="fl-a4">
         <path>C:\ti\ccsv5\tools\compiler\msp430_4.1.1\lib\</path>
         <kind>archive</kind>
         <file>rts430x_lc_rd.lib</file>
         <name>xfdnorm.obj</name>
      </input_file>
   </input_file_list>
   <object_component_list>
      <object_component id="oc-50">
         <name>.bss</name>
         <uninitialized>true</uninitialized>
         <run_address>0x38b2</run_address>
         <size>0x10</size>
         <input_file_ref idref="fl-2"/>
      </object_component>
      <object_component id="oc-57">
         <name>.bss</name>
         <uninitialized>true</uninitialized>
         <run_address>0x37dc</run_address>
         <size>0x36</size>
         <input_file_ref idref="fl-3"/>
      </object_component>
      <object_component id="oc-73">
         <name>.bss</name>
         <uninitialized>true</uninitialized>
         <run_address>0x3848</run_address>
         <size>0x2e</size>
         <input_file_ref idref="fl-9"/>
      </object_component>
      <object_component id="oc-78">
         <name>.bss</name>
         <uninitialized>true</uninitialized>
         <run_address>0x3794</run_address>
         <size>0x48</size>
         <input_file_ref idref="fl-a"/>
      </object_component>
      <object_component id="oc-7e">
         <name>.bss</name>
         <uninitialized>true</uninitialized>
         <run_address>0x38ce</run_address>
         <size>0x8</size>
         <input_file_ref idref="fl-b"/>
      </object_component>
      <object_component id="oc-a4">
         <name>.bss</name>
         <uninitialized>true</uninitialized>
         <run_address>0x36f0</run_address>
         <size>0x52</size>
         <input_file_ref idref="fl-17"/>
      </object_component>
      <object_component id="oc-b0">
         <name>.bss</name>
         <uninitialized>true</uninitialized>
         <run_address>0x38c2</run_address>
         <size>0xc</size>
         <input_file_ref idref="fl-18"/>
      </object_component>
      <object_component id="oc-b8">
         <name>.bss</name>
         <uninitialized>true</uninitialized>
         <run_address>0x3894</run_address>
         <size>0x1e</size>
         <input_file_ref idref="fl-19"/>
      </object_component>
      <object_component id="oc-c0">
         <name>.bss</name>
         <uninitialized>true</uninitialized>
         <run_address>0x3876</run_address>
         <size>0x1e</size>
         <input_file_ref idref="fl-1a"/>
      </object_component>
      <object_component id="oc-c5">
         <name>.bss</name>
         <uninitialized>true</uninitialized>
         <run_address>0x307c</run_address>
         <size>0x16c</size>
         <input_file_ref idref="fl-1b"/>
      </object_component>
      <object_component id="oc-ca">
         <name>.bss</name>
         <uninitialized>true</uninitialized>
         <run_address>0x3742</run_address>
         <size>0x52</size>
         <input_file_ref idref="fl-1c"/>
      </object_component>
      <object_component id="oc-cf">
         <name>.bss</name>
         <uninitialized>true</uninitialized>
         <run_address>0x352c</run_address>
         <size>0x7a</size>
         <input_file_ref idref="fl-1d"/>
      </object_component>
      <object_component id="oc-e1">
         <name>.bss</name>
         <uninitialized>true</uninitialized>
         <run_address>0x38ee</run_address>
         <size>0x4</size>
         <input_file_ref idref="fl-21"/>
      </object_component>
      <object_component id="oc-e6">
         <name>.bss</name>
         <uninitialized>true</uninitialized>
         <run_address>0x3314</run_address>
         <size>0xcc</size>
         <input_file_ref idref="fl-22"/>
      </object_component>
      <object_component id="oc-ec">
         <name>.bss</name>
         <uninitialized>true</uninitialized>
         <run_address>0x2c78</run_address>
         <size>0x24e</size>
         <input_file_ref idref="fl-23"/>
      </object_component>
      <object_component id="oc-f2">
         <name>.bss</name>
         <uninitialized>true</uninitialized>
         <run_address>0x3812</run_address>
         <size>0x36</size>
         <input_file_ref idref="fl-24"/>
      </object_component>
      <object_component id="oc-f9">
         <name>.bss</name>
         <uninitialized>true</uninitialized>
         <run_address>0x361e</run_address>
         <size>0x6a</size>
         <input_file_ref idref="fl-2c"/>
      </object_component>
      <object_component id="oc-ff">
         <name>.bss</name>
         <uninitialized>true</uninitialized>
         <run_address>0x3490</run_address>
         <size>0x9c</size>
         <input_file_ref idref="fl-2d"/>
      </object_component>
      <object_component id="oc-105">
         <name>.bss</name>
         <uninitialized>true</uninitialized>
         <run_address>0x2ec6</run_address>
         <size>0x1b6</size>
         <input_file_ref idref="fl-2e"/>
      </object_component>
      <object_component id="oc-10a">
         <name>.bss</name>
         <uninitialized>true</uninitialized>
         <run_address>0x31e8</run_address>
         <size>0x12c</size>
         <input_file_ref idref="fl-2f"/>
      </object_component>
      <object_component id="oc-10f">
         <name>.bss</name>
         <uninitialized>true</uninitialized>
         <run_address>0x2a20</run_address>
         <size>0x258</size>
         <input_file_ref idref="fl-30"/>
      </object_component>
      <object_component id="oc-114">
         <name>.bss</name>
         <uninitialized>true</uninitialized>
         <run_address>0x2794</run_address>
         <size>0x28c</size>
         <input_file_ref idref="fl-31"/>
      </object_component>
      <object_component id="oc-11a">
         <name>.bss</name>
         <uninitialized>true</uninitialized>
         <run_address>0x2400</run_address>
         <size>0x394</size>
         <input_file_ref idref="fl-32"/>
      </object_component>
      <object_component id="oc-13f">
         <name>.bss</name>
         <uninitialized>true</uninitialized>
         <run_address>0x38de</run_address>
         <size>0x8</size>
         <input_file_ref idref="fl-51"/>
      </object_component>
      <object_component id="oc-20b">
         <name>.bss</name>
         <uninitialized>true</uninitialized>
         <run_address>0x3688</run_address>
         <size>0x68</size>
         <input_file_ref idref="fl-8c"/>
      </object_component>
      <object_component id="oc-217">
         <name>.bss</name>
         <uninitialized>true</uninitialized>
         <run_address>0x35a6</run_address>
         <size>0x78</size>
         <input_file_ref idref="fl-8f"/>
      </object_component>
      <object_component id="oc-21b">
         <name>.bss</name>
         <uninitialized>true</uninitialized>
         <run_address>0x38d6</run_address>
         <size>0x8</size>
         <input_file_ref idref="fl-90"/>
      </object_component>
      <object_component id="oc-22e">
         <name>.bss</name>
         <uninitialized>true</uninitialized>
         <run_address>0x38f2</run_address>
         <size>0x2</size>
         <input_file_ref idref="fl-96"/>
      </object_component>
      <object_component id="oc-232">
         <name>.bss</name>
         <uninitialized>true</uninitialized>
         <run_address>0x38e6</run_address>
         <size>0x8</size>
         <input_file_ref idref="fl-97"/>
      </object_component>
      <object_component id="oc-24d">
         <name>.bss</name>
         <uninitialized>true</uninitialized>
         <run_address>0x33e0</run_address>
         <size>0xb0</size>
         <input_file_ref idref="fl-9f"/>
      </object_component>
      <object_component id="oc-141">
         <name>.stack</name>
         <uninitialized>true</uninitialized>
         <run_address>0x4000</run_address>
         <size>0x4</size>
         <input_file_ref idref="fl-51"/>
      </object_component>
      <object_component id="oc-48e">
         <name>.stack</name>
         <uninitialized>true</uninitialized>
         <run_address>0x4000</run_address>
         <size>0x0</size>
      </object_component>
      <object_component id="oc-3e2">
         <name>.text:inv_compute_bias</name>
         <load_address>0x497a</load_address>
         <run_address>0x497a</run_address>
         <size>0xa04</size>
         <input_file_ref idref="fl-31"/>
      </object_component>
      <object_component id="oc-3e3">
         <name>.text:inv_center_sum</name>
         <load_address>0x537e</load_address>
         <run_address>0x537e</run_address>
         <size>0x858</size>
         <input_file_ref idref="fl-31"/>
      </object_component>
      <object_component id="oc-370">
         <name>.text:get_st_6500_biases</name>
         <load_address>0x5bd6</load_address>
         <run_address>0x5bd6</run_address>
         <size>0x820</size>
         <input_file_ref idref="fl-3"/>
      </object_component>
      <object_component id="oc-2b7">
         <name>.text:handle_input</name>
         <load_address>0x63f6</load_address>
         <run_address>0x63f6</run_address>
         <size>0x7b6</size>
         <input_file_ref idref="fl-24"/>
      </object_component>
      <object_component id="oc-3ab">
         <name>.text:inv_process_compass_only_cal</name>
         <load_address>0x6bac</load_address>
         <run_address>0x6bac</run_address>
         <size>0x76a</size>
         <input_file_ref idref="fl-31"/>
      </object_component>
      <object_component id="oc-264">
         <name>.text:main</name>
         <load_address>0x7316</load_address>
         <run_address>0x7316</run_address>
         <size>0x618</size>
         <input_file_ref idref="fl-24"/>
      </object_component>
      <object_component id="oc-396">
         <name>.text:inv_perform_9x_fusion</name>
         <load_address>0x792e</load_address>
         <run_address>0x792e</run_address>
         <size>0x5fc</size>
         <input_file_ref idref="fl-2f"/>
      </object_component>
      <object_component id="oc-371">
         <name>.text:accel_6500_self_test</name>
         <load_address>0x7f2a</load_address>
         <run_address>0x7f2a</run_address>
         <size>0x532</size>
         <input_file_ref idref="fl-3"/>
      </object_component>
      <object_component id="oc-372">
         <name>.text:gyro_6500_self_test</name>
         <load_address>0x845c</load_address>
         <run_address>0x845c</run_address>
         <size>0x4c8</size>
         <input_file_ref idref="fl-3"/>
      </object_component>
      <object_component id="oc-394">
         <name>.text:inv_generate_accel_gyro_quaternion</name>
         <load_address>0x8924</load_address>
         <run_address>0x8924</run_address>
         <size>0x45a</size>
         <input_file_ref idref="fl-2c"/>
      </object_component>
      <object_component id="oc-3e0">
         <name>.text:inv_set_terms</name>
         <load_address>0x8d7e</load_address>
         <run_address>0x8d7e</run_address>
         <size>0x448</size>
         <input_file_ref idref="fl-31"/>
      </object_component>
      <object_component id="oc-3a6">
         <name>.text:inv_gtc_compute_slope</name>
         <load_address>0x91c6</load_address>
         <run_address>0x91c6</run_address>
         <size>0x446</size>
         <input_file_ref idref="fl-2e"/>
      </object_component>
      <object_component id="oc-36f">
         <name>.text:USBCDC_receiveData</name>
         <load_address>0x960c</load_address>
         <run_address>0x960c</run_address>
         <size>0x42c</size>
         <input_file_ref idref="fl-9"/>
      </object_component>
      <object_component id="oc-3ad">
         <name>.text:inv_check_magnetic_disturbance</name>
         <load_address>0x9a38</load_address>
         <run_address>0x9a38</run_address>
         <size>0x42c</size>
         <input_file_ref idref="fl-2d"/>
      </object_component>
      <object_component id="oc-405">
         <name>.text:__divull</name>
         <load_address>0x9e64</load_address>
         <run_address>0x9e64</run_address>
         <size>0x38e</size>
         <input_file_ref idref="fl-6c"/>
      </object_component>
      <object_component id="oc-321">
         <name>.text:inv_get_sensor_type_euler</name>
         <load_address>0xa1f2</load_address>
         <run_address>0xa1f2</run_address>
         <size>0x38c</size>
         <input_file_ref idref="fl-1a"/>
      </object_component>
      <object_component id="oc-3cc">
         <name>.text:accel_fusion</name>
         <load_address>0xa57e</load_address>
         <run_address>0xa57e</run_address>
         <size>0x372</size>
         <input_file_ref idref="fl-2c"/>
      </object_component>
      <object_component id="oc-3d9">
         <name>.text:inv_fast_nomot_parameter</name>
         <load_address>0xa8f0</load_address>
         <run_address>0xa8f0</run_address>
         <size>0x33c</size>
         <input_file_ref idref="fl-30"/>
      </object_component>
      <object_component id="oc-3c7">
         <name>.text:inv_process_dmp_quaternion</name>
         <load_address>0xac2c</load_address>
         <run_address>0xac2c</run_address>
         <size>0x336</size>
         <input_file_ref idref="fl-2c"/>
      </object_component>
      <object_component id="oc-35b">
         <name>.text:inv_generate_fast_nomot</name>
         <load_address>0xaf62</load_address>
         <run_address>0xaf62</run_address>
         <size>0x320</size>
         <input_file_ref idref="fl-30"/>
      </object_component>
      <object_component id="oc-2b0">
         <name>.text:dmp_read_fifo</name>
         <load_address>0xb282</load_address>
         <run_address>0xb282</run_address>
         <size>0x2e0</size>
         <input_file_ref idref="fl-2"/>
      </object_component>
      <object_component id="oc-276">
         <name>.text:CdcToHostFromBuffer</name>
         <load_address>0xb562</load_address>
         <run_address>0xb562</run_address>
         <size>0x2a2</size>
         <input_file_ref idref="fl-9"/>
      </object_component>
      <object_component id="oc-41c">
         <name>.text:inv_check_sample_balance</name>
         <load_address>0xb804</load_address>
         <run_address>0xb804</run_address>
         <size>0x27c</size>
         <input_file_ref idref="fl-32"/>
      </object_component>
      <object_component id="oc-3eb">
         <name>.text:inv_check_peaks</name>
         <load_address>0xba80</load_address>
         <run_address>0xba80</run_address>
         <size>0x274</size>
         <input_file_ref idref="fl-31"/>
      </object_component>
      <object_component id="oc-2b6">
         <name>.text:read_from_mpl</name>
         <load_address>0xbcf4</load_address>
         <run_address>0xbcf4</run_address>
         <size>0x270</size>
         <input_file_ref idref="fl-24"/>
      </object_component>
      <object_component id="oc-436">
         <name>.text:_Log</name>
         <load_address>0xbf64</load_address>
         <run_address>0xbf64</run_address>
         <size>0x26c</size>
         <input_file_ref idref="fl-8d"/>
      </object_component>
      <object_component id="oc-3cf">
         <name>.text:inv_filter_correction_angle</name>
         <load_address>0xc1d0</load_address>
         <run_address>0xc1d0</run_address>
         <size>0x25c</size>
         <input_file_ref idref="fl-2f"/>
      </object_component>
      <object_component id="oc-2b8">
         <name>.text:mpu_lp_motion_interrupt</name>
         <load_address>0xc42c</load_address>
         <run_address>0xc42c</run_address>
         <size>0x25c</size>
         <input_file_ref idref="fl-3"/>
      </object_component>
      <object_component id="oc-3c4">
         <name>.text:inv_compute_quat_from_accel</name>
         <load_address>0xc688</load_address>
         <run_address>0xc688</run_address>
         <size>0x25a</size>
         <input_file_ref idref="fl-2c"/>
      </object_component>
      <object_component id="oc-2d8">
         <name>.text:setup_compass</name>
         <load_address>0xc8e2</load_address>
         <run_address>0xc8e2</run_address>
         <size>0x258</size>
         <input_file_ref idref="fl-3"/>
      </object_component>
      <object_component id="oc-31d">
         <name>.text:eMPL_send_data</name>
         <load_address>0xcb3a</load_address>
         <run_address>0xcb3a</run_address>
         <size>0x252</size>
         <input_file_ref idref="fl-14"/>
      </object_component>
      <object_component id="oc-2ab">
         <name>.text:mpu_read_fifo</name>
         <load_address>0xcd8c</load_address>
         <run_address>0xcd8c</run_address>
         <size>0x248</size>
         <input_file_ref idref="fl-3"/>
      </object_component>
      <object_component id="oc-42a">
         <name>.text:_FSin</name>
         <load_address>0xcfd4</load_address>
         <run_address>0xcfd4</run_address>
         <size>0x236</size>
         <input_file_ref idref="fl-8b"/>
      </object_component>
      <object_component id="oc-26a">
         <name>.text:CdcToBufferFromHost</name>
         <load_address>0xd20a</load_address>
         <run_address>0xd20a</run_address>
         <size>0x228</size>
         <input_file_ref idref="fl-9"/>
      </object_component>
      <object_component id="oc-38f">
         <name>.text:_setfield</name>
         <load_address>0xd432</load_address>
         <run_address>0xd432</run_address>
         <size>0x228</size>
         <input_file_ref idref="fl-91"/>
      </object_component>
      <object_component id="oc-2a7">
         <name>.text:dmp_enable_feature</name>
         <load_address>0xd65a</load_address>
         <run_address>0xd65a</run_address>
         <size>0x226</size>
         <input_file_ref idref="fl-2"/>
      </object_component>
      <object_component id="oc-3d2">
         <name>.text:inv_q_multf</name>
         <load_address>0xd880</load_address>
         <run_address>0xd880</run_address>
         <size>0x21c</size>
         <input_file_ref idref="fl-20"/>
      </object_component>
      <object_component id="oc-32a">
         <name>.text:mpu_run_6500_self_test</name>
         <load_address>0xda9c</load_address>
         <run_address>0xda9c</run_address>
         <size>0x210</size>
         <input_file_ref idref="fl-3"/>
      </object_component>
      <object_component id="oc-34c">
         <name>.text:_printfi</name>
         <load_address>0xdcac</load_address>
         <run_address>0xdcac</run_address>
         <size>0x20e</size>
         <input_file_ref idref="fl-91"/>
      </object_component>
      <object_component id="oc-3c6">
         <name>.text:inv_generate_gyro_quaternion</name>
         <load_address>0xdeba</load_address>
         <run_address>0xdeba</run_address>
         <size>0x1fc</size>
         <input_file_ref idref="fl-2c"/>
      </object_component>
      <object_component id="oc-36d">
         <name>.text:inv_quaternion_to_rotation</name>
         <load_address>0xe0b6</load_address>
         <run_address>0xe0b6</run_address>
         <size>0x1fc</size>
         <input_file_ref idref="fl-20"/>
      </object_component>
      <object_component id="oc-3d4">
         <name>.text:inv_q_normalizef</name>
         <load_address>0xe2b2</load_address>
         <run_address>0xe2b2</run_address>
         <size>0x1de</size>
         <input_file_ref idref="fl-20"/>
      </object_component>
      <object_component id="oc-2fa">
         <name>.text:mpu_reset_fifo</name>
         <load_address>0xe490</load_address>
         <run_address>0xe490</run_address>
         <size>0x1d4</size>
         <input_file_ref idref="fl-3"/>
      </object_component>
      <object_component id="oc-3e7">
         <name>.text:inv_combine_compass_data</name>
         <load_address>0xe664</load_address>
         <run_address>0xe664</run_address>
         <size>0x1c6</size>
         <input_file_ref idref="fl-31"/>
      </object_component>
      <object_component id="oc-3e9">
         <name>.text:inv_check_sim</name>
         <load_address>0xe82a</load_address>
         <run_address>0xe82a</run_address>
         <size>0x1ba</size>
         <input_file_ref idref="fl-31"/>
      </object_component>
      <object_component id="oc-3f5">
         <name>.text:ComputeAngleVelocity</name>
         <load_address>0xe9e4</load_address>
         <run_address>0xe9e4</run_address>
         <size>0x1b4</size>
         <input_file_ref idref="fl-2d"/>
      </object_component>
      <object_component id="oc-39d">
         <name>.text:inv_fast_nomot_set_gyro_bias</name>
         <load_address>0xeb98</load_address>
         <run_address>0xeb98</run_address>
         <size>0x1b2</size>
         <input_file_ref idref="fl-30"/>
      </object_component>
      <object_component id="oc-3df">
         <name>.text:inv_ignore_compass_data</name>
         <load_address>0xed4a</load_address>
         <run_address>0xed4a</run_address>
         <size>0x1b0</size>
         <input_file_ref idref="fl-31"/>
      </object_component>
      <object_component id="oc-3cb">
         <name>.text:inv_normalize_quat</name>
         <load_address>0xeefa</load_address>
         <run_address>0xeefa</run_address>
         <size>0x1ac</size>
         <input_file_ref idref="fl-2c"/>
      </object_component>
      <object_component id="oc-432">
         <name>.text:fmodf</name>
         <load_address>0xf0a6</load_address>
         <run_address>0xf0a6</run_address>
         <size>0x1a6</size>
         <input_file_ref idref="fl-99"/>
      </object_component>
      <object_component id="oc-3c5">
         <name>.text:inv_q_mult</name>
         <load_address>0xf24c</load_address>
         <run_address>0xf24c</run_address>
         <size>0x1a4</size>
         <input_file_ref idref="fl-20"/>
      </object_component>
      <object_component id="oc-26f">
         <name>.text:USB_reset</name>
         <load_address>0xf3f0</load_address>
         <run_address>0xf3f0</run_address>
         <size>0x1a2</size>
         <input_file_ref idref="fl-a"/>
      </object_component>
      <object_component id="oc-3c1">
         <name>.text:_pproc_fge</name>
         <load_address>0xf592</load_address>
         <run_address>0xf592</run_address>
         <size>0x1a2</size>
         <input_file_ref idref="fl-91"/>
      </object_component>
      <object_component id="oc-306">
         <name>.text:dmp_set_tap_thresh</name>
         <load_address>0xf734</load_address>
         <run_address>0xf734</run_address>
         <size>0x19e</size>
         <input_file_ref idref="fl-2"/>
      </object_component>
      <object_component id="oc-2a2">
         <name>.text:dmp_set_orientation</name>
         <load_address>0xf8d2</load_address>
         <run_address>0xf8d2</run_address>
         <size>0x19a</size>
         <input_file_ref idref="fl-2"/>
      </object_component>
      <object_component id="oc-407">
         <name>.text:_getarg_diouxp</name>
         <load_address>0xfa6c</load_address>
         <run_address>0xfa6c</run_address>
         <size>0x188</size>
         <input_file_ref idref="fl-91"/>
      </object_component>
      <object_component id="oc-425">
         <name>.text:ecvt</name>
         <load_address>0xfbf4</load_address>
         <run_address>0xfbf4</run_address>
         <size>0x17c</size>
         <input_file_ref idref="fl-91"/>
      </object_component>
      <object_component id="oc-3ea">
         <name>.text:inv_bias_stability</name>
         <load_address>0xfd70</load_address>
         <run_address>0xfd70</run_address>
         <size>0x176</size>
         <input_file_ref idref="fl-31"/>
      </object_component>
      <object_component id="oc-2c9">
         <name>.text:SetVCoreDown</name>
         <load_address>0xfee6</load_address>
         <run_address>0xfee6</run_address>
         <size>0x9a</size>
         <input_file_ref idref="fl-6"/>
      </object_component>
      <object_component id="oc-3d5">
         <name>.text:inv_fast_nomot_store_data</name>
         <load_address>0x10000</load_address>
         <run_address>0x10000</run_address>
         <size>0x16e</size>
         <input_file_ref idref="fl-30"/>
      </object_component>
      <object_component id="oc-428">
         <name>.text:fcvt</name>
         <load_address>0x1016e</load_address>
         <run_address>0x1016e</run_address>
         <size>0x16c</size>
         <input_file_ref idref="fl-91"/>
      </object_component>
      <object_component id="oc-285">
         <name>.text:mpu_init</name>
         <load_address>0x102da</load_address>
         <run_address>0x102da</run_address>
         <size>0x160</size>
         <input_file_ref idref="fl-3"/>
      </object_component>
      <object_component id="oc-40d">
         <name>.text:_pconv_e</name>
         <load_address>0x1043a</load_address>
         <run_address>0x1043a</run_address>
         <size>0x156</size>
         <input_file_ref idref="fl-91"/>
      </object_component>
      <object_component id="oc-290">
         <name>.text:mpu_set_sensors</name>
         <load_address>0x10590</load_address>
         <run_address>0x10590</run_address>
         <size>0x154</size>
         <input_file_ref idref="fl-3"/>
      </object_component>
      <object_component id="oc-414">
         <name>.text:inv_compass_angle</name>
         <load_address>0x106e4</load_address>
         <run_address>0x106e4</run_address>
         <size>0x148</size>
         <input_file_ref idref="fl-20"/>
      </object_component>
      <object_component id="oc-3b4">
         <name>.text:_FAtan</name>
         <load_address>0x1082c</load_address>
         <run_address>0x1082c</run_address>
         <size>0x142</size>
         <input_file_ref idref="fl-85"/>
      </object_component>
      <object_component id="oc-3b8">
         <name>.text:__divlli</name>
         <load_address>0x1096e</load_address>
         <run_address>0x1096e</run_address>
         <size>0x140</size>
         <input_file_ref idref="fl-6c"/>
      </object_component>
      <object_component id="oc-373">
         <name>.text:compass_self_test</name>
         <load_address>0x10aae</load_address>
         <run_address>0x10aae</run_address>
         <size>0x13e</size>
         <input_file_ref idref="fl-3"/>
      </object_component>
      <object_component id="oc-311">
         <name>.text:mpu_set_bypass</name>
         <load_address>0x10bec</load_address>
         <run_address>0x10bec</run_address>
         <size>0x13c</size>
         <input_file_ref idref="fl-3"/>
      </object_component>
      <object_component id="oc-173">
         <name>.text</name>
         <load_address>0x10d28</load_address>
         <run_address>0x10d28</run_address>
         <size>0x130</size>
         <input_file_ref idref="fl-60"/>
      </object_component>
      <object_component id="oc-41e">
         <name>.text:_Dscale</name>
         <load_address>0x10e58</load_address>
         <run_address>0x10e58</run_address>
         <size>0x128</size>
         <input_file_ref idref="fl-81"/>
      </object_component>
      <object_component id="oc-361">
         <name>.text:inv_generate_eMPL_outputs</name>
         <load_address>0x10f80</load_address>
         <run_address>0x10f80</run_address>
         <size>0x120</size>
         <input_file_ref idref="fl-1a"/>
      </object_component>
      <object_component id="oc-3c0">
         <name>.text:_pproc_diouxp</name>
         <load_address>0x110a0</load_address>
         <run_address>0x110a0</run_address>
         <size>0x11e</size>
         <input_file_ref idref="fl-91"/>
      </object_component>
      <object_component id="oc-3e4">
         <name>.text:sqrt</name>
         <load_address>0x111be</load_address>
         <run_address>0x111be</run_address>
         <size>0x11e</size>
         <input_file_ref idref="fl-7c"/>
      </object_component>
      <object_component id="oc-36c">
         <name>.text:sqrtf</name>
         <load_address>0x112dc</load_address>
         <run_address>0x112dc</run_address>
         <size>0x11e</size>
         <input_file_ref idref="fl-7d"/>
      </object_component>
      <object_component id="oc-3b6">
         <name>.text:_FDscale</name>
         <load_address>0x113fa</load_address>
         <run_address>0x113fa</run_address>
         <size>0x11c</size>
         <input_file_ref idref="fl-87"/>
      </object_component>
      <object_component id="oc-413">
         <name>.text:inv_q_norm4</name>
         <load_address>0x11516</load_address>
         <run_address>0x11516</run_address>
         <size>0x11a</size>
         <input_file_ref idref="fl-20"/>
      </object_component>
      <object_component id="oc-2fb">
         <name>.text:mpu_lp_accel_mode</name>
         <load_address>0x11630</load_address>
         <run_address>0x11630</run_address>
         <size>0x116</size>
         <input_file_ref idref="fl-3"/>
      </object_component>
      <object_component id="oc-36b">
         <name>.text:atan2f</name>
         <load_address>0x11746</load_address>
         <run_address>0x11746</run_address>
         <size>0x108</size>
         <input_file_ref idref="fl-50"/>
      </object_component>
      <object_component id="oc-323">
         <name>.text:inv_get_sensor_type_heading</name>
         <load_address>0x1184e</load_address>
         <run_address>0x1184e</run_address>
         <size>0x108</size>
         <input_file_ref idref="fl-1a"/>
      </object_component>
      <object_component id="oc-40b">
         <name>.text:_pconv_g</name>
         <load_address>0x11956</load_address>
         <run_address>0x11956</run_address>
         <size>0x104</size>
         <input_file_ref idref="fl-91"/>
      </object_component>
      <object_component id="oc-408">
         <name>.text:_ltostr</name>
         <load_address>0x11a5a</load_address>
         <run_address>0x11a5a</run_address>
         <size>0x102</size>
         <input_file_ref idref="fl-91"/>
      </object_component>
      <object_component id="oc-38e">
         <name>.text:_pproc_fwp</name>
         <load_address>0x11b5c</load_address>
         <run_address>0x11b5c</run_address>
         <size>0x100</size>
         <input_file_ref idref="fl-91"/>
      </object_component>
      <object_component id="oc-35c">
         <name>.text:inv_gtc_data_cb</name>
         <load_address>0x11c5c</load_address>
         <run_address>0x11c5c</run_address>
         <size>0xfe</size>
         <input_file_ref idref="fl-2e"/>
      </object_component>
      <object_component id="oc-31c">
         <name>.text:eMPL_send_quat</name>
         <load_address>0x11d5a</load_address>
         <run_address>0x11d5a</run_address>
         <size>0xfa</size>
         <input_file_ref idref="fl-14"/>
      </object_component>
      <object_component id="oc-2c0">
         <name>.text:CopyUsbToBuff</name>
         <load_address>0x11e54</load_address>
         <run_address>0x11e54</run_address>
         <size>0xf8</size>
         <input_file_ref idref="fl-9"/>
      </object_component>
      <object_component id="oc-42c">
         <name>.text:inv_sort_order_4_T</name>
         <load_address>0x11f4c</load_address>
         <run_address>0x11f4c</run_address>
         <size>0xf6</size>
         <input_file_ref idref="fl-32"/>
      </object_component>
      <object_component id="oc-3f1">
         <name>.text:acosf</name>
         <load_address>0x12042</load_address>
         <run_address>0x12042</run_address>
         <size>0xf0</size>
         <input_file_ref idref="fl-4a"/>
      </object_component>
      <object_component id="oc-3cd">
         <name>.text:inv_find_synchronized_compass_angle</name>
         <load_address>0x12132</load_address>
         <run_address>0x12132</run_address>
         <size>0xf0</size>
         <input_file_ref idref="fl-2f"/>
      </object_component>
      <object_component id="oc-2cf">
         <name>.text:USB_InitSerialStringDescriptor</name>
         <load_address>0x12222</load_address>
         <run_address>0x12222</run_address>
         <size>0xec</size>
         <input_file_ref idref="fl-a"/>
      </object_component>
      <object_component id="oc-334">
         <name>.text:inv_load_mpl_states</name>
         <load_address>0x1230e</load_address>
         <run_address>0x1230e</run_address>
         <size>0xea</size>
         <input_file_ref idref="fl-1b"/>
      </object_component>
      <object_component id="oc-357">
         <name>.text:inv_process_9x_sensor_fusion_cb</name>
         <load_address>0x123f8</load_address>
         <run_address>0x123f8</run_address>
         <size>0xe8</size>
         <input_file_ref idref="fl-2f"/>
      </object_component>
      <object_component id="oc-345">
         <name>.text:Init_FLL</name>
         <load_address>0x124e0</load_address>
         <run_address>0x124e0</run_address>
         <size>0xe4</size>
         <input_file_ref idref="fl-4"/>
      </object_component>
      <object_component id="oc-39b">
         <name>.text:inv_detect_motion_by_gyro_accel</name>
         <load_address>0x125c4</load_address>
         <run_address>0x125c4</run_address>
         <size>0xe4</size>
         <input_file_ref idref="fl-30"/>
      </object_component>
      <object_component id="oc-417">
         <name>.text:_fltllid</name>
         <load_address>0x126a8</load_address>
         <run_address>0x126a8</run_address>
         <size>0xe2</size>
         <input_file_ref idref="fl-5f"/>
      </object_component>
      <object_component id="oc-286">
         <name>.text:_MLPrintLog</name>
         <load_address>0x1278a</load_address>
         <run_address>0x1278a</run_address>
         <size>0xe0</size>
         <input_file_ref idref="fl-14"/>
      </object_component>
      <object_component id="oc-3a5">
         <name>.text:inv_gtc_add_data</name>
         <load_address>0x1286a</load_address>
         <run_address>0x1286a</run_address>
         <size>0xe0</size>
         <input_file_ref idref="fl-2e"/>
      </object_component>
      <object_component id="oc-312">
         <name>.text:inv_apply_calibration</name>
         <load_address>0x1294a</load_address>
         <run_address>0x1294a</run_address>
         <size>0xde</size>
         <input_file_ref idref="fl-23"/>
      </object_component>
      <object_component id="oc-2d7">
         <name>.text:msp430_reg_int_cb</name>
         <load_address>0x12a28</load_address>
         <run_address>0x12a28</run_address>
         <size>0xdc</size>
         <input_file_ref idref="fl-17"/>
      </object_component>
      <object_component id="oc-2b3">
         <name>.text:mpu_get_compass_reg</name>
         <load_address>0x12b04</load_address>
         <run_address>0x12b04</run_address>
         <size>0xd6</size>
         <input_file_ref idref="fl-3"/>
      </object_component>
      <object_component id="oc-2c8">
         <name>.text:SetVCoreUp</name>
         <load_address>0x12bda</load_address>
         <run_address>0x12bda</run_address>
         <size>0xd4</size>
         <input_file_ref idref="fl-6"/>
      </object_component>
      <object_component id="oc-398">
         <name>.text:inv_sensor_data_preprocess</name>
         <load_address>0x12cae</load_address>
         <run_address>0x12cae</run_address>
         <size>0xd0</size>
         <input_file_ref idref="fl-30"/>
      </object_component>
      <object_component id="oc-338">
         <name>.text:send_status_compass</name>
         <load_address>0x12d7e</load_address>
         <run_address>0x12d7e</run_address>
         <size>0xd0</size>
         <input_file_ref idref="fl-24"/>
      </object_component>
      <object_component id="oc-2ff">
         <name>.text:mpu_load_firmware</name>
         <load_address>0x12e4e</load_address>
         <run_address>0x12e4e</run_address>
         <size>0xce</size>
         <input_file_ref idref="fl-3"/>
      </object_component>
      <object_component id="oc-287">
         <name>.text:inv_init_mpl</name>
         <load_address>0x12f1c</load_address>
         <run_address>0x12f1c</run_address>
         <size>0xca</size>
         <input_file_ref idref="fl-1e"/>
      </object_component>
      <object_component id="oc-355">
         <name>.text:inv_register_data_cb</name>
         <load_address>0x12fe6</load_address>
         <run_address>0x12fe6</run_address>
         <size>0xc8</size>
         <input_file_ref idref="fl-23"/>
      </object_component>
      <object_component id="oc-313">
         <name>.text:mpu_read_fifo_stream</name>
         <load_address>0x130ae</load_address>
         <run_address>0x130ae</run_address>
         <size>0xc6</size>
         <input_file_ref idref="fl-3"/>
      </object_component>
      <object_component id="oc-34d">
         <name>.text:USBCDC_intfStatus</name>
         <load_address>0x13174</load_address>
         <run_address>0x13174</run_address>
         <size>0xc2</size>
         <input_file_ref idref="fl-9"/>
      </object_component>
      <object_component id="oc-324">
         <name>.text:inv_get_sensor_type_linear_acceleration</name>
         <load_address>0x13236</load_address>
         <run_address>0x13236</run_address>
         <size>0xbe</size>
         <input_file_ref idref="fl-22"/>
      </object_component>
      <object_component id="oc-358">
         <name>.text:inv_init_maxmin</name>
         <load_address>0x132f4</load_address>
         <run_address>0x132f4</run_address>
         <size>0xbc</size>
         <input_file_ref idref="fl-30"/>
      </object_component>
      <object_component id="oc-330">
         <name>.text:inv_save_mpl_states</name>
         <load_address>0x133b0</load_address>
         <run_address>0x133b0</run_address>
         <size>0xbc</size>
         <input_file_ref idref="fl-1b"/>
      </object_component>
      <object_component id="oc-187">
         <name>.text</name>
         <load_address>0x1346c</load_address>
         <run_address>0x1346c</run_address>
         <size>0xb6</size>
         <input_file_ref idref="fl-65"/>
      </object_component>
      <object_component id="oc-268">
         <name>.text:USBCDC_bytesInUSBBuffer</name>
         <load_address>0x13522</load_address>
         <run_address>0x13522</run_address>
         <size>0xb4</size>
         <input_file_ref idref="fl-9"/>
      </object_component>
      <object_component id="oc-365">
         <name>.text:inv_convert_to_body_with_scale</name>
         <load_address>0x135d6</load_address>
         <run_address>0x135d6</run_address>
         <size>0xb4</size>
         <input_file_ref idref="fl-20"/>
      </object_component>
      <object_component id="oc-3aa">
         <name>.text:inv_init_sensitivity_const</name>
         <load_address>0x1368a</load_address>
         <run_address>0x1368a</run_address>
         <size>0xb2</size>
         <input_file_ref idref="fl-31"/>
      </object_component>
      <object_component id="oc-3f2">
         <name>.text:inv_track_dip_angle</name>
         <load_address>0x1373c</load_address>
         <run_address>0x1373c</run_address>
         <size>0xb2</size>
         <input_file_ref idref="fl-2d"/>
      </object_component>
      <object_component id="oc-36e">
         <name>.text:inv_get_gravity</name>
         <load_address>0x137ee</load_address>
         <run_address>0x137ee</run_address>
         <size>0xb0</size>
         <input_file_ref idref="fl-1d"/>
      </object_component>
      <object_component id="oc-292">
         <name>.text:mpu_set_sample_rate</name>
         <load_address>0x1389e</load_address>
         <run_address>0x1389e</run_address>
         <size>0xb0</size>
         <input_file_ref idref="fl-3"/>
      </object_component>
      <object_component id="oc-2ad">
         <name>.text:mpu_get_temperature</name>
         <load_address>0x1394e</load_address>
         <run_address>0x1394e</run_address>
         <size>0xac</size>
         <input_file_ref idref="fl-3"/>
      </object_component>
      <object_component id="oc-319">
         <name>.text:inv_set_contiguous</name>
         <load_address>0x139fa</load_address>
         <run_address>0x139fa</run_address>
         <size>0xaa</size>
         <input_file_ref idref="fl-23"/>
      </object_component>
      <object_component id="oc-2a3">
         <name>.text:tap_cb</name>
         <load_address>0x13aa4</load_address>
         <run_address>0x13aa4</run_address>
         <size>0xaa</size>
         <input_file_ref idref="fl-24"/>
      </object_component>
      <object_component id="oc-390">
         <name>.text:_pproc_str</name>
         <load_address>0x13b4e</load_address>
         <run_address>0x13b4e</run_address>
         <size>0xa8</size>
         <input_file_ref idref="fl-91"/>
      </object_component>
      <object_component id="oc-41b">
         <name>.text:inv_add_compass_block_data</name>
         <load_address>0x13bf6</load_address>
         <run_address>0x13bf6</run_address>
         <size>0xa8</size>
         <input_file_ref idref="fl-31"/>
      </object_component>
      <object_component id="oc-27c">
         <name>.text:msp430_clock_init</name>
         <load_address>0x13c9e</load_address>
         <run_address>0x13c9e</run_address>
         <size>0xa8</size>
         <input_file_ref idref="fl-19"/>
      </object_component>
      <object_component id="oc-2f8">
         <name>.text:msp430_i2c_read</name>
         <load_address>0x13d46</load_address>
         <run_address>0x13d46</run_address>
         <size>0xa8</size>
         <input_file_ref idref="fl-18"/>
      </object_component>
      <object_component id="oc-2d3">
         <name>.text:msp430_i2c_write</name>
         <load_address>0x13dee</load_address>
         <run_address>0x13dee</run_address>
         <size>0xa8</size>
         <input_file_ref idref="fl-18"/>
      </object_component>
      <object_component id="oc-42e">
         <name>.text:inv_cheap_rand</name>
         <load_address>0x13e96</load_address>
         <run_address>0x13e96</run_address>
         <size>0x9e</size>
         <input_file_ref idref="fl-31"/>
      </object_component>
      <object_component id="oc-2b4">
         <name>.text:inv_build_compass</name>
         <load_address>0x13f34</load_address>
         <run_address>0x13f34</run_address>
         <size>0x9c</size>
         <input_file_ref idref="fl-23"/>
      </object_component>
      <object_component id="oc-42b">
         <name>.text:inv_get_current_calibrated_compass</name>
         <load_address>0x13fd0</load_address>
         <run_address>0x13fd0</run_address>
         <size>0x9c</size>
         <input_file_ref idref="fl-31"/>
      </object_component>
      <object_component id="oc-3e1">
         <name>.text:inv_set_peaks</name>
         <load_address>0x1406c</load_address>
         <run_address>0x1406c</run_address>
         <size>0x9c</size>
         <input_file_ref idref="fl-31"/>
      </object_component>
      <object_component id="oc-3f7">
         <name>.text:MagDisturbSetDisturbance</name>
         <load_address>0x14108</load_address>
         <run_address>0x14108</run_address>
         <size>0x98</size>
         <input_file_ref idref="fl-2d"/>
      </object_component>
      <object_component id="oc-2aa">
         <name>.text:USB_connectionState</name>
         <load_address>0x141a0</load_address>
         <run_address>0x141a0</run_address>
         <size>0x96</size>
         <input_file_ref idref="fl-a"/>
      </object_component>
      <object_component id="oc-42d">
         <name>.text:_Dnorm</name>
         <load_address>0x14236</load_address>
         <run_address>0x14236</run_address>
         <size>0x92</size>
         <input_file_ref idref="fl-a2"/>
      </object_component>
      <object_component id="oc-17b">
         <name>.text</name>
         <load_address>0x142c8</load_address>
         <run_address>0x142c8</run_address>
         <size>0x8e</size>
         <input_file_ref idref="fl-62"/>
      </object_component>
      <object_component id="oc-2be">
         <name>.text:usbDecodeAndProcessUsbRequest</name>
         <load_address>0x14356</load_address>
         <run_address>0x14356</run_address>
         <size>0x8e</size>
         <input_file_ref idref="fl-a"/>
      </object_component>
      <object_component id="oc-384">
         <name>.text:usbGetEndpointStatus</name>
         <load_address>0x143e4</load_address>
         <run_address>0x143e4</run_address>
         <size>0x8e</size>
         <input_file_ref idref="fl-a"/>
      </object_component>
      <object_component id="oc-282">
         <name>.text:USB_enable</name>
         <load_address>0x14472</load_address>
         <run_address>0x14472</run_address>
         <size>0x8c</size>
         <input_file_ref idref="fl-a"/>
      </object_component>
      <object_component id="oc-402">
         <name>.text:_FDnorm</name>
         <load_address>0x144fe</load_address>
         <run_address>0x144fe</run_address>
         <size>0x8c</size>
         <input_file_ref idref="fl-a4"/>
      </object_component>
      <object_component id="oc-34e">
         <name>.text:USBCDC_sendData</name>
         <load_address>0x1458a</load_address>
         <run_address>0x1458a</run_address>
         <size>0x8a</size>
         <input_file_ref idref="fl-9"/>
      </object_component>
      <object_component id="oc-2af">
         <name>.text:inv_build_accel</name>
         <load_address>0x14614</load_address>
         <run_address>0x14614</run_address>
         <size>0x8a</size>
         <input_file_ref idref="fl-23"/>
      </object_component>
      <object_component id="oc-426">
         <name>.text:_ecpy</name>
         <load_address>0x1469e</load_address>
         <run_address>0x1469e</run_address>
         <size>0x88</size>
         <input_file_ref idref="fl-91"/>
      </object_component>
      <object_component id="oc-2e7">
         <name>.text:inv_init_fast_nomot</name>
         <load_address>0x14726</load_address>
         <run_address>0x14726</run_address>
         <size>0x88</size>
         <input_file_ref idref="fl-30"/>
      </object_component>
      <object_component id="oc-424">
         <name>.text:_div</name>
         <load_address>0x147ae</load_address>
         <run_address>0x147ae</run_address>
         <size>0x86</size>
         <input_file_ref idref="fl-91"/>
      </object_component>
      <object_component id="oc-32e">
         <name>.text:inv_set_gyro_bias</name>
         <load_address>0x14834</load_address>
         <run_address>0x14834</run_address>
         <size>0x86</size>
         <input_file_ref idref="fl-23"/>
      </object_component>
      <object_component id="oc-418">
         <name>.text:_fixdlli</name>
         <load_address>0x148ba</load_address>
         <run_address>0x148ba</run_address>
         <size>0x84</size>
         <input_file_ref idref="fl-5d"/>
      </object_component>
      <object_component id="oc-2ec">
         <name>.text:inv_register_load_store</name>
         <load_address>0x1493e</load_address>
         <run_address>0x1493e</run_address>
         <size>0x84</size>
         <input_file_ref idref="fl-1b"/>
      </object_component>
      <object_component id="oc-3d6">
         <name>.text:inv_fast_nomot_store_data_compass</name>
         <load_address>0x149c2</load_address>
         <run_address>0x149c2</run_address>
         <size>0x82</size>
         <input_file_ref idref="fl-30"/>
      </object_component>
      <object_component id="oc-3f0">
         <name>.text:Mag3ofNormalizedLong</name>
         <load_address>0x14a44</load_address>
         <run_address>0x14a44</run_address>
         <size>0x80</size>
         <input_file_ref idref="fl-2d"/>
      </object_component>
      <object_component id="oc-431">
         <name>.text:ltoa</name>
         <load_address>0x14ac4</load_address>
         <run_address>0x14ac4</run_address>
         <size>0x80</size>
         <input_file_ref idref="fl-9b"/>
      </object_component>
      <object_component id="oc-2a9">
         <name>.text:mpu_set_dmp_state</name>
         <load_address>0x14b44</load_address>
         <run_address>0x14b44</run_address>
         <size>0x80</size>
         <input_file_ref idref="fl-3"/>
      </object_component>
      <object_component id="oc-2d4">
         <name>.text:mpu_set_gyro_fsr</name>
         <load_address>0x14bc4</load_address>
         <run_address>0x14bc4</run_address>
         <size>0x80</size>
         <input_file_ref idref="fl-3"/>
      </object_component>
      <object_component id="oc-427">
         <name>.text:_mcpy</name>
         <load_address>0x14c44</load_address>
         <run_address>0x14c44</run_address>
         <size>0x7e</size>
         <input_file_ref idref="fl-91"/>
      </object_component>
      <object_component id="oc-41f">
         <name>.text:inv_cheap_gaussian</name>
         <load_address>0x14cc2</load_address>
         <run_address>0x14cc2</run_address>
         <size>0x7e</size>
         <input_file_ref idref="fl-31"/>
      </object_component>
      <object_component id="oc-2ee">
         <name>.text:inv_init_vector_compass_cal</name>
         <load_address>0x14d40</load_address>
         <run_address>0x14d40</run_address>
         <size>0x7e</size>
         <input_file_ref idref="fl-31"/>
      </object_component>
      <object_component id="oc-362">
         <name>.text:mpu_read_mem</name>
         <load_address>0x14dbe</load_address>
         <run_address>0x14dbe</run_address>
         <size>0x7e</size>
         <input_file_ref idref="fl-3"/>
      </object_component>
      <object_component id="oc-304">
         <name>.text:mpu_write_mem</name>
         <load_address>0x14e3c</load_address>
         <run_address>0x14e3c</run_address>
         <size>0x7e</size>
         <input_file_ref idref="fl-3"/>
      </object_component>
      <object_component id="oc-193">
         <name>.text</name>
         <load_address>0x14eba</load_address>
         <run_address>0x14eba</run_address>
         <size>0x7e</size>
         <input_file_ref idref="fl-68"/>
      </object_component>
      <object_component id="oc-2b2">
         <name>.text:mpu_get_accel_reg</name>
         <load_address>0x14f38</load_address>
         <run_address>0x14f38</run_address>
         <size>0x7c</size>
         <input_file_ref idref="fl-3"/>
      </object_component>
      <object_component id="oc-2d6">
         <name>.text:mpu_set_lpf</name>
         <load_address>0x14fb4</load_address>
         <run_address>0x14fb4</run_address>
         <size>0x7c</size>
         <input_file_ref idref="fl-3"/>
      </object_component>
      <object_component id="oc-2d5">
         <name>.text:mpu_set_accel_fsr</name>
         <load_address>0x15030</load_address>
         <run_address>0x15030</run_address>
         <size>0x7a</size>
         <input_file_ref idref="fl-3"/>
      </object_component>
      <object_component id="oc-412">
         <name>.text:inv_q_addf</name>
         <load_address>0x150aa</load_address>
         <run_address>0x150aa</run_address>
         <size>0x78</size>
         <input_file_ref idref="fl-20"/>
      </object_component>
      <object_component id="oc-40c">
[...]
         <object_component_ref idref="oc-13f"/>
      </symbol>
      <symbol id="sm-147e">
         <name>_stack</name>
         <value>0x4000</value>
         <object_component_ref idref="oc-141"/>
      </symbol>
      <symbol id="sm-147f">
         <name>_reset_vector</name>
         <value>0xfffe</value>
         <object_component_ref idref="oc-142"/>
      </symbol>
      <symbol id="sm-14ac">
         <name>cosf</name>
         <value>0x18698</value>
         <object_component_ref idref="oc-40f"/>
      </symbol>
      <symbol id="sm-14b8">
         <name>__remi</name>
         <value>0x17b2a</value>
         <object_component_ref idref="oc-157"/>
      </symbol>
      <symbol id="sm-14b9">
         <name>__divi</name>
         <value>0x17b2a</value>
         <object_component_ref idref="oc-157"/>
      </symbol>
      <symbol id="sm-14c3">
         <name>__remu</name>
         <value>0x182c0</value>
         <object_component_ref idref="oc-15b"/>
      </symbol>
      <symbol id="sm-14c4">
         <name>__divu</name>
         <value>0x182c0</value>
         <object_component_ref idref="oc-15b"/>
      </symbol>
      <symbol id="sm-14d0">
         <name>__remli</name>
         <value>0x16fb0</value>
         <object_component_ref idref="oc-15f"/>
      </symbol>
      <symbol id="sm-14d1">
         <name>__divli</name>
         <value>0x16fb0</value>
         <object_component_ref idref="oc-15f"/>
      </symbol>
      <symbol id="sm-14df">
         <name>__divul</name>
         <value>0x162da</value>
         <object_component_ref idref="oc-163"/>
      </symbol>
      <symbol id="sm-14e0">
         <name>__remul</name>
         <value>0x162da</value>
         <object_component_ref idref="oc-163"/>
      </symbol>
      <symbol id="sm-14eb">
         <name>C$$EXIT</name>
         <value>0x1873a</value>
         <object_component_ref idref="oc-265"/>
      </symbol>
      <symbol id="sm-14ec">
         <name>abort</name>
         <value>0x1873a</value>
         <object_component_ref idref="oc-265"/>
      </symbol>
      <symbol id="sm-14ed">
         <name>__TI_exit</name>
         <value>0x1</value>
      </symbol>
      <symbol id="sm-14fd">
         <name>_fixdlli</name>
         <value>0x148ba</value>
         <object_component_ref idref="oc-418"/>
      </symbol>
      <symbol id="sm-1519">
         <name>_fltllid</name>
         <value>0x126a8</value>
         <object_component_ref idref="oc-417"/>
      </symbol>
      <symbol id="sm-1533">
         <name>__fs_add</name>
         <value>0x10d2e</value>
         <object_component_ref idref="oc-173"/>
      </symbol>
      <symbol id="sm-1534">
         <name>__fs_sub</name>
         <value>0x10d28</value>
         <object_component_ref idref="oc-173"/>
      </symbol>
      <symbol id="sm-1544">
         <name>__fs_cmp</name>
         <value>0x16a08</value>
         <object_component_ref idref="oc-177"/>
      </symbol>
      <symbol id="sm-1554">
         <name>__fs_div</name>
         <value>0x142c8</value>
         <object_component_ref idref="oc-17b"/>
      </symbol>
      <symbol id="sm-1560">
         <name>__fs_itof</name>
         <value>0x1762a</value>
         <object_component_ref idref="oc-17f"/>
      </symbol>
      <symbol id="sm-156e">
         <name>__fs_ltof</name>
         <value>0x16a52</value>
         <object_component_ref idref="oc-183"/>
      </symbol>
      <symbol id="sm-1584">
         <name>__fs_mpy</name>
         <value>0x1346c</value>
         <object_component_ref idref="oc-187"/>
      </symbol>
      <symbol id="sm-158d">
         <name>__fs_neg</name>
         <value>0x18618</value>
         <object_component_ref idref="oc-18b"/>
      </symbol>
      <symbol id="sm-159f">
         <name>__fs_toi</name>
         <value>0x157be</value>
         <object_component_ref idref="oc-18f"/>
      </symbol>
      <symbol id="sm-15b2">
         <name>__fs_tol</name>
         <value>0x14eba</value>
         <object_component_ref idref="oc-193"/>
      </symbol>
      <symbol id="sm-15c1">
         <name>__fs_tou</name>
         <value>0x16d64</value>
         <object_component_ref idref="oc-197"/>
      </symbol>
      <symbol id="sm-15cd">
         <name>__fs_ultof</name>
         <value>0x17928</value>
         <object_component_ref idref="oc-19b"/>
      </symbol>
      <symbol id="sm-15d7">
         <name>__fs_utof</name>
         <value>0x17e1a</value>
         <object_component_ref idref="oc-19f"/>
      </symbol>
      <symbol id="sm-1629">
         <name>__divull</name>
         <value>0x9e64</value>
         <object_component_ref idref="oc-405"/>
      </symbol>
      <symbol id="sm-162a">
         <name>__divlli</name>
         <value>0x1096e</value>
         <object_component_ref idref="oc-3b8"/>
      </symbol>
      <symbol id="sm-162b">
         <name>__lslll</name>
         <value>0x17030</value>
         <object_component_ref idref="oc-3dc"/>
      </symbol>
      <symbol id="sm-162c">
         <name>__asrll</name>
         <value>0x16daa</value>
         <object_component_ref idref="oc-3b2"/>
      </symbol>
      <symbol id="sm-162d">
         <name>__lsrll</name>
         <value>0x1706e</value>
         <object_component_ref idref="oc-422"/>
      </symbol>
      <symbol id="sm-1637">
         <name>log</name>
         <value>0x186fe</value>
         <object_component_ref idref="oc-42f"/>
      </symbol>
      <symbol id="sm-1640">
         <name>I_LSL</name>
         <value>0x18622</value>
         <object_component_ref idref="oc-1a9"/>
      </symbol>
      <symbol id="sm-1648">
         <name>L_LSL_3</name>
         <value>0x17250</value>
         <object_component_ref idref="oc-29c"/>
      </symbol>
      <symbol id="sm-1649">
         <name>L_LSL_2</name>
         <value>0x17254</value>
         <object_component_ref idref="oc-29c"/>
      </symbol>
      <symbol id="sm-164a">
         <name>L_LSL_1</name>
         <value>0x17258</value>
         <object_component_ref idref="oc-29c"/>
      </symbol>
      <symbol id="sm-164b">
         <name>L_LSL_7</name>
         <value>0x17240</value>
         <object_component_ref idref="oc-29c"/>
      </symbol>
      <symbol id="sm-164c">
         <name>L_LSL_6</name>
         <value>0x17244</value>
         <object_component_ref idref="oc-29c"/>
      </symbol>
      <symbol id="sm-164d">
         <name>L_LSL_5</name>
         <value>0x17248</value>
         <object_component_ref idref="oc-29c"/>
      </symbol>
      <symbol id="sm-164e">
         <name>L_LSL_4</name>
         <value>0x1724c</value>
         <object_component_ref idref="oc-29c"/>
      </symbol>
      <symbol id="sm-164f">
         <name>L_LSL_9</name>
         <value>0x17238</value>
         <object_component_ref idref="oc-29c"/>
      </symbol>
      <symbol id="sm-1650">
         <name>L_LSL_8</name>
         <value>0x1723c</value>
         <object_component_ref idref="oc-29c"/>
      </symbol>
      <symbol id="sm-1651">
         <name>L_LSL_12</name>
         <value>0x1722c</value>
         <object_component_ref idref="oc-29c"/>
      </symbol>
      <symbol id="sm-1652">
         <name>L_LSL_13</name>
         <value>0x17228</value>
         <object_component_ref idref="oc-29c"/>
      </symbol>
      <symbol id="sm-1653">
         <name>L_LSL_10</name>
         <value>0x17234</value>
         <object_component_ref idref="oc-29c"/>
      </symbol>
      <symbol id="sm-1654">
         <name>L_LSL_11</name>
         <value>0x17230</value>
         <object_component_ref idref="oc-29c"/>
      </symbol>
      <symbol id="sm-1655">
         <name>L_LSL_14</name>
         <value>0x17224</value>
         <object_component_ref idref="oc-29c"/>
      </symbol>
      <symbol id="sm-1656">
         <name>L_LSL_15</name>
         <value>0x17220</value>
         <object_component_ref idref="oc-29c"/>
      </symbol>
      <symbol id="sm-1662">
         <name>L_LSR_12</name>
         <value>0x1726a</value>
         <object_component_ref idref="oc-2ca"/>
      </symbol>
      <symbol id="sm-1663">
         <name>L_LSR_13</name>
         <value>0x17266</value>
         <object_component_ref idref="oc-2ca"/>
      </symbol>
      <symbol id="sm-1664">
         <name>L_LSR_10</name>
         <value>0x17272</value>
         <object_component_ref idref="oc-2ca"/>
      </symbol>
      <symbol id="sm-1665">
         <name>L_LSR_11</name>
         <value>0x1726e</value>
         <object_component_ref idref="oc-2ca"/>
      </symbol>
      <symbol id="sm-1666">
         <name>L_LSR_14</name>
         <value>0x17262</value>
         <object_component_ref idref="oc-2ca"/>
      </symbol>
      <symbol id="sm-1667">
         <name>L_LSR_15</name>
         <value>0x1725e</value>
         <object_component_ref idref="oc-2ca"/>
      </symbol>
      <symbol id="sm-1668">
         <name>L_LSR</name>
         <value>0x184f4</value>
         <object_component_ref idref="oc-423"/>
      </symbol>
      <symbol id="sm-1669">
         <name>L_LSR_3</name>
         <value>0x1728e</value>
         <object_component_ref idref="oc-2ca"/>
      </symbol>
      <symbol id="sm-166a">
         <name>L_LSR_2</name>
         <value>0x17292</value>
         <object_component_ref idref="oc-2ca"/>
      </symbol>
      <symbol id="sm-166b">
         <name>L_LSR_1</name>
         <value>0x17296</value>
         <object_component_ref idref="oc-2ca"/>
      </symbol>
      <symbol id="sm-166c">
         <name>L_LSR_7</name>
         <value>0x1727e</value>
         <object_component_ref idref="oc-2ca"/>
      </symbol>
      <symbol id="sm-166d">
         <name>L_LSR_6</name>
         <value>0x17282</value>
         <object_component_ref idref="oc-2ca"/>
      </symbol>
      <symbol id="sm-166e">
         <name>L_LSR_5</name>
         <value>0x17286</value>
         <object_component_ref idref="oc-2ca"/>
      </symbol>
      <symbol id="sm-166f">
         <name>L_LSR_4</name>
         <value>0x1728a</value>
         <object_component_ref idref="oc-2ca"/>
      </symbol>
      <symbol id="sm-1670">
         <name>L_LSR_9</name>
         <value>0x17276</value>
         <object_component_ref idref="oc-2ca"/>
      </symbol>
      <symbol id="sm-1671">
         <name>L_LSR_8</name>
         <value>0x1727a</value>
         <object_component_ref idref="oc-2ca"/>
      </symbol>
      <symbol id="sm-167d">
         <name>memcpy</name>
         <value>0x1837e</value>
         <object_component_ref idref="oc-27a"/>
      </symbol>
      <symbol id="sm-168a">
         <name>memmove</name>
         <value>0x17a78</value>
         <object_component_ref idref="oc-3de"/>
      </symbol>
      <symbol id="sm-1692">
         <name>__mpysl_f5hw</name>
         <value>0x1810e</value>
         <object_component_ref idref="oc-315"/>
      </symbol>
      <symbol id="sm-169a">
         <name>__mpyi_f5hw</name>
         <value>0x182d6</value>
         <object_component_ref idref="oc-1bc"/>
      </symbol>
      <symbol id="sm-16a2">
         <name>__mpysll_f5hw</name>
         <value>0x17b82</value>
         <object_component_ref idref="oc-3b1"/>
      </symbol>
      <symbol id="sm-16aa">
         <name>__mpyl_f5hw</name>
         <value>0x17f0a</value>
         <object_component_ref idref="oc-1c3"/>
      </symbol>
      <symbol id="sm-16b2">
         <name>__mpyll_f5hw</name>
         <value>0x1617a</value>
         <object_component_ref idref="oc-3a7"/>
      </symbol>
      <symbol id="sm-16c5">
         <name>_system_pre_init</name>
         <value>0x18736</value>
         <object_component_ref idref="oc-262"/>
      </symbol>
      <symbol id="sm-16d6">
         <name>sinf</name>
         <value>0x18704</value>
         <object_component_ref idref="oc-410"/>
      </symbol>
      <symbol id="sm-16e6">
         <name>sqrt</name>
         <value>0x111be</value>
         <object_component_ref idref="oc-3e4"/>
      </symbol>
      <symbol id="sm-16f6">
         <name>sqrtf</name>
         <value>0x112dc</value>
         <object_component_ref idref="oc-36c"/>
      </symbol>
      <symbol id="sm-1706">
         <name>vsprintf</name>
         <value>0x173c6</value>
         <object_component_ref idref="oc-2d9"/>
      </symbol>
      <symbol id="sm-1732">
         <name>_Dscale</name>
         <value>0x10e58</value>
         <object_component_ref idref="oc-41e"/>
      </symbol>
      <symbol id="sm-1749">
         <name>_Dunscale</name>
         <value>0x158f2</value>
         <object_component_ref idref="oc-41d"/>
      </symbol>
      <symbol id="sm-176c">
         <name>_FAtan</name>
         <value>0x1082c</value>
         <object_component_ref idref="oc-3b4"/>
      </symbol>
      <symbol id="sm-178e">
         <name>_FDscale</name>
         <value>0x113fa</value>
         <object_component_ref idref="oc-3b6"/>
      </symbol>
      <symbol id="sm-179d">
         <name>_FDtest</name>
         <value>0x1729c</value>
         <object_component_ref idref="oc-3b3"/>
      </symbol>
      <symbol id="sm-17ad">
         <name>_FDunscale</name>
         <value>0x15956</value>
         <object_component_ref idref="oc-3b5"/>
      </symbol>
      <symbol id="sm-17ba">
         <name>_Feraise</name>
         <value>0x175f4</value>
         <object_component_ref idref="oc-3b7"/>
      </symbol>
      <symbol id="sm-17dc">
         <name>_FSin</name>
         <value>0xcfd4</value>
         <object_component_ref idref="oc-42a"/>
      </symbol>
      <symbol id="sm-17e6">
         <name>_FZero</name>
         <value>0x36ec</value>
         <object_component_ref idref="oc-20b"/>
      </symbol>
      <symbol id="sm-17e7">
         <name>_FRteps</name>
         <value>0x36d8</value>
         <object_component_ref idref="oc-20b"/>
      </symbol>
      <symbol id="sm-17e8">
         <name>_FSnan</name>
         <value>0x36c8</value>
         <object_component_ref idref="oc-20b"/>
      </symbol>
      <symbol id="sm-17e9">
         <name>_FNan</name>
         <value>0x36b8</value>
         <object_component_ref idref="oc-20b"/>
      </symbol>
      <symbol id="sm-17ea">
         <name>_FInf</name>
         <value>0x36a8</value>
         <object_component_ref idref="oc-20b"/>
      </symbol>
      <symbol id="sm-17eb">
         <name>_FEps</name>
         <value>0x3698</value>
         <object_component_ref idref="oc-20b"/>
      </symbol>
      <symbol id="sm-17ec">
         <name>_FXbig</name>
         <value>0x36e8</value>
         <object_component_ref idref="oc-20b"/>
      </symbol>
      <symbol id="sm-17ed">
         <name>_FDenorm</name>
         <value>0x3688</value>
         <object_component_ref idref="oc-20b"/>
      </symbol>
      <symbol id="sm-1809">
         <name>_Log</name>
         <value>0xbf64</value>
         <object_component_ref idref="oc-436"/>
      </symbol>
      <symbol id="sm-181c">
         <name>_Rteps</name>
         <value>0x3606</value>
         <object_component_ref idref="oc-217"/>
      </symbol>
      <symbol id="sm-181d">
         <name>_Zero</name>
         <value>0x361a</value>
         <object_component_ref idref="oc-217"/>
      </symbol>
      <symbol id="sm-181e">
         <name>_Hugeval</name>
         <value>0x35c6</value>
         <object_component_ref idref="oc-217"/>
      </symbol>
      <symbol id="sm-181f">
         <name>_Snan</name>
         <value>0x35f6</value>
         <object_component_ref idref="oc-217"/>
      </symbol>
      <symbol id="sm-1820">
         <name>_Nan</name>
         <value>0x35e6</value>
         <object_component_ref idref="oc-217"/>
      </symbol>
      <symbol id="sm-1821">
         <name>_Inf</name>
         <value>0x35d6</value>
         <object_component_ref idref="oc-217"/>
      </symbol>
      <symbol id="sm-1822">
         <name>_Xbig</name>
         <value>0x3616</value>
         <object_component_ref idref="oc-217"/>
      </symbol>
      <symbol id="sm-1823">
         <name>_Eps</name>
         <value>0x35b6</value>
         <object_component_ref idref="oc-217"/>
      </symbol>
      <symbol id="sm-1824">
         <name>_Denorm</name>
         <value>0x35a6</value>
         <object_component_ref idref="oc-217"/>
      </symbol>
      <symbol id="sm-1830">
         <name>_nop</name>
         <value>0x1873e</value>
         <object_component_ref idref="oc-261"/>
      </symbol>
      <symbol id="sm-1831">
         <name>_lock</name>
         <value>0x38d6</value>
         <object_component_ref idref="oc-21b"/>
      </symbol>
      <symbol id="sm-1832">
         <name>_unlock</name>
         <value>0x38da</value>
         <object_component_ref idref="oc-21b"/>
      </symbol>
      <symbol id="sm-194a">
         <name>_printfi</name>
         <value>0xdcac</value>
         <object_component_ref idref="oc-34c"/>
      </symbol>
      <symbol id="sm-1952">
         <name>__TI_args_main</name>
         <value>0x1</value>
      </symbol>
      <symbol id="sm-1963">
         <name>atoi</name>
         <value>0x15b48</value>
         <object_component_ref idref="oc-3be"/>
      </symbol>
      <symbol id="sm-1973">
         <name>_auto_init</name>
         <value>0x16332</value>
         <object_component_ref idref="oc-263"/>
      </symbol>
      <symbol id="sm-1974">
         <name>__TI_auto_init</name>
         <value>0x1</value>
      </symbol>
      <symbol id="sm-197c">
         <name>_ctypes_</name>
         <value>0x1a0f4</value>
         <object_component_ref idref="oc-406"/>
      </symbol>
      <symbol id="sm-1986">
         <name>_Errno</name>
         <value>0x38f2</value>
         <object_component_ref idref="oc-22e"/>
      </symbol>
      <symbol id="sm-1996">
         <name>feraiseexcept</name>
         <value>0x176c8</value>
         <object_component_ref idref="oc-403"/>
      </symbol>
      <symbol id="sm-1997">
         <name>_Tls_setup__Fenv</name>
         <value>0x38ea</value>
         <object_component_ref idref="oc-232"/>
      </symbol>
      <symbol id="sm-1998">
         <name>_Fenv</name>
         <value>0x38e6</value>
         <object_component_ref idref="oc-232"/>
      </symbol>
      <symbol id="sm-19bd">
         <name>fmodf</name>
         <value>0xf0a6</value>
         <object_component_ref idref="oc-432"/>
      </symbol>
      <symbol id="sm-19c6">
         <name>I_LSR</name>
         <value>0x1862c</value>
         <object_component_ref idref="oc-23d"/>
      </symbol>
      <symbol id="sm-19d3">
         <name>ltoa</name>
         <value>0x14ac4</value>
         <object_component_ref idref="oc-431"/>
      </symbol>
      <symbol id="sm-19e0">
         <name>memccpy</name>
         <value>0x178c4</value>
         <object_component_ref idref="oc-3c2"/>
      </symbol>
      <symbol id="sm-19ec">
         <name>memset</name>
         <value>0x182aa</value>
         <object_component_ref idref="oc-3bf"/>
      </symbol>
      <symbol id="sm-19f9">
         <name>raise</name>
         <value>0x178f6</value>
         <object_component_ref idref="oc-421"/>
      </symbol>
      <symbol id="sm-1a0b">
         <name>signal</name>
         <value>0x17550</value>
         <object_component_ref idref="oc-430"/>
      </symbol>
      <symbol id="sm-1a16">
         <name>strlen</name>
         <value>0x182ec</value>
         <object_component_ref idref="oc-38c"/>
      </symbol>
      <symbol id="sm-1a21">
         <name>toupper</name>
         <value>0x18470</value>
         <object_component_ref idref="oc-409"/>
      </symbol>
      <symbol id="sm-1a32">
         <name>_Dnorm</name>
         <value>0x14236</value>
         <object_component_ref idref="oc-42d"/>
      </symbol>
      <symbol id="sm-1a3c">
         <name>_FDclass</name>
         <value>0x1818e</value>
         <object_component_ref idref="oc-40a"/>
      </symbol>
      <symbol id="sm-1a4c">
         <name>_FDnorm</name>
         <value>0x144fe</value>
         <object_component_ref idref="oc-402"/>
      </symbol>
   </symbol_table>
</link_info>
